{
  "budget_seconds": 180.0,
  "started_epoch": 1788719129.5175996,
  "started_elapsed": 66441.388964041,
  "started_utc": "2026-09-06T18:25:29.517600+00:00",
  "deadline_epoch": 1788719309.5175996,
  "deadline_utc": "2026-09-06T18:28:29.517600+00:00",
  "state": "running",
  "command": [
    "flock",
    "--nonblock",
    "/home/alex_ubuntu/gc-data/.gpu.exclusive.lock",
    "/home/alex_ubuntu/empires-research/original-v1/.venv/bin/python",
    "-B",
    "-u",
    "/home/alex_ubuntu/empires-research/tools/profile_catan_worker.py",
    "--source",
    "/home/alex_ubuntu/empires-research/original-v1",
    "--output",
    "/home/alex_ubuntu/empires-research/runs/profile-20260906-control-2",
    "--parent",
    "/home/alex_ubuntu/empires-research/original-v1/training/runs/20260906-0030-gpu-baseline-20260906-r2-continuation/checkpoints/step_0148807680.pt",
    "--parent-sha256",
    "b2b65d569ef2e56bbca9e6f6ecfd41b4c0905842803e62c3aff2aeec7d96dace",
    "--binding-sha256",
    "1cedb54260dfa407135981e1fdbf35608a1b739a5168164424f02010701c0198",
    "--device",
    "cuda",
    "--gpu-lock",
    "/home/alex_ubuntu/gc-data/.gpu.exclusive.lock",
    "--seconds",
    "60",
    "--mode",
    "none"
  ],
  "watchdog_pid": 297407,
  "watchdog_identity": "6644136",
  "boot_identity": "9d36b96d-e143-4eac-b109-99b065725478",
  "watchdog_sha256": "0fe5997a05c2982988aab889c766df200e292250b3f2b674c557918065857ad0",
  "process_group": 297408,
  "process_identity": "6644138",
  "remaining_seconds": 116.9797911800124,
  "checked_epoch": 1788719192.5378125,
  "checked_utc": "2026-09-06T18:26:32.537813+00:00",
  "remaining_seconds_now": 116.36646735100658,
  "observed_utc": "2026-09-06T18:26:33.151134+00:00",
  "supervision": "live"
}
297409, [Not Found]
update 110 | step 2,703,360 | 50,463 sps | ent 1.11 | ev 0.77 | clip 0.07 | batch 24,582
final eval vs 3 random: 100.0% | avg VP 7.2 | done at step 2,703,360
final eval vs 3 heuristic: 70.5% | avg VP 6.4 | done at step 2,703,360
