Building for debugging...
[0/5] Write sources
[1/5] Write swift-version--58304C5D6DBC2206.txt
[3/5] Emitting module CatanAITests
[4/5] Compiling CatanAITests UpstreamCompoundObservationTests.swift
[4/6] Write Objects.LinkFileList
[5/6] Linking CatanAIPackageTests
Build complete! (1.10s)
Test Suite 'Selected tests' started at 2026-09-06 13:31:07.377.
Test Suite 'CatanAIPackageTests.xctest' started at 2026-09-06 13:31:07.378.
Test Suite 'CatanAIPackageTests.xctest' passed at 2026-09-06 13:31:07.378.
	 Executed 0 tests, with 0 failures (0 unexpected) in 0.000 (0.000) seconds
Test Suite 'Selected tests' passed at 2026-09-06 13:31:07.378.
	 Executed 0 tests, with 0 failures (0 unexpected) in 0.000 (0.001) seconds
◇ Test run started.
↳ Testing Library Version: 1902
↳ Target Platform: arm64e-apple-macos14.0
◇ Suite UpstreamCompoundObservationTests started.
◇ Test policyStagesMatchRust(players:scenario:) started.
◇ Test case passing 2 arguments players → 3, scenario → .knightMain to policyStagesMatchRust(players:scenario:) started.
◇ Test case passing 2 arguments players → 3, scenario → .knightPreRoll to policyStagesMatchRust(players:scenario:) started.
◇ Test case passing 2 arguments players → 3, scenario → .discardFirst to policyStagesMatchRust(players:scenario:) started.
◇ Test case passing 2 arguments players → 3, scenario → .roadBuilding to policyStagesMatchRust(players:scenario:) started.
◇ Test case passing 2 arguments players → 3, scenario → .discardSecond to policyStagesMatchRust(players:scenario:) started.
◇ Test case passing 2 arguments players → 4, scenario → .roadBuilding to policyStagesMatchRust(players:scenario:) started.
◇ Test case passing 2 arguments players → 4, scenario → .knightPreRoll to policyStagesMatchRust(players:scenario:) started.
◇ Test case passing 2 arguments players → 4, scenario → .knightMain to policyStagesMatchRust(players:scenario:) started.
◇ Test case passing 2 arguments players → 4, scenario → .discardFirst to policyStagesMatchRust(players:scenario:) started.
◇ Test case passing 2 arguments players → 4, scenario → .discardSecond to policyStagesMatchRust(players:scenario:) started.
✘ Test policyStagesMatchRust(players:scenario:) recorded an issue with 2 arguments players → 3, scenario → .roadBuilding at UpstreamCompoundObservationTests.swift:35:17: Expectation failed: (abs(vector[slot] - expected[slot]) → 0.5) < (0.000_001 → 1e-06)
↳ road-building/second-road, 3 seats, slot 1331
✘ Test policyStagesMatchRust(players:scenario:) recorded an issue with 2 arguments players → 4, scenario → .roadBuilding at UpstreamCompoundObservationTests.swift:35:17: Expectation failed: (abs(vector[slot] - expected[slot]) → 0.5) < (0.000_001 → 1e-06)
↳ road-building/second-road, 4 seats, slot 1331
✘ Test policyStagesMatchRust(players:scenario:) with 10 test cases failed after 0.085 seconds with 2 issues.
✘ Suite UpstreamCompoundObservationTests failed after 0.086 seconds with 2 issues.
✘ Test run with 1 test in 1 suite failed after 0.086 seconds with 2 issues.
