Running: ['git', 'rev-parse', 'HEAD']
Running: ['git', 'status', '--short']
Running: ['swift', 'build', '--package-path', '/private/tmp/empires-victory-target-20260906/Packages/CatanAI', '-c', 'release', '--product', 'sim']
Running: ['swift', 'build', '--package-path', '/private/tmp/empires-victory-target-20260906/Packages/CatanAI', '-c', 'release', '--show-bin-path']
Running: ['/private/tmp/empires-target-native-seed1-20260906/frozen/sim', '--list-policies', '--neural-checkpoint', '/private/tmp/empires-target-native-seed1-20260906/frozen/candidate.ctnn', '--neural-checkpoint-id', 'sha256-73b9b19a583ab81d954268b750391824c1b262e6b10dfbe251de877d5b08316d']
Running: ['/private/tmp/empires-target-native-seed1-20260906/frozen/sim', '--list-policies', '--neural-checkpoint', '/private/tmp/empires-target-native-seed1-20260906/frozen/baseline.ctnn', '--neural-checkpoint-id', 'sha256-ebf6524fc0e242965e5be3381d448a97dd0a70e9fe43a8f80a52e56f6d709863']
Running: ['swift', '--version']
swift-driver version: 1.148.6 Running: ['/private/tmp/empires-target-native-seed1-20260906/frozen/sim', '--jsonl', '--build-id', 'frozen-8df3756170533719a55192c401df492a078e1e53ef325c03fdcb372a41753d5d', '--games', '32', '--seed', '961101', '--players', '4', '--victory-points', '10', '--board', 'randomized', '--seats', 'neural-checkpoint,greedy,greedy,greedy', '--policy-audit-jsonl', '/private/tmp/empires-target-native-seed1-20260906/candidate-seat0.audit.jsonl', '--neural-checkpoint', '/private/tmp/empires-target-native-seed1-20260906/frozen/candidate.ctnn', '--neural-checkpoint-id', 'sha256-73b9b19a583ab81d954268b750391824c1b262e6b10dfbe251de877d5b08316d']
Running: ['/private/tmp/empires-target-native-seed1-20260906/frozen/sim', '--jsonl', '--build-id', 'frozen-8df3756170533719a55192c401df492a078e1e53ef325c03fdcb372a41753d5d', '--games', '32', '--seed', '961101', '--players', '4', '--victory-points', '10', '--board', 'randomized', '--seats', 'greedy,neural-checkpoint,greedy,greedy', '--policy-audit-jsonl', '/private/tmp/empires-target-native-seed1-20260906/candidate-seat1.audit.jsonl', '--neural-checkpoint', '/private/tmp/empires-target-native-seed1-20260906/frozen/candidate.ctnn', '--neural-checkpoint-id', 'sha256-73b9b19a583ab81d954268b750391824c1b262e6b10dfbe251de877d5b08316d']
Running: ['/private/tmp/empires-target-native-seed1-20260906/frozen/sim', '--jsonl', '--build-id', 'frozen-8df3756170533719a55192c401df492a078e1e53ef325c03fdcb372a41753d5d', '--games', '32', '--seed', '961101', '--players', '4', '--victory-points', '10', '--board', 'randomized', '--seats', 'greedy,greedy,neural-checkpoint,greedy', '--policy-audit-jsonl', '/private/tmp/empires-target-native-seed1-20260906/candidate-seat2.audit.jsonl', '--neural-checkpoint', '/private/tmp/empires-target-native-seed1-20260906/frozen/candidate.ctnn', '--neural-checkpoint-id', 'sha256-73b9b19a583ab81d954268b750391824c1b262e6b10dfbe251de877d5b08316d']
Running: ['/private/tmp/empires-target-native-seed1-20260906/frozen/sim', '--jsonl', '--build-id', 'frozen-8df3756170533719a55192c401df492a078e1e53ef325c03fdcb372a41753d5d', '--games', '32', '--seed', '961101', '--players', '4', '--victory-points', '10', '--board', 'randomized', '--seats', 'greedy,greedy,greedy,neural-checkpoint', '--policy-audit-jsonl', '/private/tmp/empires-target-native-seed1-20260906/candidate-seat3.audit.jsonl', '--neural-checkpoint', '/private/tmp/empires-target-native-seed1-20260906/frozen/candidate.ctnn', '--neural-checkpoint-id', 'sha256-73b9b19a583ab81d954268b750391824c1b262e6b10dfbe251de877d5b08316d']
Running: ['/private/tmp/empires-target-native-seed1-20260906/frozen/sim', '--jsonl', '--build-id', 'frozen-8df3756170533719a55192c401df492a078e1e53ef325c03fdcb372a41753d5d', '--games', '32', '--seed', '961101', '--players', '4', '--victory-points', '10', '--board', 'randomized', '--seats', 'neural-checkpoint,greedy,greedy,greedy', '--policy-audit-jsonl', '/private/tmp/empires-target-native-seed1-20260906/baseline-seat0.audit.jsonl', '--neural-checkpoint', '/private/tmp/empires-target-native-seed1-20260906/frozen/baseline.ctnn', '--neural-checkpoint-id', 'sha256-ebf6524fc0e242965e5be3381d448a97dd0a70e9fe43a8f80a52e56f6d709863']
Running: ['/private/tmp/empires-target-native-seed1-20260906/frozen/sim', '--jsonl', '--build-id', 'frozen-8df3756170533719a55192c401df492a078e1e53ef325c03fdcb372a41753d5d', '--games', '32', '--seed', '961101', '--players', '4', '--victory-points', '10', '--board', 'randomized', '--seats', 'greedy,neural-checkpoint,greedy,greedy', '--policy-audit-jsonl', '/private/tmp/empires-target-native-seed1-20260906/baseline-seat1.audit.jsonl', '--neural-checkpoint', '/private/tmp/empires-target-native-seed1-20260906/frozen/baseline.ctnn', '--neural-checkpoint-id', 'sha256-ebf6524fc0e242965e5be3381d448a97dd0a70e9fe43a8f80a52e56f6d709863']
Running: ['/private/tmp/empires-target-native-seed1-20260906/frozen/sim', '--jsonl', '--build-id', 'frozen-8df3756170533719a55192c401df492a078e1e53ef325c03fdcb372a41753d5d', '--games', '32', '--seed', '961101', '--players', '4', '--victory-points', '10', '--board', 'randomized', '--seats', 'greedy,greedy,neural-checkpoint,greedy', '--policy-audit-jsonl', '/private/tmp/empires-target-native-seed1-20260906/baseline-seat2.audit.jsonl', '--neural-checkpoint', '/private/tmp/empires-target-native-seed1-20260906/frozen/baseline.ctnn', '--neural-checkpoint-id', 'sha256-ebf6524fc0e242965e5be3381d448a97dd0a70e9fe43a8f80a52e56f6d709863']
Running: ['/private/tmp/empires-target-native-seed1-20260906/frozen/sim', '--jsonl', '--build-id', 'frozen-8df3756170533719a55192c401df492a078e1e53ef325c03fdcb372a41753d5d', '--games', '32', '--seed', '961101', '--players', '4', '--victory-points', '10', '--board', 'randomized', '--seats', 'greedy,greedy,greedy,neural-checkpoint', '--policy-audit-jsonl', '/private/tmp/empires-target-native-seed1-20260906/baseline-seat3.audit.jsonl', '--neural-checkpoint', '/private/tmp/empires-target-native-seed1-20260906/frozen/baseline.ctnn', '--neural-checkpoint-id', 'sha256-ebf6524fc0e242965e5be3381d448a97dd0a70e9fe43a8f80a52e56f6d709863']
Traceback (most recent call last):
  File "/private/tmp/empires-victory-target-20260906/scripts/evaluate-bots.py", line 508, in <module>
    raise SystemExit(main())
                     ~~~~^^
  File "/private/tmp/empires-victory-target-20260906/scripts/evaluate-bots.py", line 481, in main
    worker(output)
    ~~~~~~^^^^^^^^
  File "/private/tmp/empires-victory-target-20260906/scripts/evaluate-bots.py", line 455, in worker
    arm: run_arm(config, arm, binary, build_id, policies[arm], output)
         ~~~~~~~^^^^^^^^^^^^^^^^^^^^^^^^^^^^^^^^^^^^^^^^^^^^^^^^^^^^^^
  File "/private/tmp/empires-victory-target-20260906/scripts/evaluate-bots.py", line 249, in run_arm
    validate_shard(shard, config)
    ~~~~~~~~~~~~~~^^^^^^^^^^^^^^^
  File "/private/tmp/empires-victory-target-20260906/scripts/evaluate-bots.py", line 270, in validate_shard
    raise ValueError(f"{path.name}: incomplete smoke game; raw result retained")
ValueError: baseline-seat3.jsonl: incomplete smoke game; raw result retained
