resumed from /home/alex_ubuntu/empires-research/original-v1/training/runs/20260906-0030-gpu-baseline-20260906-r2-continuation/checkpoints/step_0148807680.pt at step 148,807,680
net params: 1,108,268 | device cuda
run dir: /home/alex_ubuntu/empires-research/original-v1/training/runs/20260906-1627-profile-none-80fefd3579ab47a0a389bbc91a36f129
metrics: /home/alex_ubuntu/empires-research/original-v1/training/runs/20260906-1627-profile-none-80fefd3579ab47a0a389bbc91a36f129/metrics.jsonl
update 1 | step 24,576 | 28,251 sps | ent 1.03 | ev 0.75 | clip 0.06 | batch 24,064
update 2 | step 49,152 | 47,392 sps | ent 0.93 | ev 0.91 | clip 0.07 | batch 24,578
update 3 | step 73,728 | 46,156 sps | ent 1.01 | ev 0.91 | clip 0.12 | batch 24,578
update 4 | step 98,304 | 50,162 sps | ent 0.93 | ev 0.86 | clip 0.09 | batch 24,575
update 5 | step 122,880 | 51,100 sps | ent 0.98 | ev 0.84 | clip 0.08 | batch 24,573
update 6 | step 147,456 | 49,980 sps | ent 0.92 | ev 0.85 | clip 0.09 | batch 24,578
update 7 | step 172,032 | 52,166 sps | ent 0.98 | ev 0.84 | clip 0.07 | batch 24,575
update 8 | step 196,608 | 51,338 sps | ent 0.97 | ev 0.86 | clip 0.08 | batch 24,576
update 9 | step 221,184 | 49,486 sps | ent 0.94 | ev 0.86 | clip 0.07 | batch 24,579
update 10 | step 245,760 | 51,877 sps | ent 0.95 | ev 0.84 | clip 0.08 | batch 24,573
update 11 | step 270,336 | 50,812 sps | ent 0.99 | ev 0.87 | clip 0.09 | batch 24,578
update 12 | step 294,912 | 50,628 sps | ent 0.87 | ev 0.84 | clip 0.11 | batch 24,577
update 13 | step 319,488 | 46,075 sps | ent 0.97 | ev 0.84 | clip 0.08 | batch 24,573
update 14 | step 344,064 | 46,950 sps | ent 0.99 | ev 0.85 | clip 0.08 | batch 24,579
update 15 | step 368,640 | 52,022 sps | ent 0.99 | ev 0.86 | clip 0.07 | batch 24,576
update 16 | step 393,216 | 52,451 sps | ent 0.99 | ev 0.85 | clip 0.08 | batch 24,572
  eval vs 3 random: 100.0% (96 games, baseline 25%)
  eval vs 3 heuristic: 59.4% (96 games, baseline 25%)
update 17 | step 417,792 | 51,104 sps | ent 0.92 | ev 0.85 | clip 0.07 | batch 24,577
update 18 | step 442,368 | 51,926 sps | ent 1.09 | ev 0.88 | clip 0.10 | batch 24,579
update 19 | step 466,944 | 51,392 sps | ent 0.99 | ev 0.84 | clip 0.07 | batch 24,576
update 20 | step 491,520 | 48,274 sps | ent 1.12 | ev 0.86 | clip 0.07 | batch 24,577
update 21 | step 516,096 | 53,266 sps | ent 0.99 | ev 0.86 | clip 0.08 | batch 24,573
update 22 | step 540,672 | 52,544 sps | ent 0.95 | ev 0.84 | clip 0.06 | batch 24,577
update 23 | step 565,248 | 50,275 sps | ent 0.99 | ev 0.86 | clip 0.07 | batch 24,575
update 24 | step 589,824 | 46,453 sps | ent 0.99 | ev 0.84 | clip 0.07 | batch 24,575
update 25 | step 614,400 | 44,888 sps | ent 0.98 | ev 0.83 | clip 0.07 | batch 24,579
update 26 | step 638,976 | 50,065 sps | ent 0.99 | ev 0.85 | clip 0.07 | batch 24,580
update 27 | step 663,552 | 52,866 sps | ent 1.01 | ev 0.89 | clip 0.07 | batch 24,568
update 28 | step 688,128 | 48,467 sps | ent 0.98 | ev 0.88 | clip 0.08 | batch 24,579
update 29 | step 712,704 | 49,826 sps | ent 1.00 | ev 0.86 | clip 0.07 | batch 24,574
update 30 | step 737,280 | 49,229 sps | ent 1.01 | ev 0.86 | clip 0.07 | batch 24,578
update 31 | step 761,856 | 51,787 sps | ent 1.00 | ev 0.87 | clip 0.07 | batch 24,575
update 32 | step 786,432 | 51,920 sps | ent 1.01 | ev 0.86 | clip 0.06 | batch 24,576
  eval vs 3 random: 100.0% (96 games, baseline 25%)
  eval vs 3 heuristic: 62.5% (96 games, baseline 25%)
update 33 | step 811,008 | 49,327 sps | ent 1.00 | ev 0.86 | clip 0.07 | batch 24,576
update 34 | step 835,584 | 48,344 sps | ent 1.01 | ev 0.85 | clip 0.07 | batch 24,577
update 35 | step 860,160 | 49,591 sps | ent 1.01 | ev 0.82 | clip 0.07 | batch 24,576
update 36 | step 884,736 | 50,280 sps | ent 0.95 | ev 0.87 | clip 0.10 | batch 24,577
update 37 | step 909,312 | 52,229 sps | ent 1.00 | ev 0.88 | clip 0.08 | batch 24,573
update 38 | step 933,888 | 49,923 sps | ent 0.99 | ev 0.88 | clip 0.07 | batch 24,578
update 39 | step 958,464 | 51,285 sps | ent 1.09 | ev 0.87 | clip 0.07 | batch 24,577
update 40 | step 983,040 | 49,286 sps | ent 1.01 | ev 0.86 | clip 0.07 | batch 24,575
update 41 | step 1,007,616 | 50,038 sps | ent 0.94 | ev 0.87 | clip 0.07 | batch 24,577
update 42 | step 1,032,192 | 51,963 sps | ent 1.00 | ev 0.87 | clip 0.07 | batch 24,573
update 43 | step 1,056,768 | 48,295 sps | ent 0.98 | ev 0.86 | clip 0.07 | batch 24,580
update 44 | step 1,081,344 | 48,616 sps | ent 1.03 | ev 0.87 | clip 0.07 | batch 24,575
update 45 | step 1,105,920 | 50,881 sps | ent 1.02 | ev 0.88 | clip 0.07 | batch 24,573
update 46 | step 1,130,496 | 49,100 sps | ent 1.02 | ev 0.86 | clip 0.10 | batch 24,579
update 47 | step 1,155,072 | 52,206 sps | ent 1.01 | ev 0.83 | clip 0.07 | batch 24,575
update 48 | step 1,179,648 | 53,939 sps | ent 1.02 | ev 0.86 | clip 0.06 | batch 24,573
  eval vs 3 random: 100.0% (96 games, baseline 25%)
  eval vs 3 heuristic: 67.7% (96 games, baseline 25%)
update 49 | step 1,204,224 | 51,416 sps | ent 1.01 | ev 0.88 | clip 0.06 | batch 24,576
update 50 | step 1,228,800 | 50,120 sps | ent 1.02 | ev 0.89 | clip 0.07 | batch 24,577
update 51 | step 1,253,376 | 51,939 sps | ent 1.01 | ev 0.87 | clip 0.07 | batch 24,576
update 52 | step 1,277,952 | 51,790 sps | ent 1.08 | ev 0.86 | clip 0.09 | batch 24,580
update 53 | step 1,302,528 | 53,450 sps | ent 1.02 | ev 0.88 | clip 0.07 | batch 24,575
update 54 | step 1,327,104 | 49,488 sps | ent 1.00 | ev 0.88 | clip 0.06 | batch 24,575
update 55 | step 1,351,680 | 52,595 sps | ent 1.03 | ev 0.88 | clip 0.06 | batch 24,576
update 56 | step 1,376,256 | 51,692 sps | ent 1.06 | ev 0.87 | clip 0.10 | batch 24,577
update 57 | step 1,400,832 | 53,086 sps | ent 1.02 | ev 0.87 | clip 0.07 | batch 24,572
update 58 | step 1,425,408 | 51,762 sps | ent 1.02 | ev 0.85 | clip 0.07 | batch 24,576
update 59 | step 1,449,984 | 49,143 sps | ent 0.95 | ev 0.85 | clip 0.10 | batch 24,581
update 60 | step 1,474,560 | 52,906 sps | ent 1.00 | ev 0.86 | clip 0.07 | batch 24,573
update 61 | step 1,499,136 | 51,261 sps | ent 1.02 | ev 0.85 | clip 0.06 | batch 24,575
update 62 | step 1,523,712 | 49,819 sps | ent 0.97 | ev 0.86 | clip 0.08 | batch 24,578
update 63 | step 1,548,288 | 50,879 sps | ent 1.00 | ev 0.86 | clip 0.07 | batch 24,575
update 64 | step 1,572,864 | 51,683 sps | ent 1.02 | ev 0.85 | clip 0.06 | batch 24,576
  eval vs 3 random: 100.0% (96 games, baseline 25%)
  eval vs 3 heuristic: 69.8% (96 games, baseline 25%)
update 65 | step 1,597,440 | 49,554 sps | ent 1.02 | ev 0.86 | clip 0.06 | batch 24,575
update 66 | step 1,622,016 | 52,435 sps | ent 1.01 | ev 0.87 | clip 0.06 | batch 24,576
update 67 | step 1,646,592 | 46,936 sps | ent 1.03 | ev 0.89 | clip 0.06 | batch 24,577
update 68 | step 1,671,168 | 52,071 sps | ent 1.01 | ev 0.88 | clip 0.07 | batch 24,574
update 69 | step 1,695,744 | 48,380 sps | ent 1.06 | ev 0.86 | clip 0.08 | batch 24,585
update 70 | step 1,720,320 | 49,362 sps | ent 1.01 | ev 0.88 | clip 0.07 | batch 24,569
update 71 | step 1,744,896 | 45,596 sps | ent 0.95 | ev 0.86 | clip 0.09 | batch 24,579
update 72 | step 1,769,472 | 51,643 sps | ent 1.03 | ev 0.87 | clip 0.07 | batch 24,574
update 73 | step 1,794,048 | 52,013 sps | ent 1.03 | ev 0.89 | clip 0.07 | batch 24,573
update 74 | step 1,818,624 | 49,388 sps | ent 1.05 | ev 0.87 | clip 0.07 | batch 24,576
update 75 | step 1,843,200 | 47,043 sps | ent 1.06 | ev 0.86 | clip 0.14 | batch 24,577
update 76 | step 1,867,776 | 49,053 sps | ent 1.07 | ev 0.88 | clip 0.06 | batch 24,577
update 77 | step 1,892,352 | 48,338 sps | ent 1.04 | ev 0.86 | clip 0.07 | batch 24,574
update 78 | step 1,916,928 | 52,706 sps | ent 1.01 | ev 0.89 | clip 0.07 | batch 24,576
update 79 | step 1,941,504 | 45,125 sps | ent 1.00 | ev 0.89 | clip 0.07 | batch 24,578
update 80 | step 1,966,080 | 45,791 sps | ent 1.02 | ev 0.87 | clip 0.07 | batch 24,575
  eval vs 3 random: 100.0% (97 games, baseline 25%)
  eval vs 3 heuristic: 67.0% (97 games, baseline 25%)
update 81 | step 1,990,656 | 48,820 sps | ent 1.05 | ev 0.88 | clip 0.08 | batch 24,580
update 82 | step 2,015,232 | 53,198 sps | ent 1.04 | ev 0.87 | clip 0.07 | batch 24,575
update 83 | step 2,039,808 | 52,827 sps | ent 1.02 | ev 0.86 | clip 0.07 | batch 24,574
update 84 | step 2,064,384 | 48,931 sps | ent 1.02 | ev 0.85 | clip 0.06 | batch 24,576
update 85 | step 2,088,960 | 49,138 sps | ent 1.03 | ev 0.86 | clip 0.07 | batch 24,574
update 86 | step 2,113,536 | 47,064 sps | ent 1.08 | ev 0.87 | clip 0.06 | batch 24,578
update 87 | step 2,138,112 | 51,227 sps | ent 1.03 | ev 0.88 | clip 0.07 | batch 24,576
update 88 | step 2,162,688 | 51,572 sps | ent 1.02 | ev 0.89 | clip 0.07 | batch 24,574
update 89 | step 2,187,264 | 48,923 sps | ent 1.10 | ev 0.84 | clip 0.06 | batch 24,579
update 90 | step 2,211,840 | 53,174 sps | ent 1.03 | ev 0.86 | clip 0.07 | batch 24,575
update 91 | step 2,236,416 | 52,886 sps | ent 1.04 | ev 0.84 | clip 0.07 | batch 24,574
update 92 | step 2,260,992 | 51,125 sps | ent 1.07 | ev 0.85 | clip 0.12 | batch 24,578
update 93 | step 2,285,568 | 50,230 sps | ent 1.03 | ev 0.86 | clip 0.07 | batch 24,575
update 94 | step 2,310,144 | 46,612 sps | ent 1.01 | ev 0.85 | clip 0.06 | batch 24,578
update 95 | step 2,334,720 | 53,050 sps | ent 1.03 | ev 0.86 | clip 0.07 | batch 24,575
update 96 | step 2,359,296 | 48,103 sps | ent 1.02 | ev 0.87 | clip 0.07 | batch 24,574
  eval vs 3 random: 99.0% (96 games, baseline 25%)
  eval vs 3 heuristic: 78.1% (96 games, baseline 25%)
update 97 | step 2,383,872 | 46,497 sps | ent 1.01 | ev 0.82 | clip 0.07 | batch 24,582
update 98 | step 2,408,448 | 50,107 sps | ent 1.03 | ev 0.84 | clip 0.07 | batch 24,571
update 99 | step 2,433,024 | 45,818 sps | ent 1.00 | ev 0.86 | clip 0.06 | batch 24,577
update 100 | step 2,457,600 | 45,352 sps | ent 1.02 | ev 0.84 | clip 0.06 | batch 24,578
update 101 | step 2,482,176 | 50,968 sps | ent 1.04 | ev 0.88 | clip 0.06 | batch 24,572
update 102 | step 2,506,752 | 47,121 sps | ent 1.01 | ev 0.85 | clip 0.06 | batch 24,579
update 103 | step 2,531,328 | 46,337 sps | ent 1.05 | ev 0.88 | clip 0.06 | batch 24,576
update 104 | step 2,555,904 | 47,677 sps | ent 1.03 | ev 0.88 | clip 0.07 | batch 24,574
update 105 | step 2,580,480 | 45,545 sps | ent 1.19 | ev 0.88 | clip 0.07 | batch 24,577
update 106 | step 2,605,056 | 49,992 sps | ent 0.96 | ev 0.88 | clip 0.06 | batch 24,577
update 107 | step 2,629,632 | 48,003 sps | ent 1.04 | ev 0.84 | clip 0.06 | batch 24,575
update 108 | step 2,654,208 | 48,426 sps | ent 1.05 | ev 0.86 | clip 0.06 | batch 24,576
update 109 | step 2,678,784 | 50,553 sps | ent 1.09 | ev 0.86 | clip 0.08 | batch 24,583
update 110 | step 2,703,360 | 46,477 sps | ent 1.05 | ev 0.89 | clip 0.07 | batch 24,570
update 111 | step 2,727,936 | 47,769 sps | ent 1.03 | ev 0.85 | clip 0.07 | batch 24,575
update 112 | step 2,752,512 | 45,599 sps | ent 1.03 | ev 0.87 | clip 0.07 | batch 24,576
  eval vs 3 random: 100.0% (96 games, baseline 25%)
  eval vs 3 heuristic: 79.2% (96 games, baseline 25%)
update 113 | step 2,777,088 | 44,266 sps | ent 1.05 | ev 0.87 | clip 0.10 | batch 24,577
update 114 | step 2,801,664 | 51,192 sps | ent 1.04 | ev 0.86 | clip 0.06 | batch 24,576
update 115 | step 2,826,240 | 51,194 sps | ent 1.05 | ev 0.83 | clip 0.06 | batch 24,575
update 116 | step 2,850,816 | 50,867 sps | ent 0.95 | ev 0.88 | clip 0.06 | batch 24,577
update 117 | step 2,875,392 | 52,153 sps | ent 1.04 | ev 0.86 | clip 0.07 | batch 24,574
update 118 | step 2,899,968 | 49,000 sps | ent 1.06 | ev 0.87 | clip 0.10 | batch 24,578
update 119 | step 2,924,544 | 52,075 sps | ent 1.04 | ev 0.88 | clip 0.07 | batch 24,575
update 120 | step 2,949,120 | 52,641 sps | ent 1.04 | ev 0.84 | clip 0.06 | batch 24,576
update 121 | step 2,973,696 | 51,443 sps | ent 1.11 | ev 0.86 | clip 0.07 | batch 24,577
update 122 | step 2,998,272 | 51,893 sps | ent 1.02 | ev 0.87 | clip 0.07 | batch 24,576
update 123 | step 3,022,848 | 45,101 sps | ent 0.95 | ev 0.86 | clip 0.08 | batch 24,578
update 124 | step 3,047,424 | 50,881 sps | ent 1.08 | ev 0.87 | clip 0.06 | batch 24,577
update 125 | step 3,072,000 | 49,611 sps | ent 1.02 | ev 0.88 | clip 0.07 | batch 24,575
update 126 | step 3,096,576 | 49,045 sps | ent 1.01 | ev 0.86 | clip 0.06 | batch 24,571
update 127 | step 3,121,152 | 52,333 sps | ent 1.02 | ev 0.86 | clip 0.07 | batch 24,576
update 128 | step 3,145,728 | 46,555 sps | ent 1.03 | ev 0.87 | clip 0.08 | batch 24,584
  eval vs 3 random: 100.0% (96 games, baseline 25%)
  eval vs 3 heuristic: 72.9% (96 games, baseline 25%)
update 129 | step 3,170,304 | 49,355 sps | ent 1.01 | ev 0.90 | clip 0.06 | batch 24,568
update 130 | step 3,194,880 | 50,067 sps | ent 1.00 | ev 0.88 | clip 0.07 | batch 24,579
update 131 | step 3,219,456 | 51,811 sps | ent 1.03 | ev 0.87 | clip 0.06 | batch 24,576
update 132 | step 3,244,032 | 50,050 sps | ent 1.03 | ev 0.86 | clip 0.09 | batch 24,582
update 133 | step 3,268,608 | 49,352 sps | ent 1.04 | ev 0.86 | clip 0.06 | batch 24,570
update 134 | step 3,293,184 | 51,992 sps | ent 1.03 | ev 0.85 | clip 0.06 | batch 24,573
update 135 | step 3,317,760 | 49,574 sps | ent 1.01 | ev 0.85 | clip 0.08 | batch 24,578
update 136 | step 3,342,336 | 48,454 sps | ent 1.04 | ev 0.87 | clip 0.07 | batch 24,576
update 137 | step 3,366,912 | 48,001 sps | ent 1.03 | ev 0.87 | clip 0.06 | batch 24,576
update 138 | step 3,391,488 | 47,097 sps | ent 1.04 | ev 0.88 | clip 0.06 | batch 24,575
update 139 | step 3,416,064 | 50,091 sps | ent 1.05 | ev 0.86 | clip 0.06 | batch 24,577
update 140 | step 3,440,640 | 51,539 sps | ent 1.05 | ev 0.88 | clip 0.07 | batch 24,574
update 141 | step 3,465,216 | 50,278 sps | ent 1.03 | ev 0.87 | clip 0.08 | batch 24,578
update 142 | step 3,489,792 | 47,327 sps | ent 1.10 | ev 0.88 | clip 0.07 | batch 24,577
update 143 | step 3,514,368 | 45,759 sps | ent 0.91 | ev 0.86 | clip 0.07 | batch 24,578
update 144 | step 3,538,944 | 50,734 sps | ent 1.04 | ev 0.86 | clip 0.06 | batch 24,571
  eval vs 3 random: 100.0% (96 games, baseline 25%)
  eval vs 3 heuristic: 69.8% (96 games, baseline 25%)
update 145 | step 3,563,520 | 49,592 sps | ent 1.05 | ev 0.88 | clip 0.08 | batch 24,581
update 146 | step 3,588,096 | 52,484 sps | ent 1.05 | ev 0.86 | clip 0.06 | batch 24,573
update 147 | step 3,612,672 | 50,858 sps | ent 0.99 | ev 0.87 | clip 0.06 | batch 24,578
update 148 | step 3,637,248 | 52,362 sps | ent 1.06 | ev 0.85 | clip 0.06 | batch 24,572
update 149 | step 3,661,824 | 50,735 sps | ent 1.06 | ev 0.86 | clip 0.07 | batch 24,581
update 150 | step 3,686,400 | 49,300 sps | ent 1.06 | ev 0.86 | clip 0.06 | batch 24,573
update 151 | step 3,710,976 | 51,972 sps | ent 1.06 | ev 0.86 | clip 0.06 | batch 24,574
update 152 | step 3,735,552 | 47,457 sps | ent 1.03 | ev 0.85 | clip 0.07 | batch 24,579
update 153 | step 3,760,128 | 49,047 sps | ent 1.02 | ev 0.87 | clip 0.07 | batch 24,574
update 154 | step 3,784,704 | 50,604 sps | ent 0.95 | ev 0.85 | clip 0.06 | batch 24,579
update 155 | step 3,809,280 | 49,810 sps | ent 1.03 | ev 0.88 | clip 0.07 | batch 24,573
update 156 | step 3,833,856 | 51,998 sps | ent 1.02 | ev 0.86 | clip 0.06 | batch 24,576
update 157 | step 3,858,432 | 51,445 sps | ent 1.03 | ev 0.87 | clip 0.06 | batch 24,576
update 158 | step 3,883,008 | 51,581 sps | ent 1.04 | ev 0.88 | clip 0.06 | batch 24,576
update 159 | step 3,907,584 | 47,131 sps | ent 1.06 | ev 0.88 | clip 0.11 | batch 24,578
update 160 | step 3,932,160 | 49,583 sps | ent 1.04 | ev 0.88 | clip 0.06 | batch 24,575
  eval vs 3 random: 100.0% (96 games, baseline 25%)
  eval vs 3 heuristic: 67.7% (96 games, baseline 25%)
update 161 | step 3,956,736 | 48,303 sps | ent 1.02 | ev 0.89 | clip 0.07 | batch 24,576
update 162 | step 3,981,312 | 48,259 sps | ent 1.04 | ev 0.90 | clip 0.10 | batch 24,577
update 163 | step 4,005,888 | 50,288 sps | ent 1.11 | ev 0.88 | clip 0.06 | batch 24,577
update 164 | step 4,030,464 | 51,639 sps | ent 1.01 | ev 0.87 | clip 0.07 | batch 24,574
update 165 | step 4,055,040 | 51,117 sps | ent 1.03 | ev 0.85 | clip 0.08 | batch 24,584
update 166 | step 4,079,616 | 51,189 sps | ent 1.04 | ev 0.87 | clip 0.07 | batch 24,573
update 167 | step 4,104,192 | 50,159 sps | ent 1.03 | ev 0.86 | clip 0.06 | batch 24,576
update 168 | step 4,128,768 | 48,244 sps | ent 1.02 | ev 0.87 | clip 0.07 | batch 24,570
update 169 | step 4,153,344 | 51,442 sps | ent 1.08 | ev 0.89 | clip 0.06 | batch 24,579
update 170 | step 4,177,920 | 52,425 sps | ent 1.04 | ev 0.86 | clip 0.06 | batch 24,574
update 171 | step 4,202,496 | 48,221 sps | ent 1.06 | ev 0.86 | clip 0.06 | batch 24,577
update 172 | step 4,227,072 | 51,916 sps | ent 1.05 | ev 0.85 | clip 0.07 | batch 24,574
update 173 | step 4,251,648 | 47,711 sps | ent 1.09 | ev 0.88 | clip 0.09 | batch 24,579
update 174 | step 4,276,224 | 51,334 sps | ent 1.05 | ev 0.86 | clip 0.07 | batch 24,576
update 175 | step 4,300,800 | 52,613 sps | ent 1.04 | ev 0.85 | clip 0.06 | batch 24,572
update 176 | step 4,325,376 | 49,410 sps | ent 1.05 | ev 0.85 | clip 0.06 | batch 24,576
  eval vs 3 random: 100.0% (97 games, baseline 25%)
  eval vs 3 heuristic: 69.8% (96 games, baseline 25%)
update 177 | step 4,349,952 | 46,007 sps | ent 1.08 | ev 0.88 | clip 0.06 | batch 24,579
update 178 | step 4,374,528 | 48,491 sps | ent 1.04 | ev 0.87 | clip 0.06 | batch 24,576
update 179 | step 4,399,104 | 48,044 sps | ent 1.05 | ev 0.87 | clip 0.06 | batch 24,576
update 180 | step 4,423,680 | 48,786 sps | ent 1.05 | ev 0.86 | clip 0.06 | batch 24,574
update 181 | step 4,448,256 | 49,057 sps | ent 0.98 | ev 0.86 | clip 0.08 | batch 24,578
update 182 | step 4,472,832 | 45,667 sps | ent 1.09 | ev 0.86 | clip 0.09 | batch 24,577
update 183 | step 4,497,408 | 51,265 sps | ent 1.04 | ev 0.86 | clip 0.06 | batch 24,577
update 184 | step 4,521,984 | 50,689 sps | ent 1.04 | ev 0.88 | clip 0.06 | batch 24,572
update 185 | step 4,546,560 | 50,827 sps | ent 1.05 | ev 0.87 | clip 0.06 | batch 24,577
update 186 | step 4,571,136 | 49,403 sps | ent 1.02 | ev 0.86 | clip 0.06 | batch 24,575
update 187 | step 4,595,712 | 50,038 sps | ent 1.03 | ev 0.87 | clip 0.09 | batch 24,583
update 188 | step 4,620,288 | 47,059 sps | ent 1.04 | ev 0.88 | clip 0.07 | batch 24,571
update 189 | step 4,644,864 | 52,393 sps | ent 1.04 | ev 0.89 | clip 0.06 | batch 24,573
update 190 | step 4,669,440 | 49,160 sps | ent 1.06 | ev 0.87 | clip 0.07 | batch 24,579
update 191 | step 4,694,016 | 51,514 sps | ent 1.04 | ev 0.87 | clip 0.07 | batch 24,575
update 192 | step 4,718,592 | 52,075 sps | ent 1.03 | ev 0.87 | clip 0.06 | batch 24,574
  eval vs 3 random: 100.0% (96 games, baseline 25%)
  eval vs 3 heuristic: 75.0% (96 games, baseline 25%)
update 193 | step 4,743,168 | 44,615 sps | ent 1.00 | ev 0.88 | clip 0.07 | batch 24,577
update 194 | step 4,767,744 | 50,793 sps | ent 0.98 | ev 0.87 | clip 0.09 | batch 24,577
update 195 | step 4,792,320 | 50,784 sps | ent 0.99 | ev 0.84 | clip 0.06 | batch 24,579
update 196 | step 4,816,896 | 52,342 sps | ent 1.03 | ev 0.87 | clip 0.07 | batch 24,574
update 197 | step 4,841,472 | 51,431 sps | ent 1.03 | ev 0.89 | clip 0.07 | batch 24,575
update 198 | step 4,866,048 | 46,244 sps | ent 1.03 | ev 0.89 | clip 0.07 | batch 24,576
update 199 | step 4,890,624 | 47,862 sps | ent 1.03 | ev 0.86 | clip 0.06 | batch 24,574
update 200 | step 4,915,200 | 49,577 sps | ent 1.07 | ev 0.86 | clip 0.07 | batch 24,579
update 201 | step 4,939,776 | 49,472 sps | ent 0.99 | ev 0.87 | clip 0.06 | batch 24,577
update 202 | step 4,964,352 | 46,084 sps | ent 1.02 | ev 0.83 | clip 0.07 | batch 24,575
update 203 | step 4,988,928 | 48,008 sps | ent 1.03 | ev 0.86 | clip 0.06 | batch 24,574
update 204 | step 5,013,504 | 46,032 sps | ent 1.03 | ev 0.88 | clip 0.08 | batch 24,582
update 205 | step 5,038,080 | 52,443 sps | ent 1.04 | ev 0.87 | clip 0.07 | batch 24,571
update 206 | step 5,062,656 | 51,230 sps | ent 1.03 | ev 0.87 | clip 0.07 | batch 24,576
update 207 | step 5,087,232 | 49,944 sps | ent 1.02 | ev 0.86 | clip 0.07 | batch 24,575
update 208 | step 5,111,808 | 46,544 sps | ent 1.06 | ev 0.85 | clip 0.06 | batch 24,577
  eval vs 3 random: 100.0% (96 games, baseline 25%)
  eval vs 3 heuristic: 66.7% (96 games, baseline 25%)
update 209 | step 5,136,384 | 48,367 sps | ent 0.98 | ev 0.85 | clip 0.07 | batch 24,579
update 210 | step 5,160,960 | 48,110 sps | ent 1.03 | ev 0.89 | clip 0.07 | batch 24,571
update 211 | step 5,185,536 | 49,910 sps | ent 1.08 | ev 0.85 | clip 0.08 | batch 24,578
update 212 | step 5,210,112 | 46,192 sps | ent 1.03 | ev 0.85 | clip 0.07 | batch 24,580
update 213 | step 5,234,688 | 51,752 sps | ent 1.04 | ev 0.85 | clip 0.07 | batch 24,571
update 214 | step 5,259,264 | 51,964 sps | ent 1.03 | ev 0.86 | clip 0.06 | batch 24,576
update 215 | step 5,283,840 | 50,253 sps | ent 1.06 | ev 0.87 | clip 0.06 | batch 24,577
update 216 | step 5,308,416 | 45,116 sps | ent 1.02 | ev 0.87 | clip 0.07 | batch 24,583
update 217 | step 5,332,992 | 51,720 sps | ent 1.02 | ev 0.88 | clip 0.06 | batch 24,570
update 218 | step 5,357,568 | 50,108 sps | ent 1.04 | ev 0.87 | clip 0.06 | batch 24,574
update 219 | step 5,382,144 | 50,249 sps | ent 1.11 | ev 0.87 | clip 0.08 | batch 24,578
update 220 | step 5,406,720 | 52,420 sps | ent 1.04 | ev 0.89 | clip 0.07 | batch 24,576
update 221 | step 5,431,296 | 51,354 sps | ent 1.04 | ev 0.88 | clip 0.07 | batch 24,573
update 222 | step 5,455,872 | 50,804 sps | ent 1.05 | ev 0.89 | clip 0.08 | batch 24,583
update 223 | step 5,480,448 | 49,239 sps | ent 1.02 | ev 0.87 | clip 0.07 | batch 24,570
update 224 | step 5,505,024 | 50,731 sps | ent 1.08 | ev 0.88 | clip 0.07 | batch 24,577
  eval vs 3 random: 100.0% (96 games, baseline 25%)
  eval vs 3 heuristic: 70.8% (96 games, baseline 25%)
update 225 | step 5,529,600 | 49,621 sps | ent 1.02 | ev 0.86 | clip 0.07 | batch 24,576
update 226 | step 5,554,176 | 50,634 sps | ent 1.02 | ev 0.86 | clip 0.07 | batch 24,574
update 227 | step 5,578,752 | 50,599 sps | ent 0.99 | ev 0.84 | clip 0.06 | batch 24,578
update 228 | step 5,603,328 | 50,488 sps | ent 1.04 | ev 0.87 | clip 0.07 | batch 24,576
update 229 | step 5,627,904 | 48,362 sps | ent 1.08 | ev 0.86 | clip 0.06 | batch 24,577
update 230 | step 5,652,480 | 51,730 sps | ent 1.04 | ev 0.86 | clip 0.06 | batch 24,575
update 231 | step 5,677,056 | 49,593 sps | ent 0.99 | ev 0.85 | clip 0.09 | batch 24,577
update 232 | step 5,701,632 | 50,036 sps | ent 1.12 | ev 0.85 | clip 0.10 | batch 24,578
update 233 | step 5,726,208 | 49,749 sps | ent 1.03 | ev 0.89 | clip 0.07 | batch 24,571
update 234 | step 5,750,784 | 49,222 sps | ent 1.12 | ev 0.89 | clip 0.08 | batch 24,578
update 235 | step 5,775,360 | 49,995 sps | ent 0.95 | ev 0.88 | clip 0.06 | batch 24,577
update 236 | step 5,799,936 | 51,537 sps | ent 1.04 | ev 0.86 | clip 0.07 | batch 24,574
update 237 | step 5,824,512 | 50,909 sps | ent 1.04 | ev 0.88 | clip 0.07 | batch 24,576
update 238 | step 5,849,088 | 50,433 sps | ent 1.03 | ev 0.87 | clip 0.08 | batch 24,578
update 239 | step 5,873,664 | 48,539 sps | ent 1.18 | ev 0.87 | clip 0.06 | batch 24,579
update 240 | step 5,898,240 | 52,033 sps | ent 1.04 | ev 0.88 | clip 0.07 | batch 24,571
  eval vs 3 random: 100.0% (96 games, baseline 25%)
  eval vs 3 heuristic: 72.2% (97 games, baseline 25%)
update 241 | step 5,922,816 | 49,532 sps | ent 1.05 | ev 0.88 | clip 0.06 | batch 24,575
update 242 | step 5,947,392 | 50,439 sps | ent 1.03 | ev 0.87 | clip 0.09 | batch 24,578
update 243 | step 5,971,968 | 51,895 sps | ent 1.05 | ev 0.87 | clip 0.06 | batch 24,575
update 244 | step 5,996,544 | 52,193 sps | ent 1.05 | ev 0.89 | clip 0.06 | batch 24,576
update 245 | step 6,021,120 | 51,046 sps | ent 1.02 | ev 0.88 | clip 0.06 | batch 24,577
update 246 | step 6,045,696 | 46,690 sps | ent 1.05 | ev 0.87 | clip 0.06 | batch 24,577
update 247 | step 6,070,272 | 51,171 sps | ent 1.12 | ev 0.87 | clip 0.09 | batch 24,577
update 248 | step 6,094,848 | 50,821 sps | ent 1.05 | ev 0.86 | clip 0.06 | batch 24,575
update 249 | step 6,119,424 | 50,612 sps | ent 1.09 | ev 0.86 | clip 0.06 | batch 24,578
update 250 | step 6,144,000 | 52,095 sps | ent 1.06 | ev 0.88 | clip 0.06 | batch 24,575
update 251 | step 6,168,576 | 50,476 sps | ent 1.04 | ev 0.88 | clip 0.06 | batch 24,574
update 252 | step 6,193,152 | 52,561 sps | ent 1.06 | ev 0.87 | clip 0.06 | batch 24,575
update 253 | step 6,217,728 | 47,544 sps | ent 1.00 | ev 0.88 | clip 0.08 | batch 24,578
update 254 | step 6,242,304 | 50,231 sps | ent 1.05 | ev 0.89 | clip 0.06 | batch 24,574
update 255 | step 6,266,880 | 48,228 sps | ent 1.05 | ev 0.89 | clip 0.06 | batch 24,576
update 256 | step 6,291,456 | 50,720 sps | ent 1.07 | ev 0.87 | clip 0.07 | batch 24,579
  eval vs 3 random: 100.0% (96 games, baseline 25%)
  eval vs 3 heuristic: 74.0% (96 games, baseline 25%)
update 257 | step 6,316,032 | 47,204 sps | ent 1.07 | ev 0.87 | clip 0.07 | batch 24,572
update 258 | step 6,340,608 | 50,525 sps | ent 1.13 | ev 0.88 | clip 0.09 | batch 24,578
update 259 | step 6,365,184 | 50,676 sps | ent 1.05 | ev 0.88 | clip 0.06 | batch 24,575
update 260 | step 6,389,760 | 48,508 sps | ent 1.05 | ev 0.87 | clip 0.10 | batch 24,578
update 261 | step 6,414,336 | 50,132 sps | ent 1.07 | ev 0.89 | clip 0.07 | batch 24,576
update 262 | step 6,438,912 | 49,047 sps | ent 1.06 | ev 0.88 | clip 0.07 | batch 24,575
update 263 | step 6,463,488 | 51,483 sps | ent 1.12 | ev 0.87 | clip 0.09 | batch 24,577
update 264 | step 6,488,064 | 50,684 sps | ent 1.05 | ev 0.89 | clip 0.06 | batch 24,574
update 265 | step 6,512,640 | 51,782 sps | ent 1.10 | ev 0.88 | clip 0.06 | batch 24,582
update 266 | step 6,537,216 | 51,900 sps | ent 1.06 | ev 0.87 | clip 0.07 | batch 24,569
update 267 | step 6,561,792 | 48,609 sps | ent 1.08 | ev 0.86 | clip 0.07 | batch 24,582
update 268 | step 6,586,368 | 50,648 sps | ent 1.07 | ev 0.86 | clip 0.06 | batch 24,571
update 269 | step 6,610,944 | 50,215 sps | ent 1.06 | ev 0.89 | clip 0.09 | batch 24,580
update 270 | step 6,635,520 | 47,917 sps | ent 1.05 | ev 0.87 | clip 0.07 | batch 24,572
update 271 | step 6,660,096 | 48,471 sps | ent 1.03 | ev 0.87 | clip 0.07 | batch 24,582
update 272 | step 6,684,672 | 44,608 sps | ent 1.07 | ev 0.87 | clip 0.06 | batch 24,570
  eval vs 3 random: 100.0% (96 games, baseline 25%)
  eval vs 3 heuristic: 75.0% (96 games, baseline 25%)
update 273 | step 6,709,248 | 46,587 sps | ent 1.07 | ev 0.86 | clip 0.06 | batch 24,575
update 274 | step 6,733,824 | 46,185 sps | ent 1.06 | ev 0.85 | clip 0.06 | batch 24,581
update 275 | step 6,758,400 | 51,081 sps | ent 1.06 | ev 0.83 | clip 0.06 | batch 24,575
update 276 | step 6,782,976 | 51,864 sps | ent 1.07 | ev 0.86 | clip 0.06 | batch 24,573
update 277 | step 6,807,552 | 50,505 sps | ent 1.02 | ev 0.87 | clip 0.06 | batch 24,577
update 278 | step 6,832,128 | 46,066 sps | ent 1.08 | ev 0.85 | clip 0.06 | batch 24,574
update 279 | step 6,856,704 | 49,909 sps | ent 1.02 | ev 0.87 | clip 0.07 | batch 24,580
update 280 | step 6,881,280 | 52,799 sps | ent 1.05 | ev 0.87 | clip 0.06 | batch 24,573
update 281 | step 6,905,856 | 50,191 sps | ent 1.07 | ev 0.84 | clip 0.08 | batch 24,580
update 282 | step 6,930,432 | 44,586 sps | ent 1.07 | ev 0.88 | clip 0.07 | batch 24,574
update 283 | step 6,955,008 | 50,239 sps | ent 1.08 | ev 0.87 | clip 0.06 | batch 24,575
update 284 | step 6,979,584 | 46,377 sps | ent 1.24 | ev 0.89 | clip 0.06 | batch 24,577
update 285 | step 7,004,160 | 47,387 sps | ent 1.07 | ev 0.89 | clip 0.07 | batch 24,574
update 286 | step 7,028,736 | 46,126 sps | ent 1.06 | ev 0.89 | clip 0.06 | batch 24,576
update 287 | step 7,053,312 | 47,106 sps | ent 1.08 | ev 0.88 | clip 0.06 | batch 24,575
update 288 | step 7,077,888 | 46,403 sps | ent 1.07 | ev 0.90 | clip 0.07 | batch 24,576
  eval vs 3 random: 100.0% (97 games, baseline 25%)
  eval vs 3 heuristic: 76.0% (96 games, baseline 25%)
update 289 | step 7,102,464 | 45,655 sps | ent 1.07 | ev 0.88 | clip 0.06 | batch 24,578
update 290 | step 7,127,040 | 49,824 sps | ent 1.07 | ev 0.89 | clip 0.10 | batch 24,577
update 291 | step 7,151,616 | 46,815 sps | ent 1.06 | ev 0.88 | clip 0.07 | batch 24,573
update 292 | step 7,176,192 | 47,167 sps | ent 1.07 | ev 0.89 | clip 0.06 | batch 24,576
update 293 | step 7,200,768 | 44,781 sps | ent 1.04 | ev 0.89 | clip 0.08 | batch 24,581
update 294 | step 7,225,344 | 46,539 sps | ent 1.06 | ev 0.87 | clip 0.07 | batch 24,575
update 295 | step 7,249,920 | 46,217 sps | ent 1.10 | ev 0.87 | clip 0.06 | batch 24,577
update 296 | step 7,274,496 | 45,860 sps | ent 1.06 | ev 0.87 | clip 0.06 | batch 24,574
update 297 | step 7,299,072 | 47,712 sps | ent 1.07 | ev 0.86 | clip 0.07 | batch 24,576
update 298 | step 7,323,648 | 46,056 sps | ent 0.96 | ev 0.86 | clip 0.06 | batch 24,577
update 299 | step 7,348,224 | 46,068 sps | ent 1.06 | ev 0.87 | clip 0.07 | batch 24,575
update 300 | step 7,372,800 | 47,165 sps | ent 1.06 | ev 0.88 | clip 0.06 | batch 24,576
update 301 | step 7,397,376 | 45,640 sps | ent 1.04 | ev 0.88 | clip 0.06 | batch 24,576
update 302 | step 7,421,952 | 44,727 sps | ent 0.94 | ev 0.88 | clip 0.06 | batch 24,577
update 303 | step 7,446,528 | 49,802 sps | ent 1.05 | ev 0.88 | clip 0.07 | batch 24,575
update 304 | step 7,471,104 | 48,570 sps | ent 1.06 | ev 0.87 | clip 0.06 | batch 24,573
  eval vs 3 random: 100.0% (96 games, baseline 25%)
  eval vs 3 heuristic: 75.0% (96 games, baseline 25%)
update 305 | step 7,495,680 | 44,579 sps | ent 1.09 | ev 0.86 | clip 0.06 | batch 24,579
update 306 | step 7,520,256 | 45,231 sps | ent 1.06 | ev 0.87 | clip 0.06 | batch 24,576
update 307 | step 7,544,832 | 44,243 sps | ent 1.13 | ev 0.88 | clip 0.09 | batch 24,577
update 308 | step 7,569,408 | 45,174 sps | ent 1.06 | ev 0.85 | clip 0.06 | batch 24,572
update 309 | step 7,593,984 | 50,900 sps | ent 1.08 | ev 0.89 | clip 0.06 | batch 24,578
update 310 | step 7,618,560 | 46,200 sps | ent 1.05 | ev 0.87 | clip 0.06 | batch 24,576
update 311 | step 7,643,136 | 46,750 sps | ent 1.06 | ev 0.89 | clip 0.06 | batch 24,576
update 312 | step 7,667,712 | 48,676 sps | ent 1.02 | ev 0.87 | clip 0.07 | batch 24,580
update 313 | step 7,692,288 | 49,645 sps | ent 1.06 | ev 0.87 | clip 0.07 | batch 24,573
update 314 | step 7,716,864 | 47,489 sps | ent 1.05 | ev 0.87 | clip 0.06 | batch 24,574
update 315 | step 7,741,440 | 48,265 sps | ent 1.06 | ev 0.86 | clip 0.06 | batch 24,576
update 316 | step 7,766,016 | 51,124 sps | ent 1.05 | ev 0.87 | clip 0.06 | batch 24,576
update 317 | step 7,790,592 | 50,794 sps | ent 1.01 | ev 0.88 | clip 0.06 | batch 24,577
update 318 | step 7,815,168 | 48,320 sps | ent 1.05 | ev 0.84 | clip 0.06 | batch 24,575
update 319 | step 7,839,744 | 45,934 sps | ent 1.05 | ev 0.87 | clip 0.06 | batch 24,576
update 320 | step 7,864,320 | 46,445 sps | ent 1.14 | ev 0.88 | clip 0.06 | batch 24,577
  eval vs 3 random: 100.0% (96 games, baseline 25%)
  eval vs 3 heuristic: 71.9% (96 games, baseline 25%)
update 321 | step 7,888,896 | 45,898 sps | ent 1.03 | ev 0.86 | clip 0.06 | batch 24,582
update 322 | step 7,913,472 | 49,229 sps | ent 1.05 | ev 0.88 | clip 0.06 | batch 24,570
update 323 | step 7,938,048 | 51,078 sps | ent 1.06 | ev 0.87 | clip 0.06 | batch 24,576
update 324 | step 7,962,624 | 48,104 sps | ent 0.94 | ev 0.86 | clip 0.06 | batch 24,577
update 325 | step 7,987,200 | 51,683 sps | ent 1.05 | ev 0.86 | clip 0.06 | batch 24,575
update 326 | step 8,011,776 | 48,925 sps | ent 1.11 | ev 0.87 | clip 0.07 | batch 24,580
update 327 | step 8,036,352 | 49,362 sps | ent 1.05 | ev 0.87 | clip 0.07 | batch 24,570
update 328 | step 8,060,928 | 49,307 sps | ent 0.92 | ev 0.87 | clip 0.06 | batch 24,577
update 329 | step 8,085,504 | 48,611 sps | ent 1.06 | ev 0.87 | clip 0.06 | batch 24,576
update 330 | step 8,110,080 | 44,306 sps | ent 1.08 | ev 0.87 | clip 0.07 | batch 24,578
update 331 | step 8,134,656 | 47,858 sps | ent 1.06 | ev 0.85 | clip 0.06 | batch 24,574
update 332 | step 8,159,232 | 46,313 sps | ent 1.00 | ev 0.86 | clip 0.06 | batch 24,579
update 333 | step 8,183,808 | 50,632 sps | ent 1.06 | ev 0.88 | clip 0.06 | batch 24,572
update 334 | step 8,208,384 | 45,009 sps | ent 1.07 | ev 0.88 | clip 0.10 | batch 24,578
update 335 | step 8,232,960 | 46,876 sps | ent 1.03 | ev 0.87 | clip 0.08 | batch 24,578
update 336 | step 8,257,536 | 48,807 sps | ent 1.04 | ev 0.88 | clip 0.06 | batch 24,576
  eval vs 3 random: 100.0% (96 games, baseline 25%)
  eval vs 3 heuristic: 73.2% (97 games, baseline 25%)
update 337 | step 8,282,112 | 46,996 sps | ent 1.04 | ev 0.87 | clip 0.06 | batch 24,576
update 338 | step 8,306,688 | 51,273 sps | ent 1.05 | ev 0.86 | clip 0.06 | batch 24,572
update 339 | step 8,331,264 | 50,155 sps | ent 1.08 | ev 0.87 | clip 0.08 | batch 24,578
update 340 | step 8,355,840 | 45,306 sps | ent 0.98 | ev 0.87 | clip 0.06 | batch 24,578
update 341 | step 8,380,416 | 46,454 sps | ent 1.04 | ev 0.86 | clip 0.06 | batch 24,577
update 342 | step 8,404,992 | 48,601 sps | ent 1.07 | ev 0.87 | clip 0.06 | batch 24,575
update 343 | step 8,429,568 | 51,114 sps | ent 1.08 | ev 0.88 | clip 0.06 | batch 24,574
update 344 | step 8,454,144 | 50,226 sps | ent 1.16 | ev 0.88 | clip 0.10 | batch 24,577
update 345 | step 8,478,720 | 44,818 sps | ent 1.03 | ev 0.87 | clip 0.08 | batch 24,578
update 346 | step 8,503,296 | 50,515 sps | ent 1.05 | ev 0.87 | clip 0.06 | batch 24,573
update 347 | step 8,527,872 | 50,823 sps | ent 1.01 | ev 0.87 | clip 0.06 | batch 24,578
update 348 | step 8,552,448 | 50,584 sps | ent 1.06 | ev 0.85 | clip 0.06 | batch 24,573
update 349 | step 8,577,024 | 47,394 sps | ent 1.06 | ev 0.87 | clip 0.07 | batch 24,581
update 350 | step 8,601,600 | 46,769 sps | ent 1.06 | ev 0.89 | clip 0.07 | batch 24,570
update 351 | step 8,626,176 | 46,589 sps | ent 1.02 | ev 0.86 | clip 0.07 | batch 24,582
update 352 | step 8,650,752 | 49,181 sps | ent 1.05 | ev 0.87 | clip 0.06 | batch 24,573
  eval vs 3 random: 100.0% (96 games, baseline 25%)
  eval vs 3 heuristic: 75.0% (96 games, baseline 25%)
update 353 | step 8,675,328 | 47,978 sps | ent 1.05 | ev 0.89 | clip 0.07 | batch 24,573
update 354 | step 8,699,904 | 46,357 sps | ent 1.01 | ev 0.88 | clip 0.07 | batch 24,579
update 355 | step 8,724,480 | 48,433 sps | ent 1.05 | ev 0.85 | clip 0.07 | batch 24,573
update 356 | step 8,749,056 | 44,489 sps | ent 0.99 | ev 0.89 | clip 0.07 | batch 24,578
update 357 | step 8,773,632 | 47,121 sps | ent 1.05 | ev 0.89 | clip 0.08 | batch 24,574
update 358 | step 8,798,208 | 46,192 sps | ent 0.99 | ev 0.86 | clip 0.06 | batch 24,577
update 359 | step 8,822,784 | 49,660 sps | ent 1.03 | ev 0.87 | clip 0.06 | batch 24,578
update 360 | step 8,847,360 | 48,031 sps | ent 1.05 | ev 0.86 | clip 0.07 | batch 24,574
update 361 | step 8,871,936 | 50,862 sps | ent 1.17 | ev 0.86 | clip 0.06 | batch 24,577
update 362 | step 8,896,512 | 46,350 sps | ent 1.10 | ev 0.85 | clip 0.09 | batch 24,577
update 363 | step 8,921,088 | 46,737 sps | ent 1.04 | ev 0.86 | clip 0.06 | batch 24,578
update 364 | step 8,945,664 | 45,959 sps | ent 1.07 | ev 0.88 | clip 0.07 | batch 24,576
update 365 | step 8,970,240 | 50,243 sps | ent 1.05 | ev 0.90 | clip 0.07 | batch 24,571
update 366 | step 8,994,816 | 50,397 sps | ent 1.14 | ev 0.90 | clip 0.09 | batch 24,577
update 367 | step 9,019,392 | 50,207 sps | ent 1.08 | ev 0.89 | clip 0.06 | batch 24,583
update 368 | step 9,043,968 | 47,255 sps | ent 1.07 | ev 0.88 | clip 0.06 | batch 24,571
  eval vs 3 random: 100.0% (96 games, baseline 25%)
  eval vs 3 heuristic: 68.8% (96 games, baseline 25%)
update 369 | step 9,068,544 | 48,876 sps | ent 1.07 | ev 0.90 | clip 0.07 | batch 24,573
update 370 | step 9,093,120 | 46,528 sps | ent 1.10 | ev 0.88 | clip 0.07 | batch 24,583
update 371 | step 9,117,696 | 47,431 sps | ent 1.07 | ev 0.86 | clip 0.06 | batch 24,571
update 372 | step 9,142,272 | 50,048 sps | ent 1.06 | ev 0.87 | clip 0.06 | batch 24,576
update 373 | step 9,166,848 | 48,195 sps | ent 1.06 | ev 0.88 | clip 0.06 | batch 24,575
update 374 | step 9,191,424 | 49,325 sps | ent 1.05 | ev 0.86 | clip 0.06 | batch 24,578
update 375 | step 9,216,000 | 48,373 sps | ent 1.08 | ev 0.85 | clip 0.06 | batch 24,575
update 376 | step 9,240,576 | 50,630 sps | ent 1.07 | ev 0.85 | clip 0.06 | batch 24,576
update 377 | step 9,265,152 | 47,832 sps | ent 1.06 | ev 0.84 | clip 0.07 | batch 24,576
update 378 | step 9,289,728 | 48,917 sps | ent 1.12 | ev 0.87 | clip 0.06 | batch 24,577
update 379 | step 9,314,304 | 51,394 sps | ent 1.06 | ev 0.89 | clip 0.06 | batch 24,576
update 380 | step 9,338,880 | 47,183 sps | ent 1.06 | ev 0.88 | clip 0.07 | batch 24,573
update 381 | step 9,363,456 | 44,579 sps | ent 1.05 | ev 0.88 | clip 0.06 | batch 24,578
update 382 | step 9,388,032 | 44,831 sps | ent 1.06 | ev 0.85 | clip 0.06 | batch 24,576
update 383 | step 9,412,608 | 50,580 sps | ent 1.08 | ev 0.88 | clip 0.06 | batch 24,575
update 384 | step 9,437,184 | 51,332 sps | ent 1.07 | ev 0.88 | clip 0.06 | batch 24,576
  eval vs 3 random: 100.0% (96 games, baseline 25%)
  eval vs 3 heuristic: 69.8% (96 games, baseline 25%)
update 385 | step 9,461,760 | 45,259 sps | ent 1.07 | ev 0.85 | clip 0.07 | batch 24,582
update 386 | step 9,486,336 | 46,155 sps | ent 1.07 | ev 0.86 | clip 0.07 | batch 24,571
update 387 | step 9,510,912 | 46,865 sps | ent 1.08 | ev 0.86 | clip 0.07 | batch 24,574
update 388 | step 9,535,488 | 44,348 sps | ent 1.08 | ev 0.86 | clip 0.08 | batch 24,580
update 389 | step 9,560,064 | 51,205 sps | ent 1.08 | ev 0.87 | clip 0.06 | batch 24,575
update 390 | step 9,584,640 | 46,957 sps | ent 1.08 | ev 0.88 | clip 0.06 | batch 24,577
update 391 | step 9,609,216 | 44,611 sps | ent 1.07 | ev 0.86 | clip 0.06 | batch 24,572
update 392 | step 9,633,792 | 46,201 sps | ent 1.02 | ev 0.88 | clip 0.06 | batch 24,583
update 393 | step 9,658,368 | 47,390 sps | ent 1.08 | ev 0.88 | clip 0.07 | batch 24,572
update 394 | step 9,682,944 | 47,649 sps | ent 1.07 | ev 0.87 | clip 0.06 | batch 24,576
update 395 | step 9,707,520 | 45,059 sps | ent 1.08 | ev 0.89 | clip 0.06 | batch 24,574
update 396 | step 9,732,096 | 48,921 sps | ent 1.10 | ev 0.87 | clip 0.08 | batch 24,581
update 397 | step 9,756,672 | 50,652 sps | ent 1.08 | ev 0.88 | clip 0.06 | batch 24,574
update 398 | step 9,781,248 | 49,881 sps | ent 1.13 | ev 0.89 | clip 0.08 | batch 24,579
update 399 | step 9,805,824 | 49,731 sps | ent 1.10 | ev 0.87 | clip 0.06 | batch 24,572
update 400 | step 9,830,400 | 48,940 sps | ent 1.08 | ev 0.89 | clip 0.07 | batch 24,573
  eval vs 3 random: 100.0% (96 games, baseline 25%)
  eval vs 3 heuristic: 72.9% (96 games, baseline 25%)
update 401 | step 9,854,976 | 45,599 sps | ent 1.04 | ev 0.87 | clip 0.07 | batch 24,580
update 402 | step 9,879,552 | 46,761 sps | ent 1.06 | ev 0.85 | clip 0.07 | batch 24,573
update 403 | step 9,904,128 | 46,827 sps | ent 1.08 | ev 0.89 | clip 0.07 | batch 24,576
update 404 | step 9,928,704 | 50,123 sps | ent 1.14 | ev 0.87 | clip 0.09 | batch 24,580
update 405 | step 9,953,280 | 45,238 sps | ent 1.07 | ev 0.88 | clip 0.07 | batch 24,575
update 406 | step 9,977,856 | 50,845 sps | ent 1.07 | ev 0.88 | clip 0.06 | batch 24,575
update 407 | step 10,002,432 | 46,818 sps | ent 1.06 | ev 0.88 | clip 0.06 | batch 24,576
update 408 | step 10,027,008 | 45,688 sps | ent 1.06 | ev 0.88 | clip 0.07 | batch 24,573
update 409 | step 10,051,584 | 43,170 sps | ent 1.01 | ev 0.86 | clip 0.09 | batch 24,577
update 410 | step 10,076,160 | 47,223 sps | ent 1.07 | ev 0.87 | clip 0.06 | batch 24,575
update 411 | step 10,100,736 | 50,542 sps | ent 1.07 | ev 0.88 | clip 0.06 | batch 24,576
update 412 | step 10,125,312 | 46,166 sps | ent 1.05 | ev 0.88 | clip 0.07 | batch 24,576
update 413 | step 10,149,888 | 47,262 sps | ent 1.10 | ev 0.88 | clip 0.09 | batch 24,577
update 414 | step 10,174,464 | 46,705 sps | ent 1.06 | ev 0.87 | clip 0.10 | batch 24,579
update 415 | step 10,199,040 | 47,254 sps | ent 1.05 | ev 0.88 | clip 0.07 | batch 24,574
update 416 | step 10,223,616 | 48,919 sps | ent 1.03 | ev 0.89 | clip 0.08 | batch 24,580
  eval vs 3 random: 100.0% (97 games, baseline 25%)
  eval vs 3 heuristic: 70.8% (96 games, baseline 25%)
update 417 | step 10,248,192 | 48,536 sps | ent 1.07 | ev 0.89 | clip 0.07 | batch 24,573
update 418 | step 10,272,768 | 49,637 sps | ent 1.06 | ev 0.89 | clip 0.06 | batch 24,577
update 419 | step 10,297,344 | 51,552 sps | ent 1.08 | ev 0.88 | clip 0.06 | batch 24,576
update 420 | step 10,321,920 | 50,090 sps | ent 1.07 | ev 0.89 | clip 0.06 | batch 24,572
update 421 | step 10,346,496 | 46,933 sps | ent 1.08 | ev 0.86 | clip 0.06 | batch 24,577
update 422 | step 10,371,072 | 50,240 sps | ent 1.08 | ev 0.86 | clip 0.06 | batch 24,577
update 423 | step 10,395,648 | 49,553 sps | ent 1.09 | ev 0.88 | clip 0.07 | batch 24,579
update 424 | step 10,420,224 | 51,471 sps | ent 1.08 | ev 0.87 | clip 0.06 | batch 24,572
update 425 | step 10,444,800 | 50,117 sps | ent 1.10 | ev 0.88 | clip 0.06 | batch 24,578
update 426 | step 10,469,376 | 50,932 sps | ent 1.09 | ev 0.87 | clip 0.07 | batch 24,575
update 427 | step 10,493,952 | 51,468 sps | ent 1.08 | ev 0.87 | clip 0.06 | batch 24,576
update 428 | step 10,518,528 | 50,670 sps | ent 1.02 | ev 0.85 | clip 0.09 | batch 24,577
update 429 | step 10,543,104 | 51,302 sps | ent 1.08 | ev 0.86 | clip 0.07 | batch 24,573
update 430 | step 10,567,680 | 49,443 sps | ent 1.10 | ev 0.87 | clip 0.07 | batch 24,580
update 431 | step 10,592,256 | 47,799 sps | ent 1.12 | ev 0.86 | clip 0.10 | batch 24,578
update 432 | step 10,616,832 | 51,093 sps | ent 1.07 | ev 0.88 | clip 0.06 | batch 24,571
  eval vs 3 random: 100.0% (96 games, baseline 25%)
  eval vs 3 heuristic: 67.7% (96 games, baseline 25%)
update 433 | step 10,641,408 | 48,632 sps | ent 1.09 | ev 0.87 | clip 0.06 | batch 24,576
update 434 | step 10,665,984 | 50,870 sps | ent 1.08 | ev 0.90 | clip 0.06 | batch 24,576
update 435 | step 10,690,560 | 49,336 sps | ent 1.10 | ev 0.88 | clip 0.07 | batch 24,580
update 436 | step 10,715,136 | 51,652 sps | ent 1.07 | ev 0.85 | clip 0.07 | batch 24,574
update 437 | step 10,739,712 | 51,204 sps | ent 1.08 | ev 0.82 | clip 0.06 | batch 24,575
update 438 | step 10,764,288 | 50,474 sps | ent 1.06 | ev 0.87 | clip 0.06 | batch 24,576
update 439 | step 10,788,864 | 48,931 sps | ent 1.04 | ev 0.88 | clip 0.11 | batch 24,580
update 440 | step 10,813,440 | 50,977 sps | ent 1.07 | ev 0.87 | clip 0.07 | batch 24,576
update 441 | step 10,838,016 | 51,165 sps | ent 1.06 | ev 0.88 | clip 0.06 | batch 24,572
update 442 | step 10,862,592 | 51,955 sps | ent 1.06 | ev 0.89 | clip 0.07 | batch 24,574
update 443 | step 10,887,168 | 47,951 sps | ent 1.04 | ev 0.87 | clip 0.06 | batch 24,577
update 444 | step 10,911,744 | 50,014 sps | ent 1.07 | ev 0.87 | clip 0.08 | batch 24,582
update 445 | step 10,936,320 | 52,077 sps | ent 1.06 | ev 0.86 | clip 0.06 | batch 24,573
update 446 | step 10,960,896 | 50,714 sps | ent 1.06 | ev 0.85 | clip 0.06 | batch 24,574
update 447 | step 10,985,472 | 49,251 sps | ent 1.06 | ev 0.86 | clip 0.06 | batch 24,574
update 448 | step 11,010,048 | 50,454 sps | ent 1.02 | ev 0.88 | clip 0.06 | batch 24,578
  eval vs 3 random: 100.0% (97 games, baseline 25%)
  eval vs 3 heuristic: 75.0% (96 games, baseline 25%)
update 449 | step 11,034,624 | 47,608 sps | ent 1.03 | ev 0.87 | clip 0.08 | batch 24,579
update 450 | step 11,059,200 | 49,619 sps | ent 1.03 | ev 0.89 | clip 0.06 | batch 24,578
update 451 | step 11,083,776 | 49,921 sps | ent 1.06 | ev 0.89 | clip 0.06 | batch 24,572
update 452 | step 11,108,352 | 51,692 sps | ent 1.04 | ev 0.87 | clip 0.06 | batch 24,575
update 453 | step 11,132,928 | 49,494 sps | ent 1.06 | ev 0.89 | clip 0.08 | batch 24,580
update 454 | step 11,157,504 | 49,467 sps | ent 1.05 | ev 0.88 | clip 0.07 | batch 24,571
update 455 | step 11,182,080 | 49,036 sps | ent 1.07 | ev 0.87 | clip 0.09 | batch 24,577
update 456 | step 11,206,656 | 49,955 sps | ent 1.05 | ev 0.88 | clip 0.07 | batch 24,578
update 457 | step 11,231,232 | 51,402 sps | ent 1.05 | ev 0.86 | clip 0.07 | batch 24,575
update 458 | step 11,255,808 | 47,698 sps | ent 1.05 | ev 0.87 | clip 0.07 | batch 24,584
update 459 | step 11,280,384 | 51,757 sps | ent 1.07 | ev 0.89 | clip 0.06 | batch 24,567
update 460 | step 11,304,960 | 49,963 sps | ent 1.01 | ev 0.88 | clip 0.08 | batch 24,579
update 461 | step 11,329,536 | 51,911 sps | ent 1.05 | ev 0.87 | clip 0.06 | batch 24,572
update 462 | step 11,354,112 | 51,600 sps | ent 1.05 | ev 0.88 | clip 0.06 | batch 24,575
update 463 | step 11,378,688 | 49,000 sps | ent 1.04 | ev 0.88 | clip 0.07 | batch 24,576
update 464 | step 11,403,264 | 48,872 sps | ent 1.06 | ev 0.86 | clip 0.10 | batch 24,577
  eval vs 3 random: 100.0% (96 games, baseline 25%)
  eval vs 3 heuristic: 76.0% (96 games, baseline 25%)
update 465 | step 11,427,840 | 49,563 sps | ent 1.05 | ev 0.89 | clip 0.06 | batch 24,575
update 466 | step 11,452,416 | 50,778 sps | ent 1.10 | ev 0.90 | clip 0.09 | batch 24,581
update 467 | step 11,476,992 | 46,983 sps | ent 1.06 | ev 0.86 | clip 0.06 | batch 24,572
update 468 | step 11,501,568 | 49,141 sps | ent 0.95 | ev 0.87 | clip 0.06 | batch 24,577
update 469 | step 11,526,144 | 49,914 sps | ent 0.99 | ev 0.87 | clip 0.06 | batch 24,578
update 470 | step 11,550,720 | 49,089 sps | ent 1.06 | ev 0.88 | clip 0.07 | batch 24,573
update 471 | step 11,575,296 | 50,842 sps | ent 1.08 | ev 0.85 | clip 0.10 | batch 24,578
update 472 | step 11,599,872 | 48,508 sps | ent 1.08 | ev 0.85 | clip 0.06 | batch 24,573
update 473 | step 11,624,448 | 50,285 sps | ent 1.12 | ev 0.89 | clip 0.11 | batch 24,578
update 474 | step 11,649,024 | 44,079 sps | ent 1.13 | ev 0.87 | clip 0.06 | batch 24,577
update 475 | step 11,673,600 | 45,842 sps | ent 1.07 | ev 0.88 | clip 0.06 | batch 24,576
update 476 | step 11,698,176 | 51,400 sps | ent 1.08 | ev 0.89 | clip 0.06 | batch 24,575
update 477 | step 11,722,752 | 46,906 sps | ent 1.03 | ev 0.90 | clip 0.06 | batch 24,579
update 478 | step 11,747,328 | 49,107 sps | ent 1.07 | ev 0.87 | clip 0.07 | batch 24,572
update 479 | step 11,771,904 | 50,354 sps | ent 1.09 | ev 0.88 | clip 0.06 | batch 24,575
update 480 | step 11,796,480 | 49,320 sps | ent 1.08 | ev 0.88 | clip 0.07 | batch 24,578
  eval vs 3 random: 100.0% (96 games, baseline 25%)
  eval vs 3 heuristic: 67.7% (96 games, baseline 25%)
update 481 | step 11,821,056 | 41,814 sps | ent 1.02 | ev 0.87 | clip 0.06 | batch 24,577
update 482 | step 11,845,632 | 48,342 sps | ent 1.07 | ev 0.87 | clip 0.06 | batch 24,574
update 483 | step 11,870,208 | 43,531 sps | ent 1.06 | ev 0.88 | clip 0.07 | batch 24,576
update 484 | step 11,894,784 | 49,190 sps | ent 1.15 | ev 0.88 | clip 0.06 | batch 24,580
update 485 | step 11,919,360 | 46,945 sps | ent 1.07 | ev 0.87 | clip 0.07 | batch 24,574
update 486 | step 11,943,936 | 46,078 sps | ent 1.06 | ev 0.89 | clip 0.07 | batch 24,574
update 487 | step 11,968,512 | 46,686 sps | ent 1.06 | ev 0.86 | clip 0.06 | batch 24,575
update 488 | step 11,993,088 | 46,067 sps | ent 1.12 | ev 0.89 | clip 0.08 | batch 24,583
update 489 | step 12,017,664 | 46,962 sps | ent 1.07 | ev 0.87 | clip 0.07 | batch 24,569
update 490 | step 12,042,240 | 46,508 sps | ent 1.13 | ev 0.88 | clip 0.06 | batch 24,578
update 491 | step 12,066,816 | 49,581 sps | ent 1.05 | ev 0.86 | clip 0.06 | batch 24,578
update 492 | step 12,091,392 | 50,092 sps | ent 1.07 | ev 0.87 | clip 0.06 | batch 24,575
update 493 | step 12,115,968 | 52,330 sps | ent 1.09 | ev 0.87 | clip 0.06 | batch 24,573
update 494 | step 12,140,544 | 46,787 sps | ent 1.07 | ev 0.87 | clip 0.07 | batch 24,576
update 495 | step 12,165,120 | 50,420 sps | ent 1.01 | ev 0.89 | clip 0.07 | batch 24,582
update 496 | step 12,189,696 | 51,154 sps | ent 1.08 | ev 0.90 | clip 0.06 | batch 24,573
  eval vs 3 random: 100.0% (96 games, baseline 25%)
  eval vs 3 heuristic: 76.0% (96 games, baseline 25%)
update 497 | step 12,214,272 | 46,162 sps | ent 1.09 | ev 0.88 | clip 0.06 | batch 24,573
update 498 | step 12,238,848 | 45,909 sps | ent 1.08 | ev 0.87 | clip 0.07 | batch 24,580
update 499 | step 12,263,424 | 48,443 sps | ent 1.07 | ev 0.87 | clip 0.07 | batch 24,573
update 500 | step 12,288,000 | 45,500 sps | ent 1.09 | ev 0.88 | clip 0.06 | batch 24,577
update 501 | step 12,312,576 | 48,844 sps | ent 1.08 | ev 0.89 | clip 0.06 | batch 24,574
update 502 | step 12,337,152 | 51,340 sps | ent 1.07 | ev 0.90 | clip 0.06 | batch 24,576
update 503 | step 12,361,728 | 50,785 sps | ent 1.05 | ev 0.87 | clip 0.06 | batch 24,576
update 504 | step 12,386,304 | 49,256 sps | ent 1.04 | ev 0.87 | clip 0.13 | batch 24,577
update 505 | step 12,410,880 | 45,695 sps | ent 0.99 | ev 0.86 | clip 0.06 | batch 24,581
update 506 | step 12,435,456 | 51,913 sps | ent 1.06 | ev 0.87 | clip 0.07 | batch 24,570
update 507 | step 12,460,032 | 46,145 sps | ent 1.01 | ev 0.89 | clip 0.06 | batch 24,579
update 508 | step 12,484,608 | 46,535 sps | ent 1.08 | ev 0.88 | clip 0.06 | batch 24,575
update 509 | step 12,509,184 | 51,044 sps | ent 1.08 | ev 0.89 | clip 0.06 | batch 24,575
update 510 | step 12,533,760 | 51,008 sps | ent 1.10 | ev 0.87 | clip 0.06 | batch 24,578
update 511 | step 12,558,336 | 51,926 sps | ent 1.08 | ev 0.87 | clip 0.06 | batch 24,575
update 512 | step 12,582,912 | 48,006 sps | ent 1.08 | ev 0.88 | clip 0.06 | batch 24,576
  eval vs 3 random: 100.0% (97 games, baseline 25%)
  eval vs 3 heuristic: 67.7% (96 games, baseline 25%)
update 513 | step 12,607,488 | 46,402 sps | ent 1.07 | ev 0.88 | clip 0.06 | batch 24,574
update 514 | step 12,632,064 | 48,098 sps | ent 1.21 | ev 0.87 | clip 0.06 | batch 24,577
update 515 | step 12,656,640 | 48,957 sps | ent 1.06 | ev 0.89 | clip 0.06 | batch 24,578
update 516 | step 12,681,216 | 48,307 sps | ent 1.06 | ev 0.88 | clip 0.07 | batch 24,575
update 517 | step 12,705,792 | 46,815 sps | ent 1.07 | ev 0.86 | clip 0.06 | batch 24,580
update 518 | step 12,730,368 | 48,933 sps | ent 1.08 | ev 0.88 | clip 0.06 | batch 24,573
update 519 | step 12,754,944 | 48,585 sps | ent 1.07 | ev 0.88 | clip 0.06 | batch 24,573
update 520 | step 12,779,520 | 47,210 sps | ent 1.09 | ev 0.87 | clip 0.07 | batch 24,580
update 521 | step 12,804,096 | 50,727 sps | ent 1.07 | ev 0.85 | clip 0.06 | batch 24,575
update 522 | step 12,828,672 | 51,904 sps | ent 1.08 | ev 0.85 | clip 0.06 | batch 24,573
update 523 | step 12,853,248 | 46,621 sps | ent 1.08 | ev 0.85 | clip 0.06 | batch 24,576
update 524 | step 12,877,824 | 43,967 sps | ent 1.01 | ev 0.89 | clip 0.07 | batch 24,580
update 525 | step 12,902,400 | 48,508 sps | ent 1.08 | ev 0.88 | clip 0.06 | batch 24,573
update 526 | step 12,926,976 | 49,985 sps | ent 1.03 | ev 0.87 | clip 0.07 | batch 24,580
update 527 | step 12,951,552 | 46,118 sps | ent 1.07 | ev 0.88 | clip 0.06 | batch 24,573
update 528 | step 12,976,128 | 49,986 sps | ent 1.09 | ev 0.87 | clip 0.06 | batch 24,578
  eval vs 3 random: 100.0% (96 games, baseline 25%)
  eval vs 3 heuristic: 71.9% (96 games, baseline 25%)
update 529 | step 13,000,704 | 47,236 sps | ent 1.08 | ev 0.85 | clip 0.06 | batch 24,576
update 530 | step 13,025,280 | 46,126 sps | ent 1.21 | ev 0.89 | clip 0.07 | batch 24,578
update 531 | step 13,049,856 | 51,256 sps | ent 1.06 | ev 0.87 | clip 0.06 | batch 24,572
update 532 | step 13,074,432 | 48,421 sps | ent 1.07 | ev 0.89 | clip 0.06 | batch 24,576
update 533 | step 13,099,008 | 49,620 sps | ent 1.11 | ev 0.89 | clip 0.06 | batch 24,582
update 534 | step 13,123,584 | 50,911 sps | ent 1.09 | ev 0.87 | clip 0.06 | batch 24,569
update 535 | step 13,148,160 | 46,465 sps | ent 1.10 | ev 0.88 | clip 0.06 | batch 24,577
update 536 | step 13,172,736 | 44,339 sps | ent 0.93 | ev 0.90 | clip 0.06 | batch 24,578
update 537 | step 13,197,312 | 46,613 sps | ent 1.09 | ev 0.89 | clip 0.08 | batch 24,586
update 538 | step 13,221,888 | 51,777 sps | ent 1.08 | ev 0.87 | clip 0.06 | batch 24,563
update 539 | step 13,246,464 | 49,525 sps | ent 1.06 | ev 0.89 | clip 0.10 | batch 24,579
update 540 | step 13,271,040 | 46,760 sps | ent 1.05 | ev 0.89 | clip 0.06 | batch 24,575
update 541 | step 13,295,616 | 50,154 sps | ent 1.09 | ev 0.87 | clip 0.07 | batch 24,579
update 542 | step 13,320,192 | 46,719 sps | ent 1.04 | ev 0.85 | clip 0.06 | batch 24,577
update 543 | step 13,344,768 | 51,908 sps | ent 1.07 | ev 0.88 | clip 0.07 | batch 24,570
update 544 | step 13,369,344 | 50,060 sps | ent 1.07 | ev 0.88 | clip 0.06 | batch 24,575
  eval vs 3 random: 100.0% (96 games, baseline 25%)
  eval vs 3 heuristic: 78.1% (96 games, baseline 25%)
update 545 | step 13,393,920 | 48,051 sps | ent 1.02 | ev 0.88 | clip 0.07 | batch 24,581
update 546 | step 13,418,496 | 51,265 sps | ent 1.05 | ev 0.87 | clip 0.06 | batch 24,572
update 547 | step 13,443,072 | 49,177 sps | ent 1.07 | ev 0.85 | clip 0.06 | batch 24,575
update 548 | step 13,467,648 | 48,883 sps | ent 1.07 | ev 0.86 | clip 0.07 | batch 24,576
update 549 | step 13,492,224 | 50,380 sps | ent 1.03 | ev 0.87 | clip 0.08 | batch 24,578
update 550 | step 13,516,800 | 51,585 sps | ent 1.06 | ev 0.84 | clip 0.06 | batch 24,576
update 551 | step 13,541,376 | 49,607 sps | ent 1.05 | ev 0.86 | clip 0.06 | batch 24,576
update 552 | step 13,565,952 | 49,946 sps | ent 0.94 | ev 0.88 | clip 0.05 | batch 24,577
update 553 | step 13,590,528 | 52,026 sps | ent 1.07 | ev 0.89 | clip 0.06 | batch 24,576
update 554 | step 13,615,104 | 52,008 sps | ent 1.08 | ev 0.89 | clip 0.06 | batch 24,574
update 555 | step 13,639,680 | 51,176 sps | ent 1.08 | ev 0.85 | clip 0.07 | batch 24,579
update 556 | step 13,664,256 | 45,948 sps | ent 1.08 | ev 0.86 | clip 0.06 | batch 24,573
update 557 | step 13,688,832 | 49,661 sps | ent 1.13 | ev 0.85 | clip 0.08 | batch 24,578
update 558 | step 13,713,408 | 51,725 sps | ent 1.06 | ev 0.86 | clip 0.06 | batch 24,576
update 559 | step 13,737,984 | 50,608 sps | ent 1.10 | ev 0.87 | clip 0.06 | batch 24,578
update 560 | step 13,762,560 | 51,273 sps | ent 1.07 | ev 0.86 | clip 0.06 | batch 24,572
  eval vs 3 random: 100.0% (96 games, baseline 25%)
  eval vs 3 heuristic: 74.0% (96 games, baseline 25%)
update 561 | step 13,787,136 | 49,617 sps | ent 1.08 | ev 0.87 | clip 0.08 | batch 24,580
update 562 | step 13,811,712 | 49,108 sps | ent 1.07 | ev 0.87 | clip 0.06 | batch 24,571
update 563 | step 13,836,288 | 46,684 sps | ent 1.07 | ev 0.86 | clip 0.08 | batch 24,582
update 564 | step 13,860,864 | 46,635 sps | ent 1.09 | ev 0.88 | clip 0.06 | batch 24,572
update 565 | step 13,885,440 | 50,870 sps | ent 1.07 | ev 0.87 | clip 0.06 | batch 24,575
update 566 | step 13,910,016 | 48,727 sps | ent 1.04 | ev 0.88 | clip 0.06 | batch 24,578
update 567 | step 13,934,592 | 50,229 sps | ent 1.07 | ev 0.89 | clip 0.07 | batch 24,573
update 568 | step 13,959,168 | 51,877 sps | ent 1.06 | ev 0.89 | clip 0.06 | batch 24,576
update 569 | step 13,983,744 | 48,764 sps | ent 1.07 | ev 0.86 | clip 0.06 | batch 24,578
update 570 | step 14,008,320 | 49,631 sps | ent 1.08 | ev 0.85 | clip 0.06 | batch 24,575
update 571 | step 14,032,896 | 48,733 sps | ent 1.04 | ev 0.86 | clip 0.07 | batch 24,579
update 572 | step 14,057,472 | 51,867 sps | ent 1.07 | ev 0.88 | clip 0.06 | batch 24,575
update 573 | step 14,082,048 | 47,898 sps | ent 1.07 | ev 0.84 | clip 0.06 | batch 24,573
update 574 | step 14,106,624 | 50,214 sps | ent 1.08 | ev 0.86 | clip 0.08 | batch 24,578
update 575 | step 14,131,200 | 50,504 sps | ent 1.05 | ev 0.87 | clip 0.06 | batch 24,574
update 576 | step 14,155,776 | 48,975 sps | ent 1.10 | ev 0.88 | clip 0.07 | batch 24,578
  eval vs 3 random: 100.0% (96 games, baseline 25%)
  eval vs 3 heuristic: 71.9% (96 games, baseline 25%)
update 577 | step 14,180,352 | 48,342 sps | ent 1.06 | ev 0.88 | clip 0.06 | batch 24,577
update 578 | step 14,204,928 | 50,906 sps | ent 1.06 | ev 0.85 | clip 0.06 | batch 24,576
update 579 | step 14,229,504 | 51,259 sps | ent 1.07 | ev 0.86 | clip 0.07 | batch 24,576
update 580 | step 14,254,080 | 46,650 sps | ent 1.06 | ev 0.88 | clip 0.07 | batch 24,574
update 581 | step 14,278,656 | 49,064 sps | ent 1.06 | ev 0.88 | clip 0.06 | batch 24,576
update 582 | step 14,303,232 | 49,024 sps | ent 0.99 | ev 0.87 | clip 0.06 | batch 24,578
update 583 | step 14,327,808 | 52,293 sps | ent 1.05 | ev 0.89 | clip 0.06 | batch 24,574
update 584 | step 14,352,384 | 46,224 sps | ent 1.01 | ev 0.89 | clip 0.07 | batch 24,582
update 585 | step 14,376,960 | 51,540 sps | ent 1.05 | ev 0.89 | clip 0.07 | batch 24,576
update 586 | step 14,401,536 | 48,653 sps | ent 1.06 | ev 0.89 | clip 0.06 | batch 24,572
update 587 | step 14,426,112 | 51,011 sps | ent 1.06 | ev 0.88 | clip 0.06 | batch 24,573
update 588 | step 14,450,688 | 50,843 sps | ent 1.01 | ev 0.86 | clip 0.06 | batch 24,578
update 589 | step 14,475,264 | 51,514 sps | ent 1.07 | ev 0.87 | clip 0.06 | batch 24,576
update 590 | step 14,499,840 | 51,414 sps | ent 1.07 | ev 0.86 | clip 0.06 | batch 24,575
update 591 | step 14,524,416 | 49,702 sps | ent 1.07 | ev 0.90 | clip 0.06 | batch 24,575
update 592 | step 14,548,992 | 46,727 sps | ent 1.05 | ev 0.89 | clip 0.07 | batch 24,579
  eval vs 3 random: 100.0% (96 games, baseline 25%)
  eval vs 3 heuristic: 80.2% (96 games, baseline 25%)
update 593 | step 14,573,568 | 46,312 sps | ent 1.06 | ev 0.89 | clip 0.06 | batch 24,573
update 594 | step 14,598,144 | 47,777 sps | ent 1.08 | ev 0.85 | clip 0.05 | batch 24,579
update 595 | step 14,622,720 | 50,487 sps | ent 1.08 | ev 0.87 | clip 0.06 | batch 24,575
update 596 | step 14,647,296 | 49,794 sps | ent 1.06 | ev 0.88 | clip 0.07 | batch 24,580
update 597 | step 14,671,872 | 46,985 sps | ent 1.06 | ev 0.87 | clip 0.06 | batch 24,570
update 598 | step 14,696,448 | 50,496 sps | ent 1.08 | ev 0.85 | clip 0.06 | batch 24,576
update 599 | step 14,721,024 | 46,339 sps | ent 1.05 | ev 0.88 | clip 0.08 | batch 24,578
update 600 | step 14,745,600 | 48,125 sps | ent 1.09 | ev 0.89 | clip 0.09 | batch 24,580
update 601 | step 14,770,176 | 47,522 sps | ent 1.05 | ev 0.88 | clip 0.06 | batch 24,570
update 602 | step 14,794,752 | 47,159 sps | ent 1.08 | ev 0.87 | clip 0.08 | batch 24,580
update 603 | step 14,819,328 | 49,960 sps | ent 1.06 | ev 0.85 | clip 0.06 | batch 24,573
update 604 | step 14,843,904 | 46,757 sps | ent 1.09 | ev 0.88 | clip 0.08 | batch 24,578
update 605 | step 14,868,480 | 50,602 sps | ent 1.07 | ev 0.86 | clip 0.06 | batch 24,579
update 606 | step 14,893,056 | 48,943 sps | ent 1.05 | ev 0.87 | clip 0.06 | batch 24,570
update 607 | step 14,917,632 | 48,107 sps | ent 1.08 | ev 0.87 | clip 0.06 | batch 24,578
update 608 | step 14,942,208 | 51,511 sps | ent 1.04 | ev 0.89 | clip 0.07 | batch 24,576
  eval vs 3 random: 100.0% (96 games, baseline 25%)
  eval vs 3 heuristic: 72.2% (97 games, baseline 25%)
update 609 | step 14,966,784 | 50,094 sps | ent 1.05 | ev 0.87 | clip 0.06 | batch 24,575
update 610 | step 14,991,360 | 50,379 sps | ent 1.01 | ev 0.87 | clip 0.06 | batch 24,577
update 611 | step 15,015,936 | 47,222 sps | ent 1.01 | ev 0.90 | clip 0.06 | batch 24,579
update 612 | step 15,040,512 | 50,280 sps | ent 0.95 | ev 0.89 | clip 0.06 | batch 24,577
update 613 | step 15,065,088 | 50,347 sps | ent 1.03 | ev 0.88 | clip 0.06 | batch 24,576
update 614 | step 15,089,664 | 51,455 sps | ent 1.05 | ev 0.87 | clip 0.07 | batch 24,576
update 615 | step 15,114,240 | 50,569 sps | ent 1.05 | ev 0.87 | clip 0.06 | batch 24,573
update 616 | step 15,138,816 | 50,006 sps | ent 1.06 | ev 0.88 | clip 0.08 | batch 24,581
update 617 | step 15,163,392 | 50,093 sps | ent 1.04 | ev 0.88 | clip 0.07 | batch 24,571
update 618 | step 15,187,968 | 49,275 sps | ent 1.04 | ev 0.86 | clip 0.06 | batch 24,573
update 619 | step 15,212,544 | 51,549 sps | ent 1.05 | ev 0.89 | clip 0.06 | batch 24,576
update 620 | step 15,237,120 | 48,918 sps | ent 1.05 | ev 0.87 | clip 0.09 | batch 24,580
update 621 | step 15,261,696 | 52,303 sps | ent 1.04 | ev 0.89 | clip 0.06 | batch 24,572
update 622 | step 15,286,272 | 51,489 sps | ent 1.05 | ev 0.87 | clip 0.06 | batch 24,576
update 623 | step 15,310,848 | 49,980 sps | ent 1.06 | ev 0.89 | clip 0.06 | batch 24,576
update 624 | step 15,335,424 | 50,429 sps | ent 1.06 | ev 0.88 | clip 0.08 | batch 24,580
  eval vs 3 random: 100.0% (96 games, baseline 25%)
  eval vs 3 heuristic: 75.3% (97 games, baseline 25%)
update 625 | step 15,360,000 | 49,127 sps | ent 1.00 | ev 0.85 | clip 0.06 | batch 24,577
update 626 | step 15,384,576 | 49,628 sps | ent 1.07 | ev 0.87 | clip 0.06 | batch 24,572
update 627 | step 15,409,152 | 48,294 sps | ent 1.09 | ev 0.87 | clip 0.07 | batch 24,579
update 628 | step 15,433,728 | 49,671 sps | ent 1.05 | ev 0.86 | clip 0.06 | batch 24,572
update 629 | step 15,458,304 | 48,155 sps | ent 1.06 | ev 0.86 | clip 0.07 | batch 24,579
update 630 | step 15,482,880 | 48,665 sps | ent 1.04 | ev 0.87 | clip 0.08 | batch 24,579
update 631 | step 15,507,456 | 51,959 sps | ent 1.07 | ev 0.87 | clip 0.06 | batch 24,572
update 632 | step 15,532,032 | 52,491 sps | ent 1.05 | ev 0.88 | clip 0.06 | batch 24,576
update 633 | step 15,556,608 | 47,898 sps | ent 1.08 | ev 0.88 | clip 0.06 | batch 24,578
update 634 | step 15,581,184 | 46,981 sps | ent 1.19 | ev 0.88 | clip 0.10 | batch 24,577
update 635 | step 15,605,760 | 50,997 sps | ent 1.06 | ev 0.89 | clip 0.06 | batch 24,572
update 636 | step 15,630,336 | 50,585 sps | ent 1.08 | ev 0.88 | clip 0.06 | batch 24,575
update 637 | step 15,654,912 | 47,968 sps | ent 0.99 | ev 0.86 | clip 0.07 | batch 24,579
update 638 | step 15,679,488 | 49,472 sps | ent 1.07 | ev 0.86 | clip 0.06 | batch 24,575
update 639 | step 15,704,064 | 48,019 sps | ent 0.96 | ev 0.87 | clip 0.05 | batch 24,577
update 640 | step 15,728,640 | 50,423 sps | ent 1.02 | ev 0.88 | clip 0.06 | batch 24,578
  eval vs 3 random: 99.0% (98 games, baseline 25%)
  eval vs 3 heuristic: 66.7% (96 games, baseline 25%)
update 641 | step 15,753,216 | 49,374 sps | ent 1.07 | ev 0.85 | clip 0.06 | batch 24,573
update 642 | step 15,777,792 | 50,925 sps | ent 0.98 | ev 0.87 | clip 0.05 | batch 24,577
update 643 | step 15,802,368 | 51,801 sps | ent 1.08 | ev 0.89 | clip 0.06 | batch 24,574
update 644 | step 15,826,944 | 49,870 sps | ent 1.05 | ev 0.90 | clip 0.07 | batch 24,579
update 645 | step 15,851,520 | 51,261 sps | ent 1.06 | ev 0.89 | clip 0.06 | batch 24,573
update 646 | step 15,876,096 | 49,282 sps | ent 1.06 | ev 0.87 | clip 0.06 | batch 24,576
update 647 | step 15,900,672 | 50,648 sps | ent 1.09 | ev 0.85 | clip 0.07 | batch 24,578
update 648 | step 15,925,248 | 50,933 sps | ent 1.09 | ev 0.87 | clip 0.06 | batch 24,574
update 649 | step 15,949,824 | 52,419 sps | ent 1.07 | ev 0.86 | clip 0.06 | batch 24,576
update 650 | step 15,974,400 | 48,980 sps | ent 1.08 | ev 0.88 | clip 0.08 | batch 24,580
update 651 | step 15,998,976 | 50,968 sps | ent 1.07 | ev 0.87 | clip 0.06 | batch 24,573
update 652 | step 16,023,552 | 51,910 sps | ent 1.06 | ev 0.86 | clip 0.06 | batch 24,574
update 653 | step 16,048,128 | 51,532 sps | ent 1.05 | ev 0.88 | clip 0.06 | batch 24,576
update 654 | step 16,072,704 | 47,793 sps | ent 1.00 | ev 0.88 | clip 0.08 | batch 24,578
update 655 | step 16,097,280 | 46,338 sps | ent 1.06 | ev 0.87 | clip 0.07 | batch 24,575
update 656 | step 16,121,856 | 44,609 sps | ent 1.06 | ev 0.88 | clip 0.07 | batch 24,580
  eval vs 3 random: 99.0% (96 games, baseline 25%)
  eval vs 3 heuristic: 69.8% (96 games, baseline 25%)
update 657 | step 16,146,432 | 47,119 sps | ent 1.05 | ev 0.88 | clip 0.07 | batch 24,571
update 658 | step 16,171,008 | 48,548 sps | ent 1.09 | ev 0.89 | clip 0.08 | batch 24,578
update 659 | step 16,195,584 | 48,162 sps | ent 1.04 | ev 0.89 | clip 0.07 | batch 24,578
update 660 | step 16,220,160 | 47,818 sps | ent 1.08 | ev 0.85 | clip 0.13 | batch 24,577
update 661 | step 16,244,736 | 51,236 sps | ent 1.07 | ev 0.86 | clip 0.06 | batch 24,571
update 662 | step 16,269,312 | 49,869 sps | ent 1.02 | ev 0.87 | clip 0.06 | batch 24,580
update 663 | step 16,293,888 | 49,460 sps | ent 1.06 | ev 0.87 | clip 0.06 | batch 24,575
update 664 | step 16,318,464 | 49,992 sps | ent 1.07 | ev 0.87 | clip 0.06 | batch 24,573
update 665 | step 16,343,040 | 50,297 sps | ent 1.13 | ev 0.88 | clip 0.05 | batch 24,577
update 666 | step 16,367,616 | 47,100 sps | ent 1.06 | ev 0.85 | clip 0.06 | batch 24,575
update 667 | step 16,392,192 | 49,960 sps | ent 1.09 | ev 0.88 | clip 0.07 | batch 24,579
update 668 | step 16,416,768 | 51,729 sps | ent 1.06 | ev 0.89 | clip 0.06 | batch 24,574
update 669 | step 16,441,344 | 49,596 sps | ent 1.08 | ev 0.87 | clip 0.08 | batch 24,583
update 670 | step 16,465,920 | 51,295 sps | ent 1.06 | ev 0.86 | clip 0.06 | batch 24,571
update 671 | step 16,490,496 | 50,649 sps | ent 1.06 | ev 0.87 | clip 0.06 | batch 24,574
update 672 | step 16,515,072 | 47,949 sps | ent 1.08 | ev 0.89 | clip 0.06 | batch 24,576
  eval vs 3 random: 100.0% (96 games, baseline 25%)
  eval vs 3 heuristic: 71.9% (96 games, baseline 25%)
update 673 | step 16,539,648 | 49,245 sps | ent 1.05 | ev 0.87 | clip 0.05 | batch 24,579
update 674 | step 16,564,224 | 47,495 sps | ent 1.08 | ev 0.86 | clip 0.06 | batch 24,577
update 675 | step 16,588,800 | 49,264 sps | ent 1.06 | ev 0.87 | clip 0.06 | batch 24,572
update 676 | step 16,613,376 | 49,386 sps | ent 1.00 | ev 0.88 | clip 0.06 | batch 24,577
update 677 | step 16,637,952 | 51,952 sps | ent 1.05 | ev 0.83 | clip 0.06 | batch 24,576
update 678 | step 16,662,528 | 50,886 sps | ent 1.05 | ev 0.87 | clip 0.06 | batch 24,575
update 679 | step 16,687,104 | 52,336 sps | ent 1.04 | ev 0.86 | clip 0.06 | batch 24,576
update 680 | step 16,711,680 | 49,478 sps | ent 1.01 | ev 0.88 | clip 0.09 | batch 24,577
update 681 | step 16,736,256 | 51,726 sps | ent 1.06 | ev 0.88 | clip 0.06 | batch 24,575
update 682 | step 16,760,832 | 51,015 sps | ent 1.06 | ev 0.87 | clip 0.06 | batch 24,577
update 683 | step 16,785,408 | 50,638 sps | ent 1.01 | ev 0.86 | clip 0.06 | batch 24,578
update 684 | step 16,809,984 | 46,549 sps | ent 1.05 | ev 0.88 | clip 0.06 | batch 24,572
update 685 | step 16,834,560 | 50,705 sps | ent 1.07 | ev 0.89 | clip 0.08 | batch 24,580
update 686 | step 16,859,136 | 52,328 sps | ent 1.06 | ev 0.86 | clip 0.06 | batch 24,574
update 687 | step 16,883,712 | 46,879 sps | ent 1.09 | ev 0.87 | clip 0.06 | batch 24,577
update 688 | step 16,908,288 | 51,730 sps | ent 1.04 | ev 0.89 | clip 0.06 | batch 24,576
  eval vs 3 random: 100.0% (96 games, baseline 25%)
  eval vs 3 heuristic: 69.8% (96 games, baseline 25%)
update 689 | step 16,932,864 | 50,643 sps | ent 1.05 | ev 0.89 | clip 0.06 | batch 24,574
update 690 | step 16,957,440 | 46,617 sps | ent 0.93 | ev 0.86 | clip 0.05 | batch 24,577
update 691 | step 16,982,016 | 49,297 sps | ent 1.02 | ev 0.86 | clip 0.08 | batch 24,578
update 692 | step 17,006,592 | 51,863 sps | ent 1.06 | ev 0.85 | clip 0.06 | batch 24,573
update 693 | step 17,031,168 | 49,892 sps | ent 1.06 | ev 0.86 | clip 0.06 | batch 24,578
update 694 | step 17,055,744 | 51,448 sps | ent 1.04 | ev 0.87 | clip 0.07 | batch 24,574
update 695 | step 17,080,320 | 45,466 sps | ent 0.97 | ev 0.85 | clip 0.06 | batch 24,578
update 696 | step 17,104,896 | 49,366 sps | ent 1.09 | ev 0.87 | clip 0.10 | batch 24,580
update 697 | step 17,129,472 | 47,887 sps | ent 1.06 | ev 0.88 | clip 0.06 | batch 24,571
update 698 | step 17,154,048 | 51,619 sps | ent 1.04 | ev 0.88 | clip 0.06 | batch 24,576
update 699 | step 17,178,624 | 50,848 sps | ent 1.05 | ev 0.88 | clip 0.06 | batch 24,578
update 700 | step 17,203,200 | 49,530 sps | ent 1.04 | ev 0.88 | clip 0.07 | batch 24,576
update 701 | step 17,227,776 | 52,648 sps | ent 1.04 | ev 0.86 | clip 0.06 | batch 24,572
update 702 | step 17,252,352 | 49,730 sps | ent 1.12 | ev 0.86 | clip 0.08 | batch 24,578
update 703 | step 17,276,928 | 51,789 sps | ent 1.05 | ev 0.86 | clip 0.06 | batch 24,575
update 704 | step 17,301,504 | 50,295 sps | ent 1.06 | ev 0.87 | clip 0.06 | batch 24,578
  eval vs 3 random: 100.0% (96 games, baseline 25%)
  eval vs 3 heuristic: 77.1% (96 games, baseline 25%)
update 705 | step 17,326,080 | 51,789 sps | ent 1.06 | ev 0.88 | clip 0.07 | batch 24,576
update 706 | step 17,350,656 | 51,993 sps | ent 1.06 | ev 0.84 | clip 0.06 | batch 24,576
update 707 | step 17,375,232 | 47,589 sps | ent 1.07 | ev 0.86 | clip 0.06 | batch 24,575
update 708 | step 17,399,808 | 50,256 sps | ent 1.06 | ev 0.88 | clip 0.07 | batch 24,582
update 709 | step 17,424,384 | 49,926 sps | ent 1.05 | ev 0.89 | clip 0.06 | batch 24,569
update 710 | step 17,448,960 | 44,832 sps | ent 1.04 | ev 0.88 | clip 0.10 | batch 24,577
update 711 | step 17,473,536 | 50,662 sps | ent 1.07 | ev 0.88 | clip 0.06 | batch 24,578
update 712 | step 17,498,112 | 47,936 sps | ent 1.08 | ev 0.85 | clip 0.06 | batch 24,573
update 713 | step 17,522,688 | 46,285 sps | ent 1.06 | ev 0.88 | clip 0.07 | batch 24,580
update 714 | step 17,547,264 | 44,585 sps | ent 1.06 | ev 0.89 | clip 0.10 | batch 24,579
update 715 | step 17,571,840 | 47,466 sps | ent 1.06 | ev 0.89 | clip 0.06 | batch 24,570
update 716 | step 17,596,416 | 49,597 sps | ent 1.13 | ev 0.86 | clip 0.07 | batch 24,579
update 717 | step 17,620,992 | 50,291 sps | ent 1.08 | ev 0.86 | clip 0.10 | batch 24,579
update 718 | step 17,645,568 | 49,698 sps | ent 1.07 | ev 0.87 | clip 0.06 | batch 24,569
update 719 | step 17,670,144 | 50,331 sps | ent 1.08 | ev 0.90 | clip 0.08 | batch 24,581
update 720 | step 17,694,720 | 47,687 sps | ent 1.06 | ev 0.88 | clip 0.06 | batch 24,575
  eval vs 3 random: 100.0% (96 games, baseline 25%)
  eval vs 3 heuristic: 74.0% (96 games, baseline 25%)
update 721 | step 17,719,296 | 48,396 sps | ent 1.08 | ev 0.85 | clip 0.06 | batch 24,572
update 722 | step 17,743,872 | 49,214 sps | ent 1.06 | ev 0.87 | clip 0.06 | batch 24,575
update 723 | step 17,768,448 | 49,671 sps | ent 1.11 | ev 0.87 | clip 0.06 | batch 24,577
update 724 | step 17,793,024 | 48,438 sps | ent 1.07 | ev 0.86 | clip 0.09 | batch 24,577
update 725 | step 17,817,600 | 51,282 sps | ent 1.06 | ev 0.87 | clip 0.06 | batch 24,574
update 726 | step 17,842,176 | 46,950 sps | ent 1.07 | ev 0.87 | clip 0.06 | batch 24,578
update 727 | step 17,866,752 | 50,868 sps | ent 1.06 | ev 0.87 | clip 0.07 | batch 24,576
update 728 | step 17,891,328 | 50,012 sps | ent 1.09 | ev 0.88 | clip 0.08 | batch 24,578
update 729 | step 17,915,904 | 46,255 sps | ent 1.06 | ev 0.86 | clip 0.07 | batch 24,574
update 730 | step 17,940,480 | 50,467 sps | ent 1.13 | ev 0.87 | clip 0.07 | batch 24,580
update 731 | step 17,965,056 | 50,216 sps | ent 1.05 | ev 0.88 | clip 0.07 | batch 24,575
update 732 | step 17,989,632 | 49,914 sps | ent 1.06 | ev 0.86 | clip 0.06 | batch 24,575
update 733 | step 18,014,208 | 46,327 sps | ent 1.01 | ev 0.84 | clip 0.07 | batch 24,580
update 734 | step 18,038,784 | 49,967 sps | ent 1.07 | ev 0.87 | clip 0.06 | batch 24,570
update 735 | step 18,063,360 | 51,508 sps | ent 1.07 | ev 0.86 | clip 0.06 | batch 24,576
update 736 | step 18,087,936 | 52,109 sps | ent 1.05 | ev 0.84 | clip 0.07 | batch 24,576
  eval vs 3 random: 100.0% (96 games, baseline 25%)
  eval vs 3 heuristic: 79.2% (96 games, baseline 25%)
update 737 | step 18,112,512 | 48,570 sps | ent 1.06 | ev 0.86 | clip 0.07 | batch 24,583
update 738 | step 18,137,088 | 51,755 sps | ent 1.06 | ev 0.89 | clip 0.07 | batch 24,570
update 739 | step 18,161,664 | 50,119 sps | ent 1.01 | ev 0.87 | clip 0.06 | batch 24,577
update 740 | step 18,186,240 | 49,955 sps | ent 1.05 | ev 0.87 | clip 0.06 | batch 24,572
update 741 | step 18,210,816 | 50,232 sps | ent 0.99 | ev 0.87 | clip 0.08 | batch 24,579
update 742 | step 18,235,392 | 50,531 sps | ent 1.01 | ev 0.87 | clip 0.07 | batch 24,578
update 743 | step 18,259,968 | 47,853 sps | ent 1.05 | ev 0.87 | clip 0.06 | batch 24,573
update 744 | step 18,284,544 | 47,970 sps | ent 1.04 | ev 0.87 | clip 0.07 | batch 24,576
update 745 | step 18,309,120 | 46,674 sps | ent 1.05 | ev 0.85 | clip 0.06 | batch 24,574
update 746 | step 18,333,696 | 50,561 sps | ent 1.04 | ev 0.87 | clip 0.07 | batch 24,586
update 747 | step 18,358,272 | 51,413 sps | ent 1.05 | ev 0.83 | clip 0.06 | batch 24,569
update 748 | step 18,382,848 | 50,065 sps | ent 1.10 | ev 0.89 | clip 0.07 | batch 24,578
update 749 | step 18,407,424 | 47,469 sps | ent 1.03 | ev 0.88 | clip 0.07 | batch 24,573
update 750 | step 18,432,000 | 50,619 sps | ent 0.96 | ev 0.89 | clip 0.06 | batch 24,577
update 751 | step 18,456,576 | 52,576 sps | ent 1.03 | ev 0.86 | clip 0.06 | batch 24,575
update 752 | step 18,481,152 | 48,117 sps | ent 1.04 | ev 0.88 | clip 0.06 | batch 24,576
  eval vs 3 random: 100.0% (96 games, baseline 25%)
  eval vs 3 heuristic: 68.8% (96 games, baseline 25%)
update 753 | step 18,505,728 | 49,029 sps | ent 0.93 | ev 0.86 | clip 0.06 | batch 24,578
update 754 | step 18,530,304 | 50,284 sps | ent 1.06 | ev 0.87 | clip 0.07 | batch 24,573
update 755 | step 18,554,880 | 49,714 sps | ent 1.04 | ev 0.85 | clip 0.07 | batch 24,582
update 756 | step 18,579,456 | 48,292 sps | ent 1.04 | ev 0.88 | clip 0.06 | batch 24,578
update 757 | step 18,604,032 | 50,980 sps | ent 1.03 | ev 0.85 | clip 0.07 | batch 24,571
update 758 | step 18,628,608 | 51,919 sps | ent 1.06 | ev 0.88 | clip 0.07 | batch 24,574
update 759 | step 18,653,184 | 52,670 sps | ent 1.04 | ev 0.89 | clip 0.06 | batch 24,576
update 760 | step 18,677,760 | 48,914 sps | ent 1.05 | ev 0.90 | clip 0.06 | batch 24,576
update 761 | step 18,702,336 | 49,990 sps | ent 0.99 | ev 0.89 | clip 0.06 | batch 24,578
update 762 | step 18,726,912 | 51,059 sps | ent 1.05 | ev 0.87 | clip 0.07 | batch 24,573
update 763 | step 18,751,488 | 51,589 sps | ent 1.03 | ev 0.88 | clip 0.07 | batch 24,575
update 764 | step 18,776,064 | 49,473 sps | ent 1.13 | ev 0.89 | clip 0.06 | batch 24,577
update 765 | step 18,800,640 | 50,576 sps | ent 1.06 | ev 0.88 | clip 0.06 | batch 24,576
update 766 | step 18,825,216 | 50,060 sps | ent 1.04 | ev 0.90 | clip 0.06 | batch 24,575
update 767 | step 18,849,792 | 50,337 sps | ent 1.07 | ev 0.89 | clip 0.07 | batch 24,578
update 768 | step 18,874,368 | 51,624 sps | ent 1.05 | ev 0.85 | clip 0.07 | batch 24,576
  eval vs 3 random: 100.0% (96 games, baseline 25%)
  eval vs 3 heuristic: 66.7% (96 games, baseline 25%)
update 769 | step 18,898,944 | 50,653 sps | ent 1.05 | ev 0.87 | clip 0.06 | batch 24,576
update 770 | step 18,923,520 | 50,624 sps | ent 0.99 | ev 0.86 | clip 0.06 | batch 24,577
update 771 | step 18,948,096 | 47,260 sps | ent 1.01 | ev 0.84 | clip 0.06 | batch 24,577
update 772 | step 18,972,672 | 46,972 sps | ent 1.05 | ev 0.86 | clip 0.07 | batch 24,575
update 773 | step 18,997,248 | 46,210 sps | ent 1.03 | ev 0.86 | clip 0.07 | batch 24,575
update 774 | step 19,021,824 | 51,712 sps | ent 1.03 | ev 0.85 | clip 0.06 | batch 24,574
update 775 | step 19,046,400 | 49,131 sps | ent 1.07 | ev 0.86 | clip 0.06 | batch 24,577
update 776 | step 19,070,976 | 45,165 sps | ent 1.04 | ev 0.84 | clip 0.06 | batch 24,583
update 777 | step 19,095,552 | 51,469 sps | ent 1.03 | ev 0.86 | clip 0.07 | batch 24,568
update 778 | step 19,120,128 | 46,649 sps | ent 0.95 | ev 0.87 | clip 0.06 | batch 24,579
update 779 | step 19,144,704 | 48,526 sps | ent 0.95 | ev 0.87 | clip 0.06 | batch 24,579
update 780 | step 19,169,280 | 50,181 sps | ent 1.03 | ev 0.86 | clip 0.06 | batch 24,573
update 781 | step 19,193,856 | 46,606 sps | ent 1.03 | ev 0.86 | clip 0.06 | batch 24,575
update 782 | step 19,218,432 | 50,113 sps | ent 1.13 | ev 0.88 | clip 0.10 | batch 24,577
update 783 | step 19,243,008 | 47,059 sps | ent 1.02 | ev 0.85 | clip 0.06 | batch 24,573
update 784 | step 19,267,584 | 49,509 sps | ent 1.03 | ev 0.87 | clip 0.06 | batch 24,578
  eval vs 3 random: 100.0% (96 games, baseline 25%)
  eval vs 3 heuristic: 69.8% (96 games, baseline 25%)
update 785 | step 19,292,160 | 45,150 sps | ent 1.04 | ev 0.87 | clip 0.07 | batch 24,576
update 786 | step 19,316,736 | 49,373 sps | ent 1.08 | ev 0.87 | clip 0.06 | batch 24,577
update 787 | step 19,341,312 | 50,787 sps | ent 1.04 | ev 0.87 | clip 0.10 | batch 24,577
update 788 | step 19,365,888 | 50,250 sps | ent 1.05 | ev 0.88 | clip 0.06 | batch 24,574
update 789 | step 19,390,464 | 49,109 sps | ent 0.99 | ev 0.89 | clip 0.06 | batch 24,580
update 790 | step 19,415,040 | 46,722 sps | ent 1.03 | ev 0.89 | clip 0.06 | batch 24,571
update 791 | step 19,439,616 | 49,859 sps | ent 1.04 | ev 0.87 | clip 0.08 | batch 24,578
update 792 | step 19,464,192 | 52,534 sps | ent 1.04 | ev 0.85 | clip 0.07 | batch 24,573
update 793 | step 19,488,768 | 50,160 sps | ent 0.99 | ev 0.86 | clip 0.06 | batch 24,577
update 794 | step 19,513,344 | 47,838 sps | ent 1.15 | ev 0.88 | clip 0.07 | batch 24,577
update 795 | step 19,537,920 | 46,606 sps | ent 0.99 | ev 0.86 | clip 0.06 | batch 24,577
update 796 | step 19,562,496 | 50,630 sps | ent 1.05 | ev 0.88 | clip 0.06 | batch 24,576
update 797 | step 19,587,072 | 50,983 sps | ent 0.97 | ev 0.89 | clip 0.06 | batch 24,577
update 798 | step 19,611,648 | 51,667 sps | ent 1.06 | ev 0.88 | clip 0.06 | batch 24,575
update 799 | step 19,636,224 | 49,844 sps | ent 1.06 | ev 0.85 | clip 0.06 | batch 24,576
update 800 | step 19,660,800 | 51,167 sps | ent 1.06 | ev 0.88 | clip 0.06 | batch 24,576
  eval vs 3 random: 100.0% (96 games, baseline 25%)
  eval vs 3 heuristic: 74.2% (97 games, baseline 25%)
final eval vs 3 random: 100.0% | avg VP 10.1 | done at step 19,660,800
final eval vs 3 heuristic: 78.1% | avg VP 9.5 | done at step 19,660,800
