test_accepts_a_complete_paired_rotation (test_analyze_bot_evaluation.EvaluationInputTests.test_accepts_a_complete_paired_rotation) ... ok
test_clustered_interval_handles_uneven_timeouts (test_analyze_bot_evaluation.EvaluationInputTests.test_clustered_interval_handles_uneven_timeouts) ... ok
test_evaluation_key_contains_every_configuration_dimension (test_analyze_bot_evaluation.EvaluationInputTests.test_evaluation_key_contains_every_configuration_dimension) ... ok
test_explicit_legacy_schema_three_and_four_use_four_seat_defaults (test_analyze_bot_evaluation.EvaluationInputTests.test_explicit_legacy_schema_three_and_four_use_four_seat_defaults) ... ok
test_metric_presence_supports_archived_schemas_without_new_fields (test_analyze_bot_evaluation.EvaluationInputTests.test_metric_presence_supports_archived_schemas_without_new_fields) ... ok
test_paired_rate_difference_refuses_an_arm_with_no_opportunities (test_analyze_bot_evaluation.EvaluationInputTests.test_paired_rate_difference_refuses_an_arm_with_no_opportunities) ... ok
test_paired_rate_difference_reports_pooled_rates_and_cluster_interval (test_analyze_bot_evaluation.EvaluationInputTests.test_paired_rate_difference_reports_pooled_rates_and_cluster_interval) ... ok
test_paired_rate_difference_requires_the_same_seed_and_chair_keys (test_analyze_bot_evaluation.EvaluationInputTests.test_paired_rate_difference_requires_the_same_seed_and_chair_keys) ... ok
test_rejects_a_duplicate_seed_within_a_shard (test_analyze_bot_evaluation.EvaluationInputTests.test_rejects_a_duplicate_seed_within_a_shard) ... ok
test_rejects_current_schema_with_incomplete_configuration (test_analyze_bot_evaluation.EvaluationInputTests.test_rejects_current_schema_with_incomplete_configuration) ... ok
test_rejects_current_schema_without_configuration_provenance (test_analyze_bot_evaluation.EvaluationInputTests.test_rejects_current_schema_without_configuration_provenance) ... ok
test_rejects_mismatched_seed_sets (test_analyze_bot_evaluation.EvaluationInputTests.test_rejects_mismatched_seed_sets) ... ok
test_rejects_policy_and_behavior_widths_that_do_not_match_player_count (test_analyze_bot_evaluation.EvaluationInputTests.test_rejects_policy_and_behavior_widths_that_do_not_match_player_count) ... ok
test_rejects_pooled_results_across_rules_configurations (test_analyze_bot_evaluation.EvaluationInputTests.test_rejects_pooled_results_across_rules_configurations) ... ok
test_rejects_wrong_build_provenance (test_analyze_bot_evaluation.EvaluationInputTests.test_rejects_wrong_build_provenance) ... ok
test_rejects_wrong_policy_provenance (test_analyze_bot_evaluation.EvaluationInputTests.test_rejects_wrong_policy_provenance) ... ok
test_three_player_cluster_requires_exactly_three_rotations (test_analyze_bot_evaluation.EvaluationInputTests.test_three_player_cluster_requires_exactly_three_rotations) ... ok
test_bootstrap_resamples_whole_seed_clusters (test_analyze_bot_evaluation.PairedWinRateCLITests.test_bootstrap_resamples_whole_seed_clusters) ... ok
test_current_default_accepts_schema_five_evaluation_rows (test_analyze_bot_evaluation.PairedWinRateCLITests.test_current_default_accepts_schema_five_evaluation_rows) ... ok
test_explicit_schema_three_and_four_legacy_paired_analysis_still_works (test_analyze_bot_evaluation.PairedWinRateCLITests.test_explicit_schema_three_and_four_legacy_paired_analysis_still_works) ... ok
test_refuses_mismatched_configuration_keys (test_analyze_bot_evaluation.PairedWinRateCLITests.test_refuses_mismatched_configuration_keys) ... ok
test_refuses_mismatched_seed_keys (test_analyze_bot_evaluation.PairedWinRateCLITests.test_refuses_mismatched_seed_keys) ... ok
test_refuses_three_seat_configuration_mismatch_before_output (test_analyze_bot_evaluation.PairedWinRateCLITests.test_refuses_three_seat_configuration_mismatch_before_output) ... ok
test_refuses_wrong_baseline_build_provenance (test_analyze_bot_evaluation.PairedWinRateCLITests.test_refuses_wrong_baseline_build_provenance) ... ok
test_refuses_wrong_baseline_evaluated_policy_provenance (test_analyze_bot_evaluation.PairedWinRateCLITests.test_refuses_wrong_baseline_evaluated_policy_provenance) ... ok
test_refuses_wrong_baseline_foil_policy_provenance (test_analyze_bot_evaluation.PairedWinRateCLITests.test_refuses_wrong_baseline_foil_policy_provenance) ... ok
test_reports_paired_strength_across_independent_binaries (test_analyze_bot_evaluation.PairedWinRateCLITests.test_reports_paired_strength_across_independent_binaries) ... ok
test_reports_pooled_decisive_rates_when_one_arm_times_out (test_analyze_bot_evaluation.PairedWinRateCLITests.test_reports_pooled_decisive_rates_when_one_arm_times_out) ... ok
test_reports_real_three_seat_paired_evaluation (test_analyze_bot_evaluation.PairedWinRateCLITests.test_reports_real_three_seat_paired_evaluation) ... ok
test_capped_native_game_is_rejected_even_with_matching_status (test_audit_catan_reconstruction.CompletionAuditTests.test_capped_native_game_is_rejected_even_with_matching_status) ... ok
test_corrupt_checkpoint_is_rejected (test_audit_catan_reconstruction.CompletionAuditTests.test_corrupt_checkpoint_is_rejected) ... ok
test_duplicate_or_missing_cell_is_rejected (test_audit_catan_reconstruction.CompletionAuditTests.test_duplicate_or_missing_cell_is_rejected) ... ok
test_failed_pipeline_and_wrong_receipt_rejected (test_audit_catan_reconstruction.CompletionAuditTests.test_failed_pipeline_and_wrong_receipt_rejected) ... ok
test_late_completion_is_rejected (test_audit_catan_reconstruction.CompletionAuditTests.test_late_completion_is_rejected) ... ok
test_overshoot_kept_and_cap_never_a_win (test_audit_catan_reconstruction.CompletionAuditTests.test_overshoot_kept_and_cap_never_a_win) ... ok
test_protocol_change_is_rejected (test_audit_catan_reconstruction.CompletionAuditTests.test_protocol_change_is_rejected) ... ok
test_running_watchdog_is_not_completion (test_audit_catan_reconstruction.CompletionAuditTests.test_running_watchdog_is_not_completion) ... ok
test_summary_cannot_invent_wins (test_audit_catan_reconstruction.CompletionAuditTests.test_summary_cannot_invent_wins) ... ok
test_truncated_raw_file_is_rejected (test_audit_catan_reconstruction.CompletionAuditTests.test_truncated_raw_file_is_rejected) ... ok
test_valid_smoke_remains_not_a_training_reproduction_claim (test_audit_catan_reconstruction.CompletionAuditTests.test_valid_smoke_remains_not_a_training_reproduction_claim) ... ok
test_wrong_parent_is_rejected (test_audit_catan_reconstruction.CompletionAuditTests.test_wrong_parent_is_rejected) ... ok
test_checkpoint_copy_enforces_hash_and_freezes_bytes (test_evaluate_bots.EvaluationRunnerTests.test_checkpoint_copy_enforces_hash_and_freezes_bytes) ... ok
test_checkpoint_descriptors_are_strict_and_relative_to_config (test_evaluate_bots.EvaluationRunnerTests.test_checkpoint_descriptors_are_strict_and_relative_to_config) ... ok
test_checkpoint_hash_failure_retains_inputs_without_running_build (test_evaluate_bots.EvaluationRunnerTests.test_checkpoint_hash_failure_retains_inputs_without_running_build) ... ok
test_checkpoint_pipeline_matches_bundled_policy_on_identical_bytes (test_evaluate_bots.EvaluationRunnerTests.test_checkpoint_pipeline_matches_bundled_policy_on_identical_bytes) ... ok
test_command_failure_retains_raw_output (test_evaluate_bots.EvaluationRunnerTests.test_command_failure_retains_raw_output) ... Running: ['/opt/homebrew/opt/python@3.14/bin/python3.14', '-c', "print('partial'); raise SystemExit(7)"]
ok
test_config_rejects_ambiguous_or_unbounded_inputs (test_evaluate_bots.EvaluationRunnerTests.test_config_rejects_ambiguous_or_unbounded_inputs) ... ok
test_distinct_checkpoint_bytes_reach_play_in_both_descriptor_arms (test_evaluate_bots.EvaluationRunnerTests.test_distinct_checkpoint_bytes_reach_play_in_both_descriptor_arms) ... ok
test_existing_output_is_never_overwritten (test_evaluate_bots.EvaluationRunnerTests.test_existing_output_is_never_overwritten) ... ok
test_pipeline_failures_retain_inputs_without_success_receipt (test_evaluate_bots.EvaluationRunnerTests.test_pipeline_failures_retain_inputs_without_success_receipt) ... ok
test_real_pipeline_repeats_across_processes_with_complete_artifacts (test_evaluate_bots.EvaluationRunnerTests.test_real_pipeline_repeats_across_processes_with_complete_artifacts) ... ok
test_unexpected_fallbacks_and_missing_audits_fail (test_evaluate_bots.EvaluationRunnerTests.test_unexpected_fallbacks_and_missing_audits_fail) ... ok
test_wrong_seeds_configuration_and_capped_games_fail_loudly (test_evaluate_bots.EvaluationRunnerTests.test_wrong_seeds_configuration_and_capped_games_fail_loudly) ... ok
test_linked_worktree_runs_its_own_gate (test_install_hooks.WorktreeHookTests.test_linked_worktree_runs_its_own_gate) ... ok
test_duplicate_games_are_not_deduplicated (test_reproduce_catan_policy.ReproductionEvidenceTests.test_duplicate_games_are_not_deduplicated) ... ok
test_every_reported_game_field_affects_fingerprint (test_reproduce_catan_policy.ReproductionEvidenceTests.test_every_reported_game_field_affects_fingerprint) ... ok
test_gate_rejects_wrong_count_score_and_caps (test_reproduce_catan_policy.ReproductionEvidenceTests.test_gate_rejects_wrong_count_score_and_caps) ... ok
test_parallel_arrival_order_is_not_a_game_change (test_reproduce_catan_policy.ReproductionEvidenceTests.test_parallel_arrival_order_is_not_a_game_change) ... ok
test_creation_uses_the_newest_runtime_numerically (test_select_qa_simulator.QASimulatorSelectionTests.test_creation_uses_the_newest_runtime_numerically) ... ok
test_missing_iphone_is_a_loud_failure (test_select_qa_simulator.QASimulatorSelectionTests.test_missing_iphone_is_a_loud_failure) ... ok
test_never_falls_back_to_a_personal_phone (test_select_qa_simulator.QASimulatorSelectionTests.test_never_falls_back_to_a_personal_phone) ... ok
test_override_accepts_only_an_available_reserved_device (test_select_qa_simulator.QASimulatorSelectionTests.test_override_accepts_only_an_available_reserved_device) ... ok
test_override_rejects_a_personal_simulator (test_select_qa_simulator.QASimulatorSelectionTests.test_override_rejects_a_personal_simulator) ... ok
test_selects_named_qa_device_instead_of_booted_personal_phone (test_select_qa_simulator.QASimulatorSelectionTests.test_selects_named_qa_device_instead_of_booted_personal_phone) ... ok
test_checkpoint_flags_reject_missing_duplicate_invalid_and_unused_inputs (test_sim_cli.SimulatorConfigurationTests.test_checkpoint_flags_reject_missing_duplicate_invalid_and_unused_inputs) ... ok
test_checkpoint_registry_exposes_distinct_caller_supplied_identities (test_sim_cli.SimulatorConfigurationTests.test_checkpoint_registry_exposes_distinct_caller_supplied_identities) ... ok
test_configuration_flags_reject_unsupported_duplicate_and_wrapping_values (test_sim_cli.SimulatorConfigurationTests.test_configuration_flags_reject_unsupported_duplicate_and_wrapping_values) ... ok
test_decision_trace_actual_3000_move_cap_without_training_labels (test_sim_cli.SimulatorConfigurationTests.test_decision_trace_actual_3000_move_cap_without_training_labels) ... cap fixture trace: sim: 1 games in 4.20s (0.2 games/sec); plain: sim: 1 games in 1.43s (0.7 games/sec); bytes=72647000
ok
test_decision_trace_file_failure_preserves_complete_prefix (test_sim_cli.SimulatorConfigurationTests.test_decision_trace_file_failure_preserves_complete_prefix) ... ok
test_decision_trace_preserves_stdout_and_orders_every_evaluation (test_sim_cli.SimulatorConfigurationTests.test_decision_trace_preserves_stdout_and_orders_every_evaluation) ... ok
test_decision_trace_queued_cap_forced_override_and_byte_limit (test_sim_cli.SimulatorConfigurationTests.test_decision_trace_queued_cap_forced_override_and_byte_limit) ... ok
test_decision_trace_rejects_ambiguous_flags_and_existing_paths (test_sim_cli.SimulatorConfigurationTests.test_decision_trace_rejects_ambiguous_flags_and_existing_paths) ... ok
test_default_run_matches_the_explicit_historical_configuration (test_sim_cli.SimulatorConfigurationTests.test_default_run_matches_the_explicit_historical_configuration) ... ok
test_every_supported_configuration_runs_to_a_decisive_game (test_sim_cli.SimulatorConfigurationTests.test_every_supported_configuration_runs_to_a_decisive_game) ... ok
test_missing_or_bad_checkpoint_fails_before_creating_outputs (test_sim_cli.SimulatorConfigurationTests.test_missing_or_bad_checkpoint_fails_before_creating_outputs) ... ok
test_neural_seats_complete_a_reproducible_game_with_real_policy_ids (test_sim_cli.SimulatorConfigurationTests.test_neural_seats_complete_a_reproducible_game_with_real_policy_ids) ... ok
test_policy_audit_counts_all_neural_and_consulted_trade_routes (test_sim_cli.SimulatorConfigurationTests.test_policy_audit_counts_all_neural_and_consulted_trade_routes) ... ok
test_policy_audit_refuses_existing_paths_without_overwriting (test_sim_cli.SimulatorConfigurationTests.test_policy_audit_refuses_existing_paths_without_overwriting) ... ok
test_policy_audit_retains_completed_rows_when_a_later_write_fails (test_sim_cli.SimulatorConfigurationTests.test_policy_audit_retains_completed_rows_when_a_later_write_fails) ... ok
test_policy_registry_is_standalone_and_deterministic (test_sim_cli.SimulatorConfigurationTests.test_policy_registry_is_standalone_and_deterministic) ... ok
test_same_checkpoint_bytes_preserve_gameplay_and_audits_except_identity (test_sim_cli.SimulatorConfigurationTests.test_same_checkpoint_bytes_preserve_gameplay_and_audits_except_identity) ... ok
test_three_player_standard_eight_point_game_reports_its_configuration (test_sim_cli.SimulatorConfigurationTests.test_three_player_standard_eight_point_game_reports_its_configuration) ... ok
test_three_player_training_examples_carry_the_same_configuration (test_sim_cli.SimulatorConfigurationTests.test_three_player_training_examples_carry_the_same_configuration) ... ok
test_unknown_policy_names_fail_before_game_output (test_sim_cli.SimulatorConfigurationTests.test_unknown_policy_names_fail_before_game_output) ... ok
test_checkpoint_records_layouts_and_training_seeds (test_train_policy_baseline.PolicyValueBaselineTests.test_checkpoint_records_layouts_and_training_seeds) ... ok
test_checkpoint_round_trip_preserves_predictions_and_bytes (test_train_policy_baseline.PolicyValueBaselineTests.test_checkpoint_round_trip_preserves_predictions_and_bytes) ... ok
test_masked_policy_never_selects_an_illegal_popular_action (test_train_policy_baseline.PolicyValueBaselineTests.test_masked_policy_never_selects_an_illegal_popular_action) ... ok
test_phase_conditioning_changes_the_learned_preference (test_train_policy_baseline.PolicyValueBaselineTests.test_phase_conditioning_changes_the_learned_preference) ... ok
test_split_keeps_every_game_in_exactly_one_fold (test_train_policy_baseline.PolicyValueBaselineTests.test_split_keeps_every_game_in_exactly_one_fold) ... ok
test_value_baseline_fits_a_separable_signal (test_train_policy_baseline.PolicyValueBaselineTests.test_value_baseline_fits_a_separable_signal) ... ok
test_budgets_reject_unbounded_values (test_training_watchdog.TrainingWatchdogTests.test_budgets_reject_unbounded_values) ... ok
test_cleanup_failure_cannot_record_completion (test_training_watchdog.TrainingWatchdogTests.test_cleanup_failure_cannot_record_completion) ... ok
test_dead_guardian_is_not_reported_running (test_training_watchdog.TrainingWatchdogTests.test_dead_guardian_is_not_reported_running) ... ok
test_deadline_comes_from_epoch_not_local_run_directory (test_training_watchdog.TrainingWatchdogTests.test_deadline_comes_from_epoch_not_local_run_directory) ... ok
test_either_clock_can_expire_budget (test_training_watchdog.TrainingWatchdogTests.test_either_clock_can_expire_budget) ... ok
test_existing_receipt_cannot_launch_duplicate (test_training_watchdog.TrainingWatchdogTests.test_existing_receipt_cannot_launch_duplicate) ... ok
test_repeated_term_cannot_skip_forced_cleanup (test_training_watchdog.TrainingWatchdogTests.test_repeated_term_cannot_skip_forced_cleanup) ... ok
test_success_and_failure_are_distinct (test_training_watchdog.TrainingWatchdogTests.test_success_and_failure_are_distinct) ... ok
test_timeout_kills_child_even_when_parent_exits_on_term (test_training_watchdog.TrainingWatchdogTests.test_timeout_kills_child_even_when_parent_exits_on_term) ... ok
test_accepts_the_complete_contract (test_validate_training_data.TrainingDataValidationTests.test_accepts_the_complete_contract) ... ok
test_rejects_a_chosen_action_outside_the_mask (test_validate_training_data.TrainingDataValidationTests.test_rejects_a_chosen_action_outside_the_mask) ... ok
test_rejects_a_negative_decision_index (test_validate_training_data.TrainingDataValidationTests.test_rejects_a_negative_decision_index) ... ok
test_rejects_a_stale_layout (test_validate_training_data.TrainingDataValidationTests.test_rejects_a_stale_layout) ... ok
test_rejects_an_outcome_that_disagrees_with_the_winner (test_validate_training_data.TrainingDataValidationTests.test_rejects_an_outcome_that_disagrees_with_the_winner) ... ok
test_rejects_duplicate_decisions_across_files (test_validate_training_data.TrainingDataValidationTests.test_rejects_duplicate_decisions_across_files) ... ok
test_rejects_duplicate_or_extra_fields (test_validate_training_data.TrainingDataValidationTests.test_rejects_duplicate_or_extra_fields) ... ok
test_rejects_nonfinite_or_out_of_range_features (test_validate_training_data.TrainingDataValidationTests.test_rejects_nonfinite_or_out_of_range_features) ... ok
test_rejects_unsorted_or_duplicate_legal_actions (test_validate_training_data.TrainingDataValidationTests.test_rejects_unsorted_or_duplicate_legal_actions) ... ok
test_rejects_unsupported_evaluation_configuration (test_validate_training_data.TrainingDataValidationTests.test_rejects_unsupported_evaluation_configuration) ... ok
test_same_seed_in_different_configurations_is_not_a_duplicate_game (test_validate_training_data.TrainingDataValidationTests.test_same_seed_in_different_configurations_is_not_a_duplicate_game) ... ok

----------------------------------------------------------------------
Ran 110 tests in 90.627s

OK
