Running: ['git', 'rev-parse', 'HEAD']
Running: ['git', 'status', '--short']
Running: ['swift', 'build', '--package-path', '/Users/alex/Documents/Personal Projects/Settlers/Packages/CatanAI', '-c', 'release', '--product', 'sim']
Running: ['swift', 'build', '--package-path', '/Users/alex/Documents/Personal Projects/Settlers/Packages/CatanAI', '-c', 'release', '--show-bin-path']
Running: ['/private/tmp/empires-fresh-vs-r2-native-20260906/frozen/sim', '--list-policies', '--neural-checkpoint', '/private/tmp/empires-fresh-vs-r2-native-20260906/frozen/candidate.ctnn', '--neural-checkpoint-id', 'sha256-a12360eee6f8cbcb538b9f16582aaadeacb1b25a8011ed638281c64048eaad0b']
Running: ['/private/tmp/empires-fresh-vs-r2-native-20260906/frozen/sim', '--list-policies']
Running: ['swift', '--version']
swift-driver version: 1.148.6 Running: ['/private/tmp/empires-fresh-vs-r2-native-20260906/frozen/sim', '--jsonl', '--build-id', 'frozen-33972e4c6ba28bb154a540afaa95361367a404226b51b574512ae0e0f024aac3', '--games', '32', '--seed', '960901', '--players', '4', '--victory-points', '10', '--board', 'randomized', '--seats', 'neural-checkpoint,greedy,greedy,greedy', '--policy-audit-jsonl', '/private/tmp/empires-fresh-vs-r2-native-20260906/candidate-seat0.audit.jsonl', '--neural-checkpoint', '/private/tmp/empires-fresh-vs-r2-native-20260906/frozen/candidate.ctnn', '--neural-checkpoint-id', 'sha256-a12360eee6f8cbcb538b9f16582aaadeacb1b25a8011ed638281c64048eaad0b']
Running: ['/private/tmp/empires-fresh-vs-r2-native-20260906/frozen/sim', '--jsonl', '--build-id', 'frozen-33972e4c6ba28bb154a540afaa95361367a404226b51b574512ae0e0f024aac3', '--games', '32', '--seed', '960901', '--players', '4', '--victory-points', '10', '--board', 'randomized', '--seats', 'greedy,neural-checkpoint,greedy,greedy', '--policy-audit-jsonl', '/private/tmp/empires-fresh-vs-r2-native-20260906/candidate-seat1.audit.jsonl', '--neural-checkpoint', '/private/tmp/empires-fresh-vs-r2-native-20260906/frozen/candidate.ctnn', '--neural-checkpoint-id', 'sha256-a12360eee6f8cbcb538b9f16582aaadeacb1b25a8011ed638281c64048eaad0b']
Running: ['/private/tmp/empires-fresh-vs-r2-native-20260906/frozen/sim', '--jsonl', '--build-id', 'frozen-33972e4c6ba28bb154a540afaa95361367a404226b51b574512ae0e0f024aac3', '--games', '32', '--seed', '960901', '--players', '4', '--victory-points', '10', '--board', 'randomized', '--seats', 'greedy,greedy,neural-checkpoint,greedy', '--policy-audit-jsonl', '/private/tmp/empires-fresh-vs-r2-native-20260906/candidate-seat2.audit.jsonl', '--neural-checkpoint', '/private/tmp/empires-fresh-vs-r2-native-20260906/frozen/candidate.ctnn', '--neural-checkpoint-id', 'sha256-a12360eee6f8cbcb538b9f16582aaadeacb1b25a8011ed638281c64048eaad0b']
Running: ['/private/tmp/empires-fresh-vs-r2-native-20260906/frozen/sim', '--jsonl', '--build-id', 'frozen-33972e4c6ba28bb154a540afaa95361367a404226b51b574512ae0e0f024aac3', '--games', '32', '--seed', '960901', '--players', '4', '--victory-points', '10', '--board', 'randomized', '--seats', 'greedy,greedy,greedy,neural-checkpoint', '--policy-audit-jsonl', '/private/tmp/empires-fresh-vs-r2-native-20260906/candidate-seat3.audit.jsonl', '--neural-checkpoint', '/private/tmp/empires-fresh-vs-r2-native-20260906/frozen/candidate.ctnn', '--neural-checkpoint-id', 'sha256-a12360eee6f8cbcb538b9f16582aaadeacb1b25a8011ed638281c64048eaad0b']
Traceback (most recent call last):
  File "/Users/alex/Documents/Personal Projects/Settlers/scripts/evaluate-bots.py", line 508, in <module>
    raise SystemExit(main())
                     ~~~~^^
  File "/Users/alex/Documents/Personal Projects/Settlers/scripts/evaluate-bots.py", line 481, in main
    worker(output)
    ~~~~~~^^^^^^^^
  File "/Users/alex/Documents/Personal Projects/Settlers/scripts/evaluate-bots.py", line 455, in worker
    arm: run_arm(config, arm, binary, build_id, policies[arm], output)
         ~~~~~~~^^^^^^^^^^^^^^^^^^^^^^^^^^^^^^^^^^^^^^^^^^^^^^^^^^^^^^
  File "/Users/alex/Documents/Personal Projects/Settlers/scripts/evaluate-bots.py", line 249, in run_arm
    validate_shard(shard, config)
    ~~~~~~~~~~~~~~^^^^^^^^^^^^^^^
  File "/Users/alex/Documents/Personal Projects/Settlers/scripts/evaluate-bots.py", line 270, in validate_shard
    raise ValueError(f"{path.name}: incomplete smoke game; raw result retained")
ValueError: candidate-seat3.jsonl: incomplete smoke game; raw result retained
