resumed from /home/alex_ubuntu/empires-research/original-v1/training/runs/20260906-0030-gpu-baseline-20260906-r2-continuation/checkpoints/step_0148807680.pt at step 148,807,680
net params: 1,108,268 | device cuda
run dir: /home/alex_ubuntu/empires-research/original-v1/training/runs/20260906-1643-profile-none-cd566832576a4259a26c6f14a1ae05b8
metrics: /home/alex_ubuntu/empires-research/original-v1/training/runs/20260906-1643-profile-none-cd566832576a4259a26c6f14a1ae05b8/metrics.jsonl
update 1 | step 24,576 | 29,357 sps | ent 1.04 | ev 0.75 | clip 0.06 | batch 24,068
update 2 | step 49,152 | 45,653 sps | ent 1.03 | ev 0.79 | clip 0.06 | batch 24,574
update 3 | step 73,728 | 52,937 sps | ent 1.04 | ev 0.74 | clip 0.06 | batch 24,576
update 4 | step 98,304 | 54,573 sps | ent 1.03 | ev 0.79 | clip 0.06 | batch 24,575
update 5 | step 122,880 | 50,379 sps | ent 1.04 | ev 0.75 | clip 0.07 | batch 24,579
update 6 | step 147,456 | 51,589 sps | ent 1.06 | ev 0.78 | clip 0.09 | batch 24,581
update 7 | step 172,032 | 48,979 sps | ent 1.02 | ev 0.80 | clip 0.07 | batch 24,572
update 8 | step 196,608 | 48,618 sps | ent 0.95 | ev 0.76 | clip 0.06 | batch 24,577
update 9 | step 221,184 | 52,265 sps | ent 1.02 | ev 0.78 | clip 0.06 | batch 24,576
update 10 | step 245,760 | 50,485 sps | ent 1.02 | ev 0.75 | clip 0.06 | batch 24,576
update 11 | step 270,336 | 53,309 sps | ent 1.02 | ev 0.74 | clip 0.06 | batch 24,574
update 12 | step 294,912 | 52,570 sps | ent 1.02 | ev 0.75 | clip 0.06 | batch 24,576
update 13 | step 319,488 | 51,758 sps | ent 1.08 | ev 0.76 | clip 0.06 | batch 24,580
update 14 | step 344,064 | 51,057 sps | ent 1.03 | ev 0.76 | clip 0.07 | batch 24,568
update 15 | step 368,640 | 52,264 sps | ent 1.04 | ev 0.74 | clip 0.06 | batch 24,578
update 16 | step 393,216 | 51,118 sps | ent 0.98 | ev 0.77 | clip 0.06 | batch 24,578
  eval vs 3 random: 99.0% (96 games, baseline 25%)
  eval vs 3 heuristic: 77.1% (96 games, baseline 25%)
update 17 | step 417,792 | 51,436 sps | ent 1.03 | ev 0.74 | clip 0.06 | batch 24,576
update 18 | step 442,368 | 51,729 sps | ent 1.03 | ev 0.76 | clip 0.06 | batch 24,578
update 19 | step 466,944 | 53,799 sps | ent 1.04 | ev 0.75 | clip 0.07 | batch 24,572
update 20 | step 491,520 | 54,140 sps | ent 1.03 | ev 0.75 | clip 0.06 | batch 24,576
update 21 | step 516,096 | 50,357 sps | ent 1.02 | ev 0.76 | clip 0.06 | batch 24,575
update 22 | step 540,672 | 53,738 sps | ent 1.03 | ev 0.75 | clip 0.06 | batch 24,576
update 23 | step 565,248 | 51,139 sps | ent 1.08 | ev 0.78 | clip 0.08 | batch 24,582
update 24 | step 589,824 | 53,568 sps | ent 1.06 | ev 0.76 | clip 0.07 | batch 24,572
update 25 | step 614,400 | 51,421 sps | ent 1.05 | ev 0.76 | clip 0.08 | batch 24,579
update 26 | step 638,976 | 50,320 sps | ent 1.04 | ev 0.72 | clip 0.07 | batch 24,575
update 27 | step 663,552 | 51,999 sps | ent 1.03 | ev 0.74 | clip 0.06 | batch 24,574
update 28 | step 688,128 | 51,463 sps | ent 1.10 | ev 0.79 | clip 0.10 | batch 24,579
update 29 | step 712,704 | 52,719 sps | ent 1.04 | ev 0.77 | clip 0.07 | batch 24,576
update 30 | step 737,280 | 53,342 sps | ent 1.05 | ev 0.75 | clip 0.07 | batch 24,576
update 31 | step 761,856 | 49,417 sps | ent 1.00 | ev 0.75 | clip 0.05 | batch 24,578
update 32 | step 786,432 | 52,077 sps | ent 0.96 | ev 0.76 | clip 0.06 | batch 24,577
  eval vs 3 random: 100.0% (96 games, baseline 25%)
  eval vs 3 heuristic: 69.8% (96 games, baseline 25%)
update 33 | step 811,008 | 50,543 sps | ent 1.05 | ev 0.75 | clip 0.06 | batch 24,572
update 34 | step 835,584 | 52,909 sps | ent 1.06 | ev 0.77 | clip 0.06 | batch 24,573
update 35 | step 860,160 | 52,297 sps | ent 1.11 | ev 0.79 | clip 0.07 | batch 24,579
update 36 | step 884,736 | 51,483 sps | ent 0.98 | ev 0.73 | clip 0.06 | batch 24,578
update 37 | step 909,312 | 53,579 sps | ent 1.04 | ev 0.78 | clip 0.07 | batch 24,574
update 38 | step 933,888 | 49,857 sps | ent 1.02 | ev 0.78 | clip 0.06 | batch 24,577
update 39 | step 958,464 | 51,960 sps | ent 1.05 | ev 0.76 | clip 0.06 | batch 24,578
update 40 | step 983,040 | 53,028 sps | ent 1.03 | ev 0.77 | clip 0.07 | batch 24,571
update 41 | step 1,007,616 | 53,141 sps | ent 1.06 | ev 0.72 | clip 0.06 | batch 24,576
update 42 | step 1,032,192 | 51,353 sps | ent 1.05 | ev 0.76 | clip 0.06 | batch 24,574
update 43 | step 1,056,768 | 51,482 sps | ent 1.02 | ev 0.73 | clip 0.06 | batch 24,587
update 44 | step 1,081,344 | 52,264 sps | ent 1.05 | ev 0.77 | clip 0.06 | batch 24,573
update 45 | step 1,105,920 | 53,031 sps | ent 1.05 | ev 0.74 | clip 0.05 | batch 24,570
update 46 | step 1,130,496 | 51,027 sps | ent 1.11 | ev 0.73 | clip 0.06 | batch 24,580
update 47 | step 1,155,072 | 50,440 sps | ent 1.07 | ev 0.76 | clip 0.06 | batch 24,570
update 48 | step 1,179,648 | 51,446 sps | ent 1.07 | ev 0.74 | clip 0.07 | batch 24,585
  eval vs 3 random: 99.0% (96 games, baseline 25%)
  eval vs 3 heuristic: 69.8% (96 games, baseline 25%)
update 49 | step 1,204,224 | 51,151 sps | ent 1.05 | ev 0.77 | clip 0.06 | batch 24,568
update 50 | step 1,228,800 | 51,254 sps | ent 1.10 | ev 0.76 | clip 0.07 | batch 24,579
update 51 | step 1,253,376 | 53,732 sps | ent 1.06 | ev 0.77 | clip 0.06 | batch 24,576
update 52 | step 1,277,952 | 52,044 sps | ent 1.04 | ev 0.79 | clip 0.06 | batch 24,573
update 53 | step 1,302,528 | 48,082 sps | ent 1.04 | ev 0.79 | clip 0.06 | batch 24,579
update 54 | step 1,327,104 | 50,179 sps | ent 1.09 | ev 0.75 | clip 0.06 | batch 24,577
update 55 | step 1,351,680 | 48,297 sps | ent 1.04 | ev 0.77 | clip 0.06 | batch 24,571
update 56 | step 1,376,256 | 50,611 sps | ent 1.04 | ev 0.77 | clip 0.07 | batch 24,580
update 57 | step 1,400,832 | 50,465 sps | ent 1.05 | ev 0.75 | clip 0.07 | batch 24,573
update 58 | step 1,425,408 | 49,844 sps | ent 1.06 | ev 0.73 | clip 0.07 | batch 24,580
update 59 | step 1,449,984 | 48,690 sps | ent 1.05 | ev 0.75 | clip 0.06 | batch 24,576
update 60 | step 1,474,560 | 51,793 sps | ent 1.08 | ev 0.76 | clip 0.08 | batch 24,578
update 61 | step 1,499,136 | 52,524 sps | ent 1.05 | ev 0.73 | clip 0.06 | batch 24,572
update 62 | step 1,523,712 | 51,084 sps | ent 1.17 | ev 0.78 | clip 0.05 | batch 24,577
update 63 | step 1,548,288 | 50,881 sps | ent 1.05 | ev 0.78 | clip 0.06 | batch 24,573
update 64 | step 1,572,864 | 46,896 sps | ent 0.97 | ev 0.76 | clip 0.06 | batch 24,579
  eval vs 3 random: 99.0% (97 games, baseline 25%)
  eval vs 3 heuristic: 79.2% (96 games, baseline 25%)
update 65 | step 1,597,440 | 47,467 sps | ent 1.03 | ev 0.77 | clip 0.08 | batch 24,580
update 66 | step 1,622,016 | 47,329 sps | ent 1.04 | ev 0.75 | clip 0.06 | batch 24,572
update 67 | step 1,646,592 | 52,739 sps | ent 1.04 | ev 0.75 | clip 0.06 | batch 24,572
update 68 | step 1,671,168 | 51,666 sps | ent 1.03 | ev 0.77 | clip 0.06 | batch 24,579
update 69 | step 1,695,744 | 48,500 sps | ent 1.03 | ev 0.76 | clip 0.06 | batch 24,574
update 70 | step 1,720,320 | 47,415 sps | ent 1.05 | ev 0.73 | clip 0.07 | batch 24,583
update 71 | step 1,744,896 | 47,950 sps | ent 1.02 | ev 0.75 | clip 0.06 | batch 24,571
update 72 | step 1,769,472 | 51,544 sps | ent 1.04 | ev 0.75 | clip 0.06 | batch 24,572
update 73 | step 1,794,048 | 51,231 sps | ent 1.05 | ev 0.74 | clip 0.08 | batch 24,579
update 74 | step 1,818,624 | 48,570 sps | ent 1.09 | ev 0.72 | clip 0.07 | batch 24,578
update 75 | step 1,843,200 | 46,167 sps | ent 0.97 | ev 0.76 | clip 0.06 | batch 24,578
update 76 | step 1,867,776 | 48,407 sps | ent 1.05 | ev 0.76 | clip 0.06 | batch 24,576
update 77 | step 1,892,352 | 52,230 sps | ent 1.04 | ev 0.72 | clip 0.06 | batch 24,570
update 78 | step 1,916,928 | 50,616 sps | ent 1.07 | ev 0.76 | clip 0.08 | batch 24,578
update 79 | step 1,941,504 | 51,512 sps | ent 1.02 | ev 0.74 | clip 0.06 | batch 24,575
update 80 | step 1,966,080 | 53,064 sps | ent 1.03 | ev 0.76 | clip 0.06 | batch 24,576
  eval vs 3 random: 100.0% (96 games, baseline 25%)
  eval vs 3 heuristic: 77.3% (97 games, baseline 25%)
update 81 | step 1,990,656 | 49,432 sps | ent 0.96 | ev 0.76 | clip 0.08 | batch 24,581
update 82 | step 2,015,232 | 48,769 sps | ent 1.04 | ev 0.77 | clip 0.07 | batch 24,573
update 83 | step 2,039,808 | 52,773 sps | ent 1.03 | ev 0.77 | clip 0.06 | batch 24,574
update 84 | step 2,064,384 | 48,017 sps | ent 1.17 | ev 0.77 | clip 0.06 | batch 24,578
update 85 | step 2,088,960 | 50,794 sps | ent 1.00 | ev 0.74 | clip 0.08 | batch 24,578
update 86 | step 2,113,536 | 49,004 sps | ent 1.09 | ev 0.81 | clip 0.10 | batch 24,582
update 87 | step 2,138,112 | 49,887 sps | ent 1.04 | ev 0.77 | clip 0.07 | batch 24,571
update 88 | step 2,162,688 | 48,971 sps | ent 1.04 | ev 0.78 | clip 0.06 | batch 24,570
update 89 | step 2,187,264 | 50,112 sps | ent 1.02 | ev 0.76 | clip 0.08 | batch 24,580
update 90 | step 2,211,840 | 50,356 sps | ent 1.03 | ev 0.79 | clip 0.06 | batch 24,575
update 91 | step 2,236,416 | 51,614 sps | ent 1.00 | ev 0.81 | clip 0.06 | batch 24,577
update 92 | step 2,260,992 | 52,962 sps | ent 1.03 | ev 0.76 | clip 0.06 | batch 24,572
update 93 | step 2,285,568 | 46,735 sps | ent 1.04 | ev 0.77 | clip 0.08 | batch 24,579
update 94 | step 2,310,144 | 49,722 sps | ent 0.97 | ev 0.79 | clip 0.09 | batch 24,577
update 95 | step 2,334,720 | 50,106 sps | ent 1.05 | ev 0.78 | clip 0.06 | batch 24,575
update 96 | step 2,359,296 | 52,240 sps | ent 1.03 | ev 0.78 | clip 0.06 | batch 24,575
  eval vs 3 random: 100.0% (96 games, baseline 25%)
  eval vs 3 heuristic: 69.8% (96 games, baseline 25%)
update 97 | step 2,383,872 | 45,765 sps | ent 1.07 | ev 0.76 | clip 0.06 | batch 24,580
update 98 | step 2,408,448 | 48,182 sps | ent 1.08 | ev 0.77 | clip 0.06 | batch 24,579
update 99 | step 2,433,024 | 52,978 sps | ent 1.05 | ev 0.72 | clip 0.07 | batch 24,570
update 100 | step 2,457,600 | 50,756 sps | ent 1.11 | ev 0.74 | clip 0.08 | batch 24,578
update 101 | step 2,482,176 | 51,577 sps | ent 1.03 | ev 0.74 | clip 0.06 | batch 24,573
update 102 | step 2,506,752 | 45,107 sps | ent 1.04 | ev 0.79 | clip 0.06 | batch 24,576
update 103 | step 2,531,328 | 46,420 sps | ent 0.99 | ev 0.78 | clip 0.06 | batch 24,577
update 104 | step 2,555,904 | 47,100 sps | ent 1.19 | ev 0.79 | clip 0.10 | batch 24,577
update 105 | step 2,580,480 | 51,288 sps | ent 1.02 | ev 0.77 | clip 0.07 | batch 24,576
update 106 | step 2,605,056 | 46,923 sps | ent 1.03 | ev 0.78 | clip 0.06 | batch 24,573
update 107 | step 2,629,632 | 51,467 sps | ent 1.01 | ev 0.78 | clip 0.08 | batch 24,579
update 108 | step 2,654,208 | 52,699 sps | ent 1.04 | ev 0.75 | clip 0.06 | batch 24,571
update 109 | step 2,678,784 | 50,616 sps | ent 1.07 | ev 0.73 | clip 0.08 | batch 24,578
update 110 | step 2,703,360 | 52,123 sps | ent 1.02 | ev 0.75 | clip 0.06 | batch 24,576
update 111 | step 2,727,936 | 46,552 sps | ent 1.09 | ev 0.78 | clip 0.06 | batch 24,577
update 112 | step 2,752,512 | 51,253 sps | ent 1.07 | ev 0.81 | clip 0.08 | batch 24,582
  eval vs 3 random: 100.0% (96 games, baseline 25%)
  eval vs 3 heuristic: 71.9% (96 games, baseline 25%)
update 113 | step 2,777,088 | 51,136 sps | ent 1.03 | ev 0.75 | clip 0.07 | batch 24,572
update 114 | step 2,801,664 | 47,264 sps | ent 1.04 | ev 0.77 | clip 0.06 | batch 24,575
update 115 | step 2,826,240 | 51,195 sps | ent 1.13 | ev 0.75 | clip 0.06 | batch 24,577
update 116 | step 2,850,816 | 52,362 sps | ent 1.03 | ev 0.76 | clip 0.07 | batch 24,575
update 117 | step 2,875,392 | 50,864 sps | ent 1.07 | ev 0.79 | clip 0.08 | batch 24,578
update 118 | step 2,899,968 | 48,923 sps | ent 1.03 | ev 0.79 | clip 0.06 | batch 24,572
update 119 | step 2,924,544 | 49,884 sps | ent 1.05 | ev 0.76 | clip 0.07 | batch 24,581
update 120 | step 2,949,120 | 51,998 sps | ent 1.03 | ev 0.78 | clip 0.07 | batch 24,576
update 121 | step 2,973,696 | 48,151 sps | ent 1.04 | ev 0.74 | clip 0.07 | batch 24,579
update 122 | step 2,998,272 | 51,889 sps | ent 1.03 | ev 0.77 | clip 0.07 | batch 24,569
update 123 | step 3,022,848 | 47,871 sps | ent 1.02 | ev 0.76 | clip 0.06 | batch 24,575
update 124 | step 3,047,424 | 51,397 sps | ent 1.10 | ev 0.77 | clip 0.08 | batch 24,578
update 125 | step 3,072,000 | 47,243 sps | ent 0.94 | ev 0.76 | clip 0.06 | batch 24,577
update 126 | step 3,096,576 | 52,997 sps | ent 1.03 | ev 0.75 | clip 0.06 | batch 24,575
update 127 | step 3,121,152 | 48,849 sps | ent 1.04 | ev 0.73 | clip 0.06 | batch 24,573
update 128 | step 3,145,728 | 48,588 sps | ent 1.06 | ev 0.76 | clip 0.06 | batch 24,580
  eval vs 3 random: 100.0% (96 games, baseline 25%)
  eval vs 3 heuristic: 70.8% (96 games, baseline 25%)
update 129 | step 3,170,304 | 52,509 sps | ent 1.03 | ev 0.77 | clip 0.06 | batch 24,575
update 130 | step 3,194,880 | 49,752 sps | ent 1.03 | ev 0.76 | clip 0.06 | batch 24,574
update 131 | step 3,219,456 | 48,083 sps | ent 1.00 | ev 0.75 | clip 0.06 | batch 24,577
update 132 | step 3,244,032 | 51,710 sps | ent 1.03 | ev 0.72 | clip 0.07 | batch 24,581
update 133 | step 3,268,608 | 52,601 sps | ent 1.04 | ev 0.75 | clip 0.06 | batch 24,573
update 134 | step 3,293,184 | 51,743 sps | ent 1.04 | ev 0.74 | clip 0.06 | batch 24,575
update 135 | step 3,317,760 | 48,913 sps | ent 1.04 | ev 0.76 | clip 0.06 | batch 24,576
update 136 | step 3,342,336 | 49,942 sps | ent 1.02 | ev 0.78 | clip 0.06 | batch 24,573
update 137 | step 3,366,912 | 50,169 sps | ent 1.09 | ev 0.78 | clip 0.08 | batch 24,579
update 138 | step 3,391,488 | 49,938 sps | ent 1.05 | ev 0.77 | clip 0.06 | batch 24,576
update 139 | step 3,416,064 | 52,844 sps | ent 1.03 | ev 0.80 | clip 0.07 | batch 24,575
update 140 | step 3,440,640 | 48,425 sps | ent 1.00 | ev 0.80 | clip 0.07 | batch 24,582
update 141 | step 3,465,216 | 51,997 sps | ent 1.04 | ev 0.77 | clip 0.06 | batch 24,569
update 142 | step 3,489,792 | 51,433 sps | ent 1.03 | ev 0.76 | clip 0.06 | batch 24,576
update 143 | step 3,514,368 | 50,883 sps | ent 1.05 | ev 0.80 | clip 0.06 | batch 24,579
update 144 | step 3,538,944 | 49,860 sps | ent 1.04 | ev 0.77 | clip 0.08 | batch 24,582
  eval vs 3 random: 100.0% (96 games, baseline 25%)
  eval vs 3 heuristic: 76.3% (97 games, baseline 25%)
update 145 | step 3,563,520 | 49,784 sps | ent 1.04 | ev 0.77 | clip 0.06 | batch 24,565
update 146 | step 3,588,096 | 50,382 sps | ent 1.09 | ev 0.76 | clip 0.08 | batch 24,579
update 147 | step 3,612,672 | 47,857 sps | ent 1.06 | ev 0.76 | clip 0.06 | batch 24,578
update 148 | step 3,637,248 | 52,665 sps | ent 1.03 | ev 0.78 | clip 0.06 | batch 24,576
update 149 | step 3,661,824 | 48,732 sps | ent 1.02 | ev 0.76 | clip 0.06 | batch 24,573
update 150 | step 3,686,400 | 51,058 sps | ent 1.03 | ev 0.77 | clip 0.06 | batch 24,576
update 151 | step 3,710,976 | 49,187 sps | ent 1.02 | ev 0.77 | clip 0.08 | batch 24,583
update 152 | step 3,735,552 | 46,104 sps | ent 1.05 | ev 0.78 | clip 0.07 | batch 24,571
update 153 | step 3,760,128 | 52,132 sps | ent 1.04 | ev 0.78 | clip 0.06 | batch 24,573
update 154 | step 3,784,704 | 51,004 sps | ent 1.02 | ev 0.78 | clip 0.07 | batch 24,579
update 155 | step 3,809,280 | 50,954 sps | ent 1.04 | ev 0.75 | clip 0.06 | batch 24,578
update 156 | step 3,833,856 | 49,775 sps | ent 1.06 | ev 0.76 | clip 0.06 | batch 24,577
update 157 | step 3,858,432 | 45,536 sps | ent 1.03 | ev 0.77 | clip 0.10 | batch 24,578
update 158 | step 3,883,008 | 51,406 sps | ent 1.03 | ev 0.76 | clip 0.06 | batch 24,571
update 159 | step 3,907,584 | 46,663 sps | ent 1.01 | ev 0.76 | clip 0.06 | batch 24,578
update 160 | step 3,932,160 | 51,419 sps | ent 1.04 | ev 0.75 | clip 0.06 | batch 24,572
  eval vs 3 random: 99.0% (96 games, baseline 25%)
  eval vs 3 heuristic: 58.8% (97 games, baseline 25%)
update 161 | step 3,956,736 | 49,214 sps | ent 1.03 | ev 0.79 | clip 0.07 | batch 24,582
update 162 | step 3,981,312 | 52,196 sps | ent 1.03 | ev 0.77 | clip 0.06 | batch 24,571
update 163 | step 4,005,888 | 50,606 sps | ent 1.09 | ev 0.75 | clip 0.07 | batch 24,580
update 164 | step 4,030,464 | 52,179 sps | ent 1.05 | ev 0.74 | clip 0.06 | batch 24,569
update 165 | step 4,055,040 | 46,822 sps | ent 1.01 | ev 0.73 | clip 0.07 | batch 24,581
update 166 | step 4,079,616 | 49,405 sps | ent 1.05 | ev 0.76 | clip 0.06 | batch 24,575
update 167 | step 4,104,192 | 47,905 sps | ent 1.07 | ev 0.72 | clip 0.07 | batch 24,579
update 168 | step 4,128,768 | 52,582 sps | ent 1.07 | ev 0.75 | clip 0.07 | batch 24,574
update 169 | step 4,153,344 | 52,043 sps | ent 1.05 | ev 0.74 | clip 0.07 | batch 24,575
update 170 | step 4,177,920 | 49,712 sps | ent 1.12 | ev 0.75 | clip 0.08 | batch 24,583
update 171 | step 4,202,496 | 46,452 sps | ent 1.04 | ev 0.76 | clip 0.06 | batch 24,568
update 172 | step 4,227,072 | 52,139 sps | ent 1.06 | ev 0.75 | clip 0.06 | batch 24,576
update 173 | step 4,251,648 | 50,207 sps | ent 1.00 | ev 0.71 | clip 0.05 | batch 24,578
update 174 | step 4,276,224 | 51,627 sps | ent 1.04 | ev 0.76 | clip 0.06 | batch 24,576
update 175 | step 4,300,800 | 50,560 sps | ent 1.04 | ev 0.75 | clip 0.06 | batch 24,572
update 176 | step 4,325,376 | 50,966 sps | ent 1.06 | ev 0.76 | clip 0.08 | batch 24,578
  eval vs 3 random: 97.9% (96 games, baseline 25%)
  eval vs 3 heuristic: 70.8% (96 games, baseline 25%)
update 177 | step 4,349,952 | 50,967 sps | ent 1.01 | ev 0.77 | clip 0.06 | batch 24,578
update 178 | step 4,374,528 | 49,501 sps | ent 1.06 | ev 0.75 | clip 0.06 | batch 24,573
update 179 | step 4,399,104 | 50,744 sps | ent 1.04 | ev 0.74 | clip 0.07 | batch 24,580
update 180 | step 4,423,680 | 46,652 sps | ent 0.95 | ev 0.75 | clip 0.09 | batch 24,578
update 181 | step 4,448,256 | 51,699 sps | ent 1.05 | ev 0.76 | clip 0.06 | batch 24,572
update 182 | step 4,472,832 | 46,512 sps | ent 1.04 | ev 0.76 | clip 0.06 | batch 24,573
update 183 | step 4,497,408 | 47,519 sps | ent 0.99 | ev 0.78 | clip 0.06 | batch 24,579
update 184 | step 4,521,984 | 51,620 sps | ent 1.05 | ev 0.76 | clip 0.07 | batch 24,574
update 185 | step 4,546,560 | 51,740 sps | ent 1.05 | ev 0.75 | clip 0.06 | batch 24,576
update 186 | step 4,571,136 | 48,577 sps | ent 1.00 | ev 0.74 | clip 0.06 | batch 24,578
update 187 | step 4,595,712 | 51,135 sps | ent 1.08 | ev 0.73 | clip 0.06 | batch 24,579
update 188 | step 4,620,288 | 51,986 sps | ent 1.06 | ev 0.73 | clip 0.06 | batch 24,574
update 189 | step 4,644,864 | 50,254 sps | ent 1.02 | ev 0.77 | clip 0.09 | batch 24,577
update 190 | step 4,669,440 | 48,924 sps | ent 1.05 | ev 0.78 | clip 0.06 | batch 24,574
update 191 | step 4,694,016 | 45,006 sps | ent 1.10 | ev 0.78 | clip 0.07 | batch 24,579
update 192 | step 4,718,592 | 51,324 sps | ent 1.06 | ev 0.76 | clip 0.06 | batch 24,576
  eval vs 3 random: 99.0% (96 games, baseline 25%)
  eval vs 3 heuristic: 77.1% (96 games, baseline 25%)
update 193 | step 4,743,168 | 45,631 sps | ent 1.04 | ev 0.75 | clip 0.06 | batch 24,573
update 194 | step 4,767,744 | 46,117 sps | ent 1.07 | ev 0.75 | clip 0.05 | batch 24,579
update 195 | step 4,792,320 | 52,369 sps | ent 1.04 | ev 0.76 | clip 0.06 | batch 24,572
update 196 | step 4,816,896 | 47,710 sps | ent 1.05 | ev 0.76 | clip 0.06 | batch 24,575
update 197 | step 4,841,472 | 47,092 sps | ent 1.21 | ev 0.77 | clip 0.13 | batch 24,577
update 198 | step 4,866,048 | 47,569 sps | ent 1.05 | ev 0.74 | clip 0.07 | batch 24,575
update 199 | step 4,890,624 | 50,877 sps | ent 1.03 | ev 0.75 | clip 0.06 | batch 24,575
update 200 | step 4,915,200 | 50,574 sps | ent 1.05 | ev 0.76 | clip 0.06 | batch 24,580
update 201 | step 4,939,776 | 51,946 sps | ent 1.05 | ev 0.80 | clip 0.07 | batch 24,573
update 202 | step 4,964,352 | 45,504 sps | ent 0.97 | ev 0.82 | clip 0.06 | batch 24,580
update 203 | step 4,988,928 | 48,515 sps | ent 1.04 | ev 0.77 | clip 0.06 | batch 24,572
update 204 | step 5,013,504 | 51,183 sps | ent 1.03 | ev 0.74 | clip 0.06 | batch 24,577
update 205 | step 5,038,080 | 50,988 sps | ent 1.04 | ev 0.78 | clip 0.08 | batch 24,580
update 206 | step 5,062,656 | 47,112 sps | ent 1.04 | ev 0.77 | clip 0.07 | batch 24,575
update 207 | step 5,087,232 | 49,472 sps | ent 1.06 | ev 0.79 | clip 0.06 | batch 24,575
update 208 | step 5,111,808 | 50,180 sps | ent 1.01 | ev 0.76 | clip 0.07 | batch 24,580
  eval vs 3 random: 100.0% (96 games, baseline 25%)
  eval vs 3 heuristic: 69.8% (96 games, baseline 25%)
update 209 | step 5,136,384 | 49,675 sps | ent 1.04 | ev 0.78 | clip 0.06 | batch 24,572
update 210 | step 5,160,960 | 48,379 sps | ent 1.05 | ev 0.79 | clip 0.06 | batch 24,574
update 211 | step 5,185,536 | 52,295 sps | ent 1.03 | ev 0.78 | clip 0.06 | batch 24,576
update 212 | step 5,210,112 | 52,135 sps | ent 1.03 | ev 0.77 | clip 0.06 | batch 24,574
update 213 | step 5,234,688 | 51,936 sps | ent 1.06 | ev 0.75 | clip 0.06 | batch 24,576
update 214 | step 5,259,264 | 48,258 sps | ent 1.12 | ev 0.77 | clip 0.08 | batch 24,582
update 215 | step 5,283,840 | 51,322 sps | ent 1.06 | ev 0.74 | clip 0.06 | batch 24,575
update 216 | step 5,308,416 | 50,380 sps | ent 1.07 | ev 0.74 | clip 0.06 | batch 24,571
update 217 | step 5,332,992 | 49,686 sps | ent 1.11 | ev 0.77 | clip 0.07 | batch 24,583
update 218 | step 5,357,568 | 48,853 sps | ent 1.07 | ev 0.77 | clip 0.06 | batch 24,569
update 219 | step 5,382,144 | 47,320 sps | ent 1.05 | ev 0.77 | clip 0.07 | batch 24,579
update 220 | step 5,406,720 | 51,050 sps | ent 1.07 | ev 0.80 | clip 0.06 | batch 24,572
update 221 | step 5,431,296 | 50,662 sps | ent 1.06 | ev 0.75 | clip 0.09 | batch 24,577
update 222 | step 5,455,872 | 51,833 sps | ent 1.07 | ev 0.79 | clip 0.06 | batch 24,576
update 223 | step 5,480,448 | 48,764 sps | ent 1.09 | ev 0.77 | clip 0.08 | batch 24,578
update 224 | step 5,505,024 | 50,719 sps | ent 1.07 | ev 0.76 | clip 0.06 | batch 24,579
  eval vs 3 random: 100.0% (96 games, baseline 25%)
  eval vs 3 heuristic: 72.9% (96 games, baseline 25%)
update 225 | step 5,529,600 | 51,780 sps | ent 1.06 | ev 0.75 | clip 0.06 | batch 24,574
update 226 | step 5,554,176 | 48,825 sps | ent 1.12 | ev 0.79 | clip 0.07 | batch 24,580
update 227 | step 5,578,752 | 52,265 sps | ent 1.06 | ev 0.76 | clip 0.06 | batch 24,573
update 228 | step 5,603,328 | 49,984 sps | ent 1.09 | ev 0.75 | clip 0.09 | batch 24,577
update 229 | step 5,627,904 | 51,467 sps | ent 1.06 | ev 0.78 | clip 0.07 | batch 24,574
update 230 | step 5,652,480 | 48,884 sps | ent 0.96 | ev 0.75 | clip 0.06 | batch 24,577
update 231 | step 5,677,056 | 51,372 sps | ent 1.08 | ev 0.76 | clip 0.06 | batch 24,575
update 232 | step 5,701,632 | 52,185 sps | ent 1.07 | ev 0.79 | clip 0.06 | batch 24,572
update 233 | step 5,726,208 | 50,253 sps | ent 1.04 | ev 0.78 | clip 0.06 | batch 24,587
update 234 | step 5,750,784 | 51,952 sps | ent 1.08 | ev 0.79 | clip 0.06 | batch 24,572
update 235 | step 5,775,360 | 48,573 sps | ent 1.12 | ev 0.75 | clip 0.06 | batch 24,577
update 236 | step 5,799,936 | 51,393 sps | ent 1.07 | ev 0.78 | clip 0.06 | batch 24,571
update 237 | step 5,824,512 | 49,869 sps | ent 1.05 | ev 0.77 | clip 0.06 | batch 24,580
update 238 | step 5,849,088 | 50,537 sps | ent 1.06 | ev 0.75 | clip 0.08 | batch 24,579
update 239 | step 5,873,664 | 50,017 sps | ent 1.05 | ev 0.77 | clip 0.05 | batch 24,568
update 240 | step 5,898,240 | 49,793 sps | ent 0.94 | ev 0.75 | clip 0.07 | batch 24,578
  eval vs 3 random: 100.0% (96 games, baseline 25%)
  eval vs 3 heuristic: 69.8% (96 games, baseline 25%)
update 241 | step 5,922,816 | 49,608 sps | ent 1.06 | ev 0.75 | clip 0.05 | batch 24,576
update 242 | step 5,947,392 | 50,990 sps | ent 1.03 | ev 0.78 | clip 0.06 | batch 24,582
update 243 | step 5,971,968 | 52,005 sps | ent 1.06 | ev 0.76 | clip 0.06 | batch 24,575
update 244 | step 5,996,544 | 50,344 sps | ent 1.04 | ev 0.76 | clip 0.06 | batch 24,571
update 245 | step 6,021,120 | 50,094 sps | ent 1.12 | ev 0.75 | clip 0.07 | batch 24,581
update 246 | step 6,045,696 | 49,524 sps | ent 1.07 | ev 0.79 | clip 0.06 | batch 24,567
update 247 | step 6,070,272 | 49,551 sps | ent 1.07 | ev 0.78 | clip 0.08 | batch 24,583
update 248 | step 6,094,848 | 51,071 sps | ent 1.06 | ev 0.76 | clip 0.06 | batch 24,573
update 249 | step 6,119,424 | 50,125 sps | ent 0.99 | ev 0.78 | clip 0.09 | batch 24,577
update 250 | step 6,144,000 | 49,617 sps | ent 1.03 | ev 0.76 | clip 0.05 | batch 24,578
update 251 | step 6,168,576 | 46,786 sps | ent 1.06 | ev 0.78 | clip 0.06 | batch 24,571
update 252 | step 6,193,152 | 44,182 sps | ent 1.03 | ev 0.79 | clip 0.07 | batch 24,579
update 253 | step 6,217,728 | 48,443 sps | ent 1.05 | ev 0.81 | clip 0.06 | batch 24,577
update 254 | step 6,242,304 | 50,139 sps | ent 1.05 | ev 0.78 | clip 0.06 | batch 24,575
update 255 | step 6,266,880 | 48,104 sps | ent 1.05 | ev 0.81 | clip 0.06 | batch 24,575
update 256 | step 6,291,456 | 52,042 sps | ent 1.05 | ev 0.80 | clip 0.06 | batch 24,575
  eval vs 3 random: 100.0% (96 games, baseline 25%)
  eval vs 3 heuristic: 67.7% (96 games, baseline 25%)
update 257 | step 6,316,032 | 48,979 sps | ent 1.08 | ev 0.78 | clip 0.07 | batch 24,581
update 258 | step 6,340,608 | 50,017 sps | ent 1.05 | ev 0.75 | clip 0.06 | batch 24,573
update 259 | step 6,365,184 | 51,036 sps | ent 1.04 | ev 0.78 | clip 0.06 | batch 24,574
update 260 | step 6,389,760 | 50,870 sps | ent 1.02 | ev 0.77 | clip 0.06 | batch 24,577
update 261 | step 6,414,336 | 49,915 sps | ent 1.02 | ev 0.77 | clip 0.06 | batch 24,579
update 262 | step 6,438,912 | 48,744 sps | ent 1.06 | ev 0.76 | clip 0.06 | batch 24,569
update 263 | step 6,463,488 | 48,895 sps | ent 1.03 | ev 0.78 | clip 0.07 | batch 24,583
update 264 | step 6,488,064 | 51,058 sps | ent 1.06 | ev 0.75 | clip 0.06 | batch 24,573
update 265 | step 6,512,640 | 50,205 sps | ent 1.12 | ev 0.76 | clip 0.10 | batch 24,577
update 266 | step 6,537,216 | 51,594 sps | ent 1.05 | ev 0.77 | clip 0.06 | batch 24,575
update 267 | step 6,561,792 | 45,610 sps | ent 1.05 | ev 0.76 | clip 0.06 | batch 24,575
update 268 | step 6,586,368 | 46,173 sps | ent 1.08 | ev 0.76 | clip 0.07 | batch 24,580
update 269 | step 6,610,944 | 48,500 sps | ent 1.05 | ev 0.78 | clip 0.06 | batch 24,575
update 270 | step 6,635,520 | 51,812 sps | ent 1.04 | ev 0.78 | clip 0.06 | batch 24,573
update 271 | step 6,660,096 | 51,586 sps | ent 1.05 | ev 0.75 | clip 0.06 | batch 24,576
update 272 | step 6,684,672 | 49,821 sps | ent 1.04 | ev 0.73 | clip 0.06 | batch 24,576
  eval vs 3 random: 100.0% (96 games, baseline 25%)
  eval vs 3 heuristic: 69.8% (96 games, baseline 25%)
update 273 | step 6,709,248 | 48,485 sps | ent 1.04 | ev 0.75 | clip 0.06 | batch 24,576
update 274 | step 6,733,824 | 48,340 sps | ent 0.96 | ev 0.74 | clip 0.06 | batch 24,578
update 275 | step 6,758,400 | 47,083 sps | ent 1.05 | ev 0.79 | clip 0.06 | batch 24,575
update 276 | step 6,782,976 | 45,409 sps | ent 1.04 | ev 0.74 | clip 0.07 | batch 24,583
update 277 | step 6,807,552 | 50,286 sps | ent 1.06 | ev 0.76 | clip 0.07 | batch 24,566
update 278 | step 6,832,128 | 44,487 sps | ent 1.02 | ev 0.74 | clip 0.05 | batch 24,580
update 279 | step 6,856,704 | 46,449 sps | ent 1.04 | ev 0.76 | clip 0.06 | batch 24,573
update 280 | step 6,881,280 | 48,063 sps | ent 1.04 | ev 0.74 | clip 0.07 | batch 24,581
update 281 | step 6,905,856 | 50,714 sps | ent 1.04 | ev 0.74 | clip 0.07 | batch 24,574
update 282 | step 6,930,432 | 46,695 sps | ent 1.05 | ev 0.76 | clip 0.07 | batch 24,581
update 283 | step 6,955,008 | 49,235 sps | ent 1.05 | ev 0.76 | clip 0.07 | batch 24,572
update 284 | step 6,979,584 | 47,068 sps | ent 1.04 | ev 0.76 | clip 0.06 | batch 24,575
update 285 | step 7,004,160 | 50,085 sps | ent 1.05 | ev 0.76 | clip 0.07 | batch 24,575
update 286 | step 7,028,736 | 44,230 sps | ent 1.03 | ev 0.73 | clip 0.08 | batch 24,578
update 287 | step 7,053,312 | 46,892 sps | ent 1.04 | ev 0.71 | clip 0.06 | batch 24,575
update 288 | step 7,077,888 | 46,845 sps | ent 1.03 | ev 0.71 | clip 0.06 | batch 24,576
  eval vs 3 random: 100.0% (96 games, baseline 25%)
  eval vs 3 heuristic: 71.9% (96 games, baseline 25%)
update 289 | step 7,102,464 | 45,018 sps | ent 1.06 | ev 0.76 | clip 0.06 | batch 24,578
update 290 | step 7,127,040 | 46,120 sps | ent 1.04 | ev 0.76 | clip 0.06 | batch 24,574
update 291 | step 7,151,616 | 50,768 sps | ent 1.05 | ev 0.74 | clip 0.06 | batch 24,576
update 292 | step 7,176,192 | 51,105 sps | ent 1.05 | ev 0.76 | clip 0.06 | batch 24,571
update 293 | step 7,200,768 | 48,375 sps | ent 1.05 | ev 0.76 | clip 0.07 | batch 24,581
update 294 | step 7,225,344 | 50,254 sps | ent 1.12 | ev 0.77 | clip 0.06 | batch 24,577
update 295 | step 7,249,920 | 49,891 sps | ent 1.08 | ev 0.75 | clip 0.07 | batch 24,577
update 296 | step 7,274,496 | 48,570 sps | ent 1.05 | ev 0.76 | clip 0.06 | batch 24,575
update 297 | step 7,299,072 | 46,407 sps | ent 1.00 | ev 0.76 | clip 0.07 | batch 24,580
update 298 | step 7,323,648 | 44,316 sps | ent 1.05 | ev 0.74 | clip 0.06 | batch 24,570
update 299 | step 7,348,224 | 48,361 sps | ent 1.05 | ev 0.78 | clip 0.06 | batch 24,574
update 300 | step 7,372,800 | 49,981 sps | ent 1.05 | ev 0.76 | clip 0.07 | batch 24,575
update 301 | step 7,397,376 | 50,448 sps | ent 1.02 | ev 0.78 | clip 0.08 | batch 24,581
update 302 | step 7,421,952 | 48,973 sps | ent 1.06 | ev 0.76 | clip 0.06 | batch 24,577
update 303 | step 7,446,528 | 46,817 sps | ent 1.06 | ev 0.78 | clip 0.06 | batch 24,573
update 304 | step 7,471,104 | 47,143 sps | ent 1.06 | ev 0.77 | clip 0.06 | batch 24,574
  eval vs 3 random: 96.9% (97 games, baseline 25%)
  eval vs 3 heuristic: 71.9% (96 games, baseline 25%)
update 305 | step 7,495,680 | 50,370 sps | ent 1.09 | ev 0.77 | clip 0.07 | batch 24,578
update 306 | step 7,520,256 | 44,774 sps | ent 1.06 | ev 0.72 | clip 0.07 | batch 24,582
update 307 | step 7,544,832 | 46,176 sps | ent 1.06 | ev 0.76 | clip 0.06 | batch 24,569
update 308 | step 7,569,408 | 46,947 sps | ent 1.07 | ev 0.77 | clip 0.06 | batch 24,575
update 309 | step 7,593,984 | 50,601 sps | ent 1.05 | ev 0.75 | clip 0.06 | batch 24,574
update 310 | step 7,618,560 | 45,642 sps | ent 1.06 | ev 0.72 | clip 0.06 | batch 24,581
update 311 | step 7,643,136 | 50,964 sps | ent 1.06 | ev 0.74 | clip 0.06 | batch 24,576
update 312 | step 7,667,712 | 47,710 sps | ent 1.05 | ev 0.75 | clip 0.06 | batch 24,573
update 313 | step 7,692,288 | 51,241 sps | ent 1.03 | ev 0.72 | clip 0.07 | batch 24,578
update 314 | step 7,716,864 | 51,372 sps | ent 1.06 | ev 0.75 | clip 0.06 | batch 24,576
update 315 | step 7,741,440 | 46,432 sps | ent 1.07 | ev 0.77 | clip 0.06 | batch 24,572
update 316 | step 7,766,016 | 50,004 sps | ent 1.09 | ev 0.75 | clip 0.06 | batch 24,582
update 317 | step 7,790,592 | 46,286 sps | ent 1.07 | ev 0.76 | clip 0.06 | batch 24,574
update 318 | step 7,815,168 | 49,627 sps | ent 1.09 | ev 0.75 | clip 0.08 | batch 24,578
update 319 | step 7,839,744 | 49,647 sps | ent 1.07 | ev 0.73 | clip 0.07 | batch 24,580
update 320 | step 7,864,320 | 48,770 sps | ent 1.06 | ev 0.75 | clip 0.05 | batch 24,572
  eval vs 3 random: 100.0% (96 games, baseline 25%)
  eval vs 3 heuristic: 70.8% (96 games, baseline 25%)
update 321 | step 7,888,896 | 51,456 sps | ent 1.07 | ev 0.76 | clip 0.06 | batch 24,570
update 322 | step 7,913,472 | 49,720 sps | ent 1.04 | ev 0.76 | clip 0.06 | batch 24,581
update 323 | step 7,938,048 | 49,460 sps | ent 1.06 | ev 0.75 | clip 0.06 | batch 24,574
update 324 | step 7,962,624 | 51,132 sps | ent 1.06 | ev 0.72 | clip 0.06 | batch 24,576
update 325 | step 7,987,200 | 50,005 sps | ent 1.12 | ev 0.79 | clip 0.05 | batch 24,578
update 326 | step 8,011,776 | 47,357 sps | ent 1.07 | ev 0.72 | clip 0.06 | batch 24,575
update 327 | step 8,036,352 | 47,398 sps | ent 1.05 | ev 0.74 | clip 0.09 | batch 24,577
update 328 | step 8,060,928 | 50,045 sps | ent 1.05 | ev 0.75 | clip 0.09 | batch 24,579
update 329 | step 8,085,504 | 47,544 sps | ent 1.07 | ev 0.76 | clip 0.06 | batch 24,569
update 330 | step 8,110,080 | 49,431 sps | ent 1.07 | ev 0.76 | clip 0.07 | batch 24,581
update 331 | step 8,134,656 | 50,771 sps | ent 1.05 | ev 0.74 | clip 0.06 | batch 24,576
update 332 | step 8,159,232 | 44,697 sps | ent 1.14 | ev 0.71 | clip 0.08 | batch 24,579
update 333 | step 8,183,808 | 50,752 sps | ent 1.06 | ev 0.75 | clip 0.07 | batch 24,573
update 334 | step 8,208,384 | 48,382 sps | ent 1.06 | ev 0.74 | clip 0.06 | batch 24,576
update 335 | step 8,232,960 | 47,263 sps | ent 1.13 | ev 0.77 | clip 0.06 | batch 24,577
update 336 | step 8,257,536 | 48,311 sps | ent 1.07 | ev 0.76 | clip 0.06 | batch 24,572
  eval vs 3 random: 100.0% (96 games, baseline 25%)
  eval vs 3 heuristic: 65.3% (98 games, baseline 25%)
update 337 | step 8,282,112 | 46,366 sps | ent 1.03 | ev 0.77 | clip 0.06 | batch 24,584
update 338 | step 8,306,688 | 50,535 sps | ent 1.03 | ev 0.70 | clip 0.06 | batch 24,573
update 339 | step 8,331,264 | 49,866 sps | ent 1.06 | ev 0.71 | clip 0.06 | batch 24,575
update 340 | step 8,355,840 | 47,756 sps | ent 1.06 | ev 0.78 | clip 0.06 | batch 24,575
update 341 | step 8,380,416 | 50,801 sps | ent 1.07 | ev 0.79 | clip 0.06 | batch 24,573
update 342 | step 8,404,992 | 51,613 sps | ent 1.07 | ev 0.77 | clip 0.07 | batch 24,575
update 343 | step 8,429,568 | 49,480 sps | ent 1.06 | ev 0.77 | clip 0.08 | batch 24,580
update 344 | step 8,454,144 | 49,004 sps | ent 1.04 | ev 0.75 | clip 0.06 | batch 24,574
update 345 | step 8,478,720 | 51,006 sps | ent 1.05 | ev 0.76 | clip 0.06 | batch 24,575
update 346 | step 8,503,296 | 50,681 sps | ent 1.04 | ev 0.78 | clip 0.06 | batch 24,576
update 347 | step 8,527,872 | 52,385 sps | ent 1.05 | ev 0.76 | clip 0.06 | batch 24,575
update 348 | step 8,552,448 | 50,508 sps | ent 1.00 | ev 0.76 | clip 0.06 | batch 24,584
update 349 | step 8,577,024 | 49,825 sps | ent 1.05 | ev 0.76 | clip 0.06 | batch 24,570
update 350 | step 8,601,600 | 52,198 sps | ent 1.05 | ev 0.79 | clip 0.06 | batch 24,575
update 351 | step 8,626,176 | 50,174 sps | ent 1.06 | ev 0.79 | clip 0.09 | batch 24,577
update 352 | step 8,650,752 | 51,211 sps | ent 1.03 | ev 0.73 | clip 0.06 | batch 24,573
  eval vs 3 random: 100.0% (97 games, baseline 25%)
  eval vs 3 heuristic: 70.8% (96 games, baseline 25%)
update 353 | step 8,675,328 | 47,987 sps | ent 1.08 | ev 0.77 | clip 0.06 | batch 24,581
update 354 | step 8,699,904 | 51,929 sps | ent 1.04 | ev 0.76 | clip 0.06 | batch 24,576
update 355 | step 8,724,480 | 51,969 sps | ent 1.05 | ev 0.75 | clip 0.07 | batch 24,575
update 356 | step 8,749,056 | 51,265 sps | ent 1.05 | ev 0.79 | clip 0.06 | batch 24,574
update 357 | step 8,773,632 | 46,576 sps | ent 1.01 | ev 0.77 | clip 0.06 | batch 24,578
update 358 | step 8,798,208 | 51,030 sps | ent 1.08 | ev 0.75 | clip 0.08 | batch 24,578
update 359 | step 8,822,784 | 50,870 sps | ent 1.01 | ev 0.76 | clip 0.06 | batch 24,577
update 360 | step 8,847,360 | 51,203 sps | ent 1.06 | ev 0.77 | clip 0.06 | batch 24,569
update 361 | step 8,871,936 | 48,799 sps | ent 1.12 | ev 0.74 | clip 0.10 | batch 24,577
update 362 | step 8,896,512 | 45,789 sps | ent 1.09 | ev 0.80 | clip 0.07 | batch 24,579
update 363 | step 8,921,088 | 49,354 sps | ent 1.05 | ev 0.76 | clip 0.06 | batch 24,577
update 364 | step 8,945,664 | 50,179 sps | ent 1.04 | ev 0.73 | clip 0.06 | batch 24,571
update 365 | step 8,970,240 | 51,227 sps | ent 1.06 | ev 0.79 | clip 0.06 | batch 24,576
update 366 | step 8,994,816 | 47,455 sps | ent 1.03 | ev 0.74 | clip 0.08 | batch 24,582
update 367 | step 9,019,392 | 50,856 sps | ent 1.05 | ev 0.77 | clip 0.06 | batch 24,574
update 368 | step 9,043,968 | 48,242 sps | ent 1.05 | ev 0.76 | clip 0.06 | batch 24,575
  eval vs 3 random: 100.0% (96 games, baseline 25%)
  eval vs 3 heuristic: 71.9% (96 games, baseline 25%)
update 369 | step 9,068,544 | 49,548 sps | ent 1.06 | ev 0.76 | clip 0.06 | batch 24,575
update 370 | step 9,093,120 | 49,625 sps | ent 1.01 | ev 0.74 | clip 0.07 | batch 24,580
update 371 | step 9,117,696 | 51,790 sps | ent 1.05 | ev 0.73 | clip 0.06 | batch 24,573
update 372 | step 9,142,272 | 50,596 sps | ent 1.01 | ev 0.74 | clip 0.07 | batch 24,582
update 373 | step 9,166,848 | 49,925 sps | ent 1.04 | ev 0.75 | clip 0.06 | batch 24,576
update 374 | step 9,191,424 | 49,149 sps | ent 1.05 | ev 0.79 | clip 0.06 | batch 24,571
update 375 | step 9,216,000 | 51,876 sps | ent 1.05 | ev 0.78 | clip 0.06 | batch 24,572
update 376 | step 9,240,576 | 50,643 sps | ent 1.03 | ev 0.79 | clip 0.06 | batch 24,579
update 377 | step 9,265,152 | 51,160 sps | ent 1.04 | ev 0.78 | clip 0.06 | batch 24,574
update 378 | step 9,289,728 | 50,710 sps | ent 1.11 | ev 0.77 | clip 0.08 | batch 24,578
update 379 | step 9,314,304 | 48,819 sps | ent 1.05 | ev 0.76 | clip 0.06 | batch 24,575
update 380 | step 9,338,880 | 49,747 sps | ent 1.01 | ev 0.80 | clip 0.06 | batch 24,578
update 381 | step 9,363,456 | 50,092 sps | ent 1.04 | ev 0.74 | clip 0.06 | batch 24,573
update 382 | step 9,388,032 | 49,950 sps | ent 1.07 | ev 0.73 | clip 0.07 | batch 24,579
update 383 | step 9,412,608 | 50,555 sps | ent 1.04 | ev 0.78 | clip 0.06 | batch 24,573
update 384 | step 9,437,184 | 48,045 sps | ent 1.12 | ev 0.75 | clip 0.09 | batch 24,577
  eval vs 3 random: 100.0% (97 games, baseline 25%)
  eval vs 3 heuristic: 66.7% (96 games, baseline 25%)
update 385 | step 9,461,760 | 51,056 sps | ent 1.05 | ev 0.77 | clip 0.06 | batch 24,575
update 386 | step 9,486,336 | 44,663 sps | ent 1.05 | ev 0.76 | clip 0.06 | batch 24,579
update 387 | step 9,510,912 | 49,078 sps | ent 1.04 | ev 0.77 | clip 0.07 | batch 24,576
update 388 | step 9,535,488 | 48,979 sps | ent 1.07 | ev 0.74 | clip 0.07 | batch 24,579
update 389 | step 9,560,064 | 50,477 sps | ent 1.04 | ev 0.78 | clip 0.06 | batch 24,572
update 390 | step 9,584,640 | 49,547 sps | ent 1.04 | ev 0.74 | clip 0.06 | batch 24,573
update 391 | step 9,609,216 | 42,236 sps | ent 1.04 | ev 0.76 | clip 0.07 | batch 24,584
update 392 | step 9,633,792 | 46,710 sps | ent 1.05 | ev 0.77 | clip 0.06 | batch 24,571
update 393 | step 9,658,368 | 48,884 sps | ent 1.09 | ev 0.76 | clip 0.06 | batch 24,578
update 394 | step 9,682,944 | 50,430 sps | ent 1.03 | ev 0.72 | clip 0.06 | batch 24,575
update 395 | step 9,707,520 | 46,336 sps | ent 0.99 | ev 0.78 | clip 0.08 | batch 24,580
update 396 | step 9,732,096 | 51,481 sps | ent 1.04 | ev 0.79 | clip 0.06 | batch 24,571
update 397 | step 9,756,672 | 50,538 sps | ent 1.09 | ev 0.75 | clip 0.10 | batch 24,578
update 398 | step 9,781,248 | 49,934 sps | ent 1.04 | ev 0.75 | clip 0.07 | batch 24,575
update 399 | step 9,805,824 | 45,564 sps | ent 1.03 | ev 0.74 | clip 0.06 | batch 24,572
update 400 | step 9,830,400 | 43,094 sps | ent 0.98 | ev 0.75 | clip 0.10 | batch 24,577
  eval vs 3 random: 100.0% (96 games, baseline 25%)
  eval vs 3 heuristic: 76.0% (96 games, baseline 25%)
update 401 | step 9,854,976 | 46,546 sps | ent 1.05 | ev 0.73 | clip 0.06 | batch 24,576
update 402 | step 9,879,552 | 44,105 sps | ent 1.04 | ev 0.79 | clip 0.07 | batch 24,579
update 403 | step 9,904,128 | 46,705 sps | ent 1.05 | ev 0.76 | clip 0.07 | batch 24,580
update 404 | step 9,928,704 | 51,250 sps | ent 1.02 | ev 0.73 | clip 0.06 | batch 24,570
update 405 | step 9,953,280 | 49,533 sps | ent 1.10 | ev 0.74 | clip 0.06 | batch 24,578
update 406 | step 9,977,856 | 47,406 sps | ent 0.93 | ev 0.78 | clip 0.06 | batch 24,577
update 407 | step 10,002,432 | 49,364 sps | ent 1.05 | ev 0.78 | clip 0.08 | batch 24,581
update 408 | step 10,027,008 | 47,152 sps | ent 1.05 | ev 0.77 | clip 0.06 | batch 24,568
update 409 | step 10,051,584 | 49,956 sps | ent 1.03 | ev 0.79 | clip 0.07 | batch 24,579
update 410 | step 10,076,160 | 50,340 sps | ent 1.05 | ev 0.78 | clip 0.07 | batch 24,572
update 411 | step 10,100,736 | 50,988 sps | ent 1.05 | ev 0.78 | clip 0.06 | batch 24,576
update 412 | step 10,125,312 | 50,105 sps | ent 1.08 | ev 0.81 | clip 0.06 | batch 24,582
update 413 | step 10,149,888 | 51,189 sps | ent 1.04 | ev 0.77 | clip 0.06 | batch 24,575
update 414 | step 10,174,464 | 49,621 sps | ent 1.05 | ev 0.78 | clip 0.06 | batch 24,571
update 415 | step 10,199,040 | 47,931 sps | ent 1.10 | ev 0.76 | clip 0.08 | batch 24,578
update 416 | step 10,223,616 | 51,458 sps | ent 1.05 | ev 0.78 | clip 0.07 | batch 24,573
  eval vs 3 random: 100.0% (96 games, baseline 25%)
  eval vs 3 heuristic: 68.8% (96 games, baseline 25%)
update 417 | step 10,248,192 | 49,819 sps | ent 1.00 | ev 0.75 | clip 0.11 | batch 24,578
update 418 | step 10,272,768 | 49,206 sps | ent 0.96 | ev 0.73 | clip 0.10 | batch 24,577
update 419 | step 10,297,344 | 51,509 sps | ent 1.05 | ev 0.78 | clip 0.06 | batch 24,576
update 420 | step 10,321,920 | 47,148 sps | ent 1.03 | ev 0.71 | clip 0.08 | batch 24,580
update 421 | step 10,346,496 | 51,953 sps | ent 1.05 | ev 0.77 | clip 0.06 | batch 24,573
update 422 | step 10,371,072 | 46,684 sps | ent 1.05 | ev 0.74 | clip 0.05 | batch 24,577
update 423 | step 10,395,648 | 45,871 sps | ent 1.06 | ev 0.77 | clip 0.06 | batch 24,576
update 424 | step 10,420,224 | 47,810 sps | ent 1.08 | ev 0.78 | clip 0.06 | batch 24,571
update 425 | step 10,444,800 | 43,757 sps | ent 1.10 | ev 0.75 | clip 0.06 | batch 24,577
update 426 | step 10,469,376 | 46,662 sps | ent 1.06 | ev 0.75 | clip 0.07 | batch 24,574
update 427 | step 10,493,952 | 50,049 sps | ent 0.98 | ev 0.77 | clip 0.06 | batch 24,578
update 428 | step 10,518,528 | 48,813 sps | ent 1.05 | ev 0.76 | clip 0.07 | batch 24,582
update 429 | step 10,543,104 | 51,720 sps | ent 1.06 | ev 0.78 | clip 0.06 | batch 24,575
update 430 | step 10,567,680 | 50,828 sps | ent 1.06 | ev 0.77 | clip 0.06 | batch 24,574
update 431 | step 10,592,256 | 50,512 sps | ent 1.07 | ev 0.74 | clip 0.06 | batch 24,575
update 432 | step 10,616,832 | 50,117 sps | ent 1.09 | ev 0.74 | clip 0.06 | batch 24,577
  eval vs 3 random: 99.0% (96 games, baseline 25%)
  eval vs 3 heuristic: 72.9% (96 games, baseline 25%)
update 433 | step 10,641,408 | 47,076 sps | ent 1.04 | ev 0.75 | clip 0.06 | batch 24,574
update 434 | step 10,665,984 | 46,066 sps | ent 1.10 | ev 0.76 | clip 0.08 | batch 24,579
update 435 | step 10,690,560 | 46,148 sps | ent 1.06 | ev 0.76 | clip 0.06 | batch 24,572
update 436 | step 10,715,136 | 49,745 sps | ent 1.05 | ev 0.76 | clip 0.06 | batch 24,574
update 437 | step 10,739,712 | 45,285 sps | ent 1.05 | ev 0.77 | clip 0.07 | batch 24,580
update 438 | step 10,764,288 | 45,557 sps | ent 1.06 | ev 0.75 | clip 0.06 | batch 24,574
update 439 | step 10,788,864 | 49,811 sps | ent 1.09 | ev 0.75 | clip 0.06 | batch 24,578
update 440 | step 10,813,440 | 50,996 sps | ent 1.06 | ev 0.70 | clip 0.06 | batch 24,573
update 441 | step 10,838,016 | 48,595 sps | ent 1.00 | ev 0.76 | clip 0.07 | batch 24,583
update 442 | step 10,862,592 | 51,220 sps | ent 1.06 | ev 0.77 | clip 0.07 | batch 24,574
update 443 | step 10,887,168 | 47,709 sps | ent 1.08 | ev 0.78 | clip 0.08 | batch 24,578
update 444 | step 10,911,744 | 50,194 sps | ent 1.08 | ev 0.77 | clip 0.06 | batch 24,578
update 445 | step 10,936,320 | 50,833 sps | ent 1.06 | ev 0.73 | clip 0.06 | batch 24,572
update 446 | step 10,960,896 | 50,611 sps | ent 1.07 | ev 0.74 | clip 0.07 | batch 24,571
update 447 | step 10,985,472 | 48,685 sps | ent 1.06 | ev 0.75 | clip 0.05 | batch 24,577
update 448 | step 11,010,048 | 47,680 sps | ent 1.03 | ev 0.76 | clip 0.05 | batch 24,577
  eval vs 3 random: 100.0% (98 games, baseline 25%)
  eval vs 3 heuristic: 71.9% (96 games, baseline 25%)
update 449 | step 11,034,624 | 49,194 sps | ent 1.10 | ev 0.77 | clip 0.10 | batch 24,578
update 450 | step 11,059,200 | 49,330 sps | ent 1.07 | ev 0.74 | clip 0.06 | batch 24,573
update 451 | step 11,083,776 | 50,409 sps | ent 1.03 | ev 0.75 | clip 0.06 | batch 24,582
update 452 | step 11,108,352 | 51,137 sps | ent 1.08 | ev 0.74 | clip 0.06 | batch 24,573
update 453 | step 11,132,928 | 50,078 sps | ent 1.02 | ev 0.78 | clip 0.06 | batch 24,578
update 454 | step 11,157,504 | 51,216 sps | ent 1.06 | ev 0.79 | clip 0.06 | batch 24,573
update 455 | step 11,182,080 | 47,058 sps | ent 1.08 | ev 0.77 | clip 0.07 | batch 24,579
update 456 | step 11,206,656 | 50,257 sps | ent 1.07 | ev 0.76 | clip 0.06 | batch 24,574
update 457 | step 11,231,232 | 50,397 sps | ent 1.07 | ev 0.76 | clip 0.06 | batch 24,572
update 458 | step 11,255,808 | 50,579 sps | ent 1.03 | ev 0.75 | clip 0.06 | batch 24,579
update 459 | step 11,280,384 | 51,290 sps | ent 1.06 | ev 0.77 | clip 0.06 | batch 24,576
update 460 | step 11,304,960 | 47,197 sps | ent 1.09 | ev 0.78 | clip 0.05 | batch 24,577
update 461 | step 11,329,536 | 49,311 sps | ent 1.05 | ev 0.78 | clip 0.06 | batch 24,578
update 462 | step 11,354,112 | 51,570 sps | ent 1.08 | ev 0.78 | clip 0.06 | batch 24,576
update 463 | step 11,378,688 | 50,970 sps | ent 1.07 | ev 0.74 | clip 0.06 | batch 24,574
update 464 | step 11,403,264 | 46,249 sps | ent 1.10 | ev 0.76 | clip 0.07 | batch 24,581
  eval vs 3 random: 100.0% (96 games, baseline 25%)
  eval vs 3 heuristic: 67.7% (96 games, baseline 25%)
update 465 | step 11,427,840 | 48,936 sps | ent 1.06 | ev 0.76 | clip 0.06 | batch 24,572
update 466 | step 11,452,416 | 47,471 sps | ent 1.06 | ev 0.76 | clip 0.06 | batch 24,575
update 467 | step 11,476,992 | 47,290 sps | ent 1.02 | ev 0.75 | clip 0.09 | batch 24,580
update 468 | step 11,501,568 | 48,684 sps | ent 1.05 | ev 0.74 | clip 0.07 | batch 24,573
update 469 | step 11,526,144 | 49,791 sps | ent 1.06 | ev 0.74 | clip 0.06 | batch 24,575
update 470 | step 11,550,720 | 49,073 sps | ent 1.07 | ev 0.76 | clip 0.06 | batch 24,574
update 471 | step 11,575,296 | 47,694 sps | ent 1.06 | ev 0.77 | clip 0.06 | batch 24,581
update 472 | step 11,599,872 | 51,742 sps | ent 1.07 | ev 0.75 | clip 0.06 | batch 24,570
update 473 | step 11,624,448 | 50,393 sps | ent 1.07 | ev 0.78 | clip 0.06 | batch 24,578
update 474 | step 11,649,024 | 50,183 sps | ent 1.04 | ev 0.75 | clip 0.06 | batch 24,577
update 475 | step 11,673,600 | 50,338 sps | ent 1.04 | ev 0.74 | clip 0.06 | batch 24,575
update 476 | step 11,698,176 | 50,174 sps | ent 1.04 | ev 0.73 | clip 0.06 | batch 24,575
update 477 | step 11,722,752 | 49,951 sps | ent 1.01 | ev 0.75 | clip 0.06 | batch 24,578
update 478 | step 11,747,328 | 49,677 sps | ent 1.03 | ev 0.73 | clip 0.06 | batch 24,577
update 479 | step 11,771,904 | 51,490 sps | ent 1.05 | ev 0.77 | clip 0.06 | batch 24,575
update 480 | step 11,796,480 | 48,839 sps | ent 1.05 | ev 0.77 | clip 0.06 | batch 24,573
  eval vs 3 random: 99.0% (96 games, baseline 25%)
  eval vs 3 heuristic: 63.5% (96 games, baseline 25%)
update 481 | step 11,821,056 | 47,507 sps | ent 1.03 | ev 0.77 | clip 0.09 | batch 24,577
update 482 | step 11,845,632 | 44,730 sps | ent 1.04 | ev 0.75 | clip 0.06 | batch 24,576
update 483 | step 11,870,208 | 44,247 sps | ent 1.02 | ev 0.79 | clip 0.09 | batch 24,577
update 484 | step 11,894,784 | 49,880 sps | ent 1.06 | ev 0.76 | clip 0.06 | batch 24,575
update 485 | step 11,919,360 | 50,472 sps | ent 0.91 | ev 0.77 | clip 0.06 | batch 24,577
update 486 | step 11,943,936 | 45,922 sps | ent 1.06 | ev 0.77 | clip 0.06 | batch 24,576
update 487 | step 11,968,512 | 46,660 sps | ent 1.04 | ev 0.76 | clip 0.06 | batch 24,573
update 488 | step 11,993,088 | 50,001 sps | ent 0.94 | ev 0.73 | clip 0.09 | batch 24,577
update 489 | step 12,017,664 | 46,281 sps | ent 1.05 | ev 0.73 | clip 0.07 | batch 24,576
update 490 | step 12,042,240 | 42,426 sps | ent 1.10 | ev 0.77 | clip 0.06 | batch 24,577
update 491 | step 12,066,816 | 45,649 sps | ent 1.05 | ev 0.81 | clip 0.06 | batch 24,576
update 492 | step 12,091,392 | 46,897 sps | ent 1.03 | ev 0.76 | clip 0.06 | batch 24,573
update 493 | step 12,115,968 | 50,010 sps | ent 1.05 | ev 0.73 | clip 0.07 | batch 24,581
update 494 | step 12,140,544 | 46,057 sps | ent 1.02 | ev 0.76 | clip 0.07 | batch 24,579
update 495 | step 12,165,120 | 48,341 sps | ent 1.04 | ev 0.77 | clip 0.07 | batch 24,572
update 496 | step 12,189,696 | 44,282 sps | ent 1.00 | ev 0.78 | clip 0.06 | batch 24,581
  eval vs 3 random: 100.0% (96 games, baseline 25%)
  eval vs 3 heuristic: 60.4% (96 games, baseline 25%)
update 497 | step 12,214,272 | 45,652 sps | ent 1.04 | ev 0.78 | clip 0.06 | batch 24,576
update 498 | step 12,238,848 | 45,814 sps | ent 1.04 | ev 0.79 | clip 0.06 | batch 24,570
update 499 | step 12,263,424 | 43,641 sps | ent 1.06 | ev 0.77 | clip 0.07 | batch 24,585
update 500 | step 12,288,000 | 50,322 sps | ent 1.04 | ev 0.77 | clip 0.07 | batch 24,569
update 501 | step 12,312,576 | 46,529 sps | ent 1.03 | ev 0.77 | clip 0.06 | batch 24,576
update 502 | step 12,337,152 | 46,964 sps | ent 1.04 | ev 0.74 | clip 0.06 | batch 24,574
update 503 | step 12,361,728 | 45,149 sps | ent 1.03 | ev 0.75 | clip 0.07 | batch 24,582
update 504 | step 12,386,304 | 47,385 sps | ent 1.04 | ev 0.74 | clip 0.06 | batch 24,570
update 505 | step 12,410,880 | 44,431 sps | ent 1.03 | ev 0.74 | clip 0.07 | batch 24,575
update 506 | step 12,435,456 | 44,079 sps | ent 1.05 | ev 0.74 | clip 0.06 | batch 24,578
update 507 | step 12,460,032 | 46,398 sps | ent 1.04 | ev 0.72 | clip 0.06 | batch 24,573
update 508 | step 12,484,608 | 49,013 sps | ent 0.99 | ev 0.72 | clip 0.07 | batch 24,581
update 509 | step 12,509,184 | 45,829 sps | ent 1.04 | ev 0.75 | clip 0.06 | batch 24,572
update 510 | step 12,533,760 | 45,579 sps | ent 1.03 | ev 0.75 | clip 0.06 | batch 24,576
update 511 | step 12,558,336 | 47,394 sps | ent 1.06 | ev 0.78 | clip 0.06 | batch 24,576
update 512 | step 12,582,912 | 45,120 sps | ent 0.93 | ev 0.80 | clip 0.06 | batch 24,577
  eval vs 3 random: 100.0% (96 games, baseline 25%)
  eval vs 3 heuristic: 72.9% (96 games, baseline 25%)
update 513 | step 12,607,488 | 46,291 sps | ent 1.01 | ev 0.76 | clip 0.07 | batch 24,577
update 514 | step 12,632,064 | 44,980 sps | ent 1.13 | ev 0.74 | clip 0.08 | batch 24,578
update 515 | step 12,656,640 | 44,936 sps | ent 1.05 | ev 0.72 | clip 0.07 | batch 24,574
update 516 | step 12,681,216 | 48,853 sps | ent 1.04 | ev 0.76 | clip 0.06 | batch 24,575
update 517 | step 12,705,792 | 48,931 sps | ent 0.98 | ev 0.75 | clip 0.06 | batch 24,579
update 518 | step 12,730,368 | 51,391 sps | ent 1.04 | ev 0.74 | clip 0.06 | batch 24,573
update 519 | step 12,754,944 | 45,863 sps | ent 1.04 | ev 0.74 | clip 0.06 | batch 24,575
update 520 | step 12,779,520 | 46,717 sps | ent 1.04 | ev 0.72 | clip 0.07 | batch 24,581
update 521 | step 12,804,096 | 45,425 sps | ent 1.05 | ev 0.77 | clip 0.07 | batch 24,574
update 522 | step 12,828,672 | 50,284 sps | ent 1.05 | ev 0.74 | clip 0.06 | batch 24,572
update 523 | step 12,853,248 | 47,493 sps | ent 1.04 | ev 0.78 | clip 0.06 | batch 24,575
update 524 | step 12,877,824 | 44,998 sps | ent 0.98 | ev 0.80 | clip 0.06 | batch 24,579
update 525 | step 12,902,400 | 45,500 sps | ent 1.04 | ev 0.78 | clip 0.07 | batch 24,576
update 526 | step 12,926,976 | 45,055 sps | ent 1.09 | ev 0.78 | clip 0.06 | batch 24,577
update 527 | step 12,951,552 | 49,742 sps | ent 1.04 | ev 0.78 | clip 0.07 | batch 24,572
update 528 | step 12,976,128 | 44,731 sps | ent 1.01 | ev 0.75 | clip 0.08 | batch 24,581
  eval vs 3 random: 100.0% (97 games, baseline 25%)
  eval vs 3 heuristic: 72.9% (96 games, baseline 25%)
update 529 | step 13,000,704 | 44,912 sps | ent 1.05 | ev 0.76 | clip 0.07 | batch 24,575
update 530 | step 13,025,280 | 45,163 sps | ent 1.10 | ev 0.74 | clip 0.07 | batch 24,582
update 531 | step 13,049,856 | 51,036 sps | ent 1.04 | ev 0.72 | clip 0.06 | batch 24,569
update 532 | step 13,074,432 | 48,356 sps | ent 1.03 | ev 0.75 | clip 0.06 | batch 24,575
update 533 | step 13,099,008 | 47,912 sps | ent 1.02 | ev 0.75 | clip 0.06 | batch 24,576
update 534 | step 13,123,584 | 49,473 sps | ent 1.04 | ev 0.73 | clip 0.06 | batch 24,579
update 535 | step 13,148,160 | 50,624 sps | ent 0.98 | ev 0.78 | clip 0.07 | batch 24,578
update 536 | step 13,172,736 | 48,120 sps | ent 1.04 | ev 0.78 | clip 0.06 | batch 24,574
update 537 | step 13,197,312 | 47,020 sps | ent 1.05 | ev 0.76 | clip 0.06 | batch 24,574
update 538 | step 13,221,888 | 47,003 sps | ent 1.04 | ev 0.74 | clip 0.06 | batch 24,576
update 539 | step 13,246,464 | 50,145 sps | ent 1.08 | ev 0.73 | clip 0.06 | batch 24,579
update 540 | step 13,271,040 | 46,772 sps | ent 1.05 | ev 0.69 | clip 0.09 | batch 24,578
update 541 | step 13,295,616 | 49,660 sps | ent 1.05 | ev 0.73 | clip 0.06 | batch 24,575
update 542 | step 13,320,192 | 46,321 sps | ent 1.05 | ev 0.75 | clip 0.06 | batch 24,575
update 543 | step 13,344,768 | 48,591 sps | ent 1.04 | ev 0.74 | clip 0.06 | batch 24,572
update 544 | step 13,369,344 | 46,380 sps | ent 1.07 | ev 0.76 | clip 0.08 | batch 24,582
  eval vs 3 random: 100.0% (96 games, baseline 25%)
  eval vs 3 heuristic: 76.0% (96 games, baseline 25%)
update 545 | step 13,393,920 | 47,462 sps | ent 1.06 | ev 0.75 | clip 0.06 | batch 24,574
update 546 | step 13,418,496 | 50,520 sps | ent 1.06 | ev 0.75 | clip 0.06 | batch 24,575
update 547 | step 13,443,072 | 48,299 sps | ent 1.06 | ev 0.74 | clip 0.06 | batch 24,575
update 548 | step 13,467,648 | 48,608 sps | ent 1.06 | ev 0.75 | clip 0.06 | batch 24,576
update 549 | step 13,492,224 | 45,983 sps | ent 1.11 | ev 0.78 | clip 0.08 | batch 24,581
update 550 | step 13,516,800 | 46,014 sps | ent 1.06 | ev 0.79 | clip 0.06 | batch 24,570
update 551 | step 13,541,376 | 47,612 sps | ent 1.07 | ev 0.76 | clip 0.06 | batch 24,576
update 552 | step 13,565,952 | 48,601 sps | ent 1.04 | ev 0.78 | clip 0.07 | batch 24,584
update 553 | step 13,590,528 | 51,520 sps | ent 1.06 | ev 0.76 | clip 0.06 | batch 24,568
update 554 | step 13,615,104 | 44,832 sps | ent 1.07 | ev 0.76 | clip 0.07 | batch 24,581
update 555 | step 13,639,680 | 47,261 sps | ent 1.06 | ev 0.77 | clip 0.06 | batch 24,574
update 556 | step 13,664,256 | 49,762 sps | ent 1.04 | ev 0.79 | clip 0.07 | batch 24,582
update 557 | step 13,688,832 | 51,788 sps | ent 1.05 | ev 0.77 | clip 0.06 | batch 24,570
update 558 | step 13,713,408 | 48,188 sps | ent 1.05 | ev 0.77 | clip 0.06 | batch 24,576
update 559 | step 13,737,984 | 47,072 sps | ent 1.06 | ev 0.78 | clip 0.06 | batch 24,574
update 560 | step 13,762,560 | 46,280 sps | ent 1.04 | ev 0.75 | clip 0.06 | batch 24,578
  eval vs 3 random: 100.0% (96 games, baseline 25%)
  eval vs 3 heuristic: 57.7% (97 games, baseline 25%)
update 561 | step 13,787,136 | 47,574 sps | ent 1.06 | ev 0.79 | clip 0.06 | batch 24,574
update 562 | step 13,811,712 | 49,556 sps | ent 1.03 | ev 0.75 | clip 0.06 | batch 24,577
update 563 | step 13,836,288 | 49,102 sps | ent 1.06 | ev 0.75 | clip 0.07 | batch 24,574
update 564 | step 13,860,864 | 50,135 sps | ent 1.00 | ev 0.75 | clip 0.08 | batch 24,579
update 565 | step 13,885,440 | 47,943 sps | ent 1.07 | ev 0.77 | clip 0.06 | batch 24,572
update 566 | step 13,910,016 | 44,727 sps | ent 1.02 | ev 0.70 | clip 0.07 | batch 24,580
update 567 | step 13,934,592 | 50,621 sps | ent 1.07 | ev 0.76 | clip 0.06 | batch 24,574
update 568 | step 13,959,168 | 50,185 sps | ent 1.13 | ev 0.75 | clip 0.06 | batch 24,577
update 569 | step 13,983,744 | 47,179 sps | ent 1.06 | ev 0.75 | clip 0.06 | batch 24,572
update 570 | step 14,008,320 | 46,016 sps | ent 1.02 | ev 0.73 | clip 0.06 | batch 24,581
update 571 | step 14,032,896 | 49,535 sps | ent 1.13 | ev 0.78 | clip 0.10 | batch 24,578
update 572 | step 14,057,472 | 52,538 sps | ent 1.06 | ev 0.78 | clip 0.07 | batch 24,569
update 573 | step 14,082,048 | 47,392 sps | ent 1.03 | ev 0.78 | clip 0.06 | batch 24,578
update 574 | step 14,106,624 | 44,362 sps | ent 1.05 | ev 0.80 | clip 0.06 | batch 24,579
update 575 | step 14,131,200 | 49,335 sps | ent 1.05 | ev 0.75 | clip 0.06 | batch 24,576
update 576 | step 14,155,776 | 48,874 sps | ent 1.04 | ev 0.73 | clip 0.06 | batch 24,570
  eval vs 3 random: 100.0% (96 games, baseline 25%)
  eval vs 3 heuristic: 71.9% (96 games, baseline 25%)
update 577 | step 14,180,352 | 44,961 sps | ent 1.04 | ev 0.76 | clip 0.06 | batch 24,583
update 578 | step 14,204,928 | 50,604 sps | ent 1.06 | ev 0.77 | clip 0.07 | batch 24,571
update 579 | step 14,229,504 | 47,585 sps | ent 1.04 | ev 0.76 | clip 0.07 | batch 24,582
update 580 | step 14,254,080 | 47,192 sps | ent 1.05 | ev 0.78 | clip 0.06 | batch 24,572
update 581 | step 14,278,656 | 45,729 sps | ent 1.04 | ev 0.78 | clip 0.10 | batch 24,580
update 582 | step 14,303,232 | 50,871 sps | ent 1.05 | ev 0.72 | clip 0.06 | batch 24,571
update 583 | step 14,327,808 | 47,165 sps | ent 0.95 | ev 0.72 | clip 0.08 | batch 24,578
update 584 | step 14,352,384 | 45,574 sps | ent 1.03 | ev 0.74 | clip 0.06 | batch 24,575
update 585 | step 14,376,960 | 43,938 sps | ent 1.04 | ev 0.74 | clip 0.07 | batch 24,583
update 586 | step 14,401,536 | 50,741 sps | ent 1.05 | ev 0.75 | clip 0.06 | batch 24,568
update 587 | step 14,426,112 | 49,893 sps | ent 1.01 | ev 0.76 | clip 0.06 | batch 24,578
update 588 | step 14,450,688 | 52,182 sps | ent 1.04 | ev 0.76 | clip 0.06 | batch 24,573
update 589 | step 14,475,264 | 49,975 sps | ent 1.00 | ev 0.76 | clip 0.07 | batch 24,580
update 590 | step 14,499,840 | 45,765 sps | ent 1.06 | ev 0.75 | clip 0.07 | batch 24,575
update 591 | step 14,524,416 | 46,658 sps | ent 1.04 | ev 0.74 | clip 0.07 | batch 24,576
update 592 | step 14,548,992 | 50,626 sps | ent 1.04 | ev 0.73 | clip 0.06 | batch 24,576
  eval vs 3 random: 100.0% (96 games, baseline 25%)
  eval vs 3 heuristic: 78.1% (96 games, baseline 25%)
update 593 | step 14,573,568 | 44,225 sps | ent 1.06 | ev 0.74 | clip 0.08 | batch 24,579
update 594 | step 14,598,144 | 50,782 sps | ent 1.03 | ev 0.75 | clip 0.06 | batch 24,574
update 595 | step 14,622,720 | 50,668 sps | ent 1.04 | ev 0.75 | clip 0.06 | batch 24,575
update 596 | step 14,647,296 | 50,936 sps | ent 1.03 | ev 0.76 | clip 0.06 | batch 24,575
update 597 | step 14,671,872 | 45,110 sps | ent 1.03 | ev 0.75 | clip 0.08 | batch 24,583
update 598 | step 14,696,448 | 46,822 sps | ent 1.04 | ev 0.73 | clip 0.06 | batch 24,574
update 599 | step 14,721,024 | 48,009 sps | ent 1.05 | ev 0.73 | clip 0.06 | batch 24,570
update 600 | step 14,745,600 | 49,606 sps | ent 1.04 | ev 0.75 | clip 0.08 | batch 24,580
update 601 | step 14,770,176 | 47,086 sps | ent 1.05 | ev 0.75 | clip 0.06 | batch 24,572
update 602 | step 14,794,752 | 43,037 sps | ent 1.02 | ev 0.76 | clip 0.05 | batch 24,577
update 603 | step 14,819,328 | 50,722 sps | ent 1.04 | ev 0.78 | clip 0.06 | batch 24,573
update 604 | step 14,843,904 | 49,710 sps | ent 1.15 | ev 0.70 | clip 0.06 | batch 24,577
update 605 | step 14,868,480 | 45,777 sps | ent 1.15 | ev 0.75 | clip 0.13 | batch 24,577
update 606 | step 14,893,056 | 45,086 sps | ent 1.05 | ev 0.72 | clip 0.06 | batch 24,576
update 607 | step 14,917,632 | 49,201 sps | ent 1.04 | ev 0.76 | clip 0.06 | batch 24,578
update 608 | step 14,942,208 | 46,677 sps | ent 1.02 | ev 0.68 | clip 0.07 | batch 24,574
  eval vs 3 random: 100.0% (96 games, baseline 25%)
  eval vs 3 heuristic: 73.2% (97 games, baseline 25%)
update 609 | step 14,966,784 | 43,926 sps | ent 0.95 | ev 0.76 | clip 0.05 | batch 24,577
update 610 | step 14,991,360 | 46,372 sps | ent 1.05 | ev 0.76 | clip 0.06 | batch 24,575
update 611 | step 15,015,936 | 45,521 sps | ent 1.06 | ev 0.74 | clip 0.08 | batch 24,583
update 612 | step 15,040,512 | 48,278 sps | ent 1.05 | ev 0.76 | clip 0.06 | batch 24,572
update 613 | step 15,065,088 | 44,868 sps | ent 1.10 | ev 0.74 | clip 0.06 | batch 24,578
update 614 | step 15,089,664 | 46,970 sps | ent 1.05 | ev 0.73 | clip 0.06 | batch 24,575
update 615 | step 15,114,240 | 48,444 sps | ent 1.04 | ev 0.74 | clip 0.06 | batch 24,574
update 616 | step 15,138,816 | 47,919 sps | ent 1.08 | ev 0.77 | clip 0.09 | batch 24,578
update 617 | step 15,163,392 | 44,275 sps | ent 1.07 | ev 0.80 | clip 0.06 | batch 24,570
update 618 | step 15,187,968 | 47,519 sps | ent 1.19 | ev 0.74 | clip 0.05 | batch 24,577
update 619 | step 15,212,544 | 46,877 sps | ent 1.08 | ev 0.76 | clip 0.06 | batch 24,578
update 620 | step 15,237,120 | 48,751 sps | ent 1.13 | ev 0.74 | clip 0.06 | batch 24,580
update 621 | step 15,261,696 | 46,172 sps | ent 1.07 | ev 0.75 | clip 0.06 | batch 24,575
update 622 | step 15,286,272 | 47,114 sps | ent 1.06 | ev 0.76 | clip 0.06 | batch 24,569
update 623 | step 15,310,848 | 48,940 sps | ent 1.06 | ev 0.76 | clip 0.08 | batch 24,581
update 624 | step 15,335,424 | 50,687 sps | ent 1.06 | ev 0.76 | clip 0.06 | batch 24,576
  eval vs 3 random: 100.0% (96 games, baseline 25%)
  eval vs 3 heuristic: 70.8% (96 games, baseline 25%)
update 625 | step 15,360,000 | 45,437 sps | ent 1.08 | ev 0.76 | clip 0.11 | batch 24,579
update 626 | step 15,384,576 | 48,335 sps | ent 1.06 | ev 0.79 | clip 0.06 | batch 24,572
update 627 | step 15,409,152 | 44,180 sps | ent 1.09 | ev 0.80 | clip 0.05 | batch 24,577
update 628 | step 15,433,728 | 41,990 sps | ent 1.04 | ev 0.73 | clip 0.07 | batch 24,578
update 629 | step 15,458,304 | 46,541 sps | ent 1.07 | ev 0.77 | clip 0.07 | batch 24,575
update 630 | step 15,482,880 | 45,224 sps | ent 1.05 | ev 0.76 | clip 0.06 | batch 24,572
update 631 | step 15,507,456 | 44,571 sps | ent 1.07 | ev 0.78 | clip 0.08 | batch 24,582
update 632 | step 15,532,032 | 44,387 sps | ent 1.06 | ev 0.79 | clip 0.06 | batch 24,570
update 633 | step 15,556,608 | 50,938 sps | ent 1.07 | ev 0.72 | clip 0.07 | batch 24,575
update 634 | step 15,581,184 | 47,706 sps | ent 1.07 | ev 0.76 | clip 0.09 | batch 24,580
update 635 | step 15,605,760 | 50,091 sps | ent 1.06 | ev 0.73 | clip 0.06 | batch 24,578
update 636 | step 15,630,336 | 46,235 sps | ent 1.06 | ev 0.75 | clip 0.06 | batch 24,571
update 637 | step 15,654,912 | 49,226 sps | ent 1.11 | ev 0.74 | clip 0.06 | batch 24,579
update 638 | step 15,679,488 | 48,836 sps | ent 0.91 | ev 0.78 | clip 0.06 | batch 24,577
update 639 | step 15,704,064 | 50,700 sps | ent 1.06 | ev 0.74 | clip 0.07 | batch 24,575
update 640 | step 15,728,640 | 50,971 sps | ent 1.05 | ev 0.73 | clip 0.06 | batch 24,574
  eval vs 3 random: 100.0% (97 games, baseline 25%)
  eval vs 3 heuristic: 77.1% (96 games, baseline 25%)
update 641 | step 15,753,216 | 49,478 sps | ent 1.06 | ev 0.78 | clip 0.06 | batch 24,575
update 642 | step 15,777,792 | 48,093 sps | ent 1.14 | ev 0.73 | clip 0.06 | batch 24,577
update 643 | step 15,802,368 | 50,507 sps | ent 1.06 | ev 0.75 | clip 0.06 | batch 24,576
update 644 | step 15,826,944 | 51,529 sps | ent 1.06 | ev 0.75 | clip 0.06 | batch 24,576
update 645 | step 15,851,520 | 49,153 sps | ent 1.02 | ev 0.74 | clip 0.06 | batch 24,583
update 646 | step 15,876,096 | 49,507 sps | ent 1.08 | ev 0.77 | clip 0.07 | batch 24,571
update 647 | step 15,900,672 | 48,826 sps | ent 1.05 | ev 0.75 | clip 0.06 | batch 24,575
update 648 | step 15,925,248 | 48,037 sps | ent 1.14 | ev 0.78 | clip 0.07 | batch 24,580
update 649 | step 15,949,824 | 52,012 sps | ent 1.05 | ev 0.77 | clip 0.07 | batch 24,569
update 650 | step 15,974,400 | 49,162 sps | ent 1.02 | ev 0.76 | clip 0.07 | batch 24,580
update 651 | step 15,998,976 | 50,082 sps | ent 1.04 | ev 0.73 | clip 0.06 | batch 24,571
update 652 | step 16,023,552 | 47,642 sps | ent 1.03 | ev 0.74 | clip 0.07 | batch 24,581
update 653 | step 16,048,128 | 51,304 sps | ent 1.06 | ev 0.74 | clip 0.07 | batch 24,572
update 654 | step 16,072,704 | 50,737 sps | ent 1.05 | ev 0.74 | clip 0.08 | batch 24,579
update 655 | step 16,097,280 | 52,064 sps | ent 1.04 | ev 0.75 | clip 0.07 | batch 24,576
update 656 | step 16,121,856 | 50,244 sps | ent 1.13 | ev 0.77 | clip 0.06 | batch 24,577
  eval vs 3 random: 100.0% (96 games, baseline 25%)
  eval vs 3 heuristic: 70.1% (97 games, baseline 25%)
update 657 | step 16,146,432 | 48,683 sps | ent 1.05 | ev 0.77 | clip 0.07 | batch 24,573
update 658 | step 16,171,008 | 50,083 sps | ent 1.03 | ev 0.76 | clip 0.06 | batch 24,583
update 659 | step 16,195,584 | 51,013 sps | ent 1.03 | ev 0.75 | clip 0.06 | batch 24,570
update 660 | step 16,220,160 | 49,116 sps | ent 1.03 | ev 0.76 | clip 0.06 | batch 24,576
update 661 | step 16,244,736 | 50,533 sps | ent 1.05 | ev 0.75 | clip 0.07 | batch 24,580
update 662 | step 16,269,312 | 51,367 sps | ent 1.05 | ev 0.75 | clip 0.09 | batch 24,579
update 663 | step 16,293,888 | 51,089 sps | ent 1.05 | ev 0.71 | clip 0.06 | batch 24,575
update 664 | step 16,318,464 | 52,214 sps | ent 1.05 | ev 0.75 | clip 0.06 | batch 24,568
update 665 | step 16,343,040 | 47,434 sps | ent 1.04 | ev 0.76 | clip 0.07 | batch 24,587
update 666 | step 16,367,616 | 51,559 sps | ent 1.03 | ev 0.75 | clip 0.06 | batch 24,573
update 667 | step 16,392,192 | 51,614 sps | ent 1.05 | ev 0.74 | clip 0.06 | batch 24,574
update 668 | step 16,416,768 | 51,692 sps | ent 1.05 | ev 0.75 | clip 0.07 | batch 24,575
update 669 | step 16,441,344 | 52,105 sps | ent 1.06 | ev 0.77 | clip 0.06 | batch 24,574
update 670 | step 16,465,920 | 47,690 sps | ent 1.01 | ev 0.74 | clip 0.06 | batch 24,577
update 671 | step 16,490,496 | 51,736 sps | ent 1.04 | ev 0.73 | clip 0.06 | batch 24,572
update 672 | step 16,515,072 | 50,738 sps | ent 1.09 | ev 0.77 | clip 0.08 | batch 24,581
  eval vs 3 random: 100.0% (96 games, baseline 25%)
  eval vs 3 heuristic: 67.7% (96 games, baseline 25%)
update 673 | step 16,539,648 | 49,715 sps | ent 1.04 | ev 0.79 | clip 0.07 | batch 24,572
update 674 | step 16,564,224 | 49,207 sps | ent 1.06 | ev 0.77 | clip 0.09 | batch 24,580
update 675 | step 16,588,800 | 49,581 sps | ent 1.04 | ev 0.75 | clip 0.07 | batch 24,575
update 676 | step 16,613,376 | 49,046 sps | ent 1.04 | ev 0.77 | clip 0.06 | batch 24,576
update 677 | step 16,637,952 | 47,765 sps | ent 1.07 | ev 0.73 | clip 0.08 | batch 24,578
update 678 | step 16,662,528 | 52,367 sps | ent 1.06 | ev 0.78 | clip 0.06 | batch 24,571
update 679 | step 16,687,104 | 49,837 sps | ent 1.03 | ev 0.76 | clip 0.07 | batch 24,585
update 680 | step 16,711,680 | 52,077 sps | ent 1.03 | ev 0.76 | clip 0.07 | batch 24,568
update 681 | step 16,736,256 | 51,508 sps | ent 1.03 | ev 0.79 | clip 0.06 | batch 24,573
update 682 | step 16,760,832 | 48,334 sps | ent 0.99 | ev 0.78 | clip 0.06 | batch 24,578
update 683 | step 16,785,408 | 49,653 sps | ent 1.03 | ev 0.76 | clip 0.07 | batch 24,583
update 684 | step 16,809,984 | 51,758 sps | ent 1.04 | ev 0.77 | clip 0.06 | batch 24,572
update 685 | step 16,834,560 | 51,020 sps | ent 0.99 | ev 0.78 | clip 0.06 | batch 24,578
update 686 | step 16,859,136 | 51,511 sps | ent 1.06 | ev 0.76 | clip 0.06 | batch 24,573
update 687 | step 16,883,712 | 48,948 sps | ent 1.06 | ev 0.77 | clip 0.06 | batch 24,575
update 688 | step 16,908,288 | 50,545 sps | ent 1.07 | ev 0.77 | clip 0.07 | batch 24,581
  eval vs 3 random: 100.0% (96 games, baseline 25%)
  eval vs 3 heuristic: 67.7% (96 games, baseline 25%)
update 689 | step 16,932,864 | 49,150 sps | ent 1.05 | ev 0.76 | clip 0.07 | batch 24,571
update 690 | step 16,957,440 | 50,141 sps | ent 1.10 | ev 0.76 | clip 0.08 | batch 24,582
update 691 | step 16,982,016 | 51,543 sps | ent 1.05 | ev 0.72 | clip 0.06 | batch 24,572
update 692 | step 17,006,592 | 51,350 sps | ent 1.06 | ev 0.77 | clip 0.06 | batch 24,572
update 693 | step 17,031,168 | 49,835 sps | ent 1.01 | ev 0.79 | clip 0.07 | batch 24,579
update 694 | step 17,055,744 | 48,907 sps | ent 1.02 | ev 0.74 | clip 0.08 | batch 24,578
update 695 | step 17,080,320 | 49,794 sps | ent 1.05 | ev 0.76 | clip 0.06 | batch 24,577
update 696 | step 17,104,896 | 50,400 sps | ent 1.06 | ev 0.78 | clip 0.06 | batch 24,579
update 697 | step 17,129,472 | 51,758 sps | ent 1.06 | ev 0.75 | clip 0.06 | batch 24,571
update 698 | step 17,154,048 | 48,851 sps | ent 1.05 | ev 0.77 | clip 0.06 | batch 24,572
update 699 | step 17,178,624 | 51,005 sps | ent 1.11 | ev 0.77 | clip 0.07 | batch 24,581
update 700 | step 17,203,200 | 47,310 sps | ent 1.05 | ev 0.77 | clip 0.07 | batch 24,570
update 701 | step 17,227,776 | 49,490 sps | ent 1.06 | ev 0.77 | clip 0.06 | batch 24,579
update 702 | step 17,252,352 | 48,013 sps | ent 1.04 | ev 0.77 | clip 0.06 | batch 24,575
update 703 | step 17,276,928 | 45,995 sps | ent 1.08 | ev 0.77 | clip 0.07 | batch 24,581
update 704 | step 17,301,504 | 49,425 sps | ent 1.06 | ev 0.77 | clip 0.07 | batch 24,575
  eval vs 3 random: 100.0% (96 games, baseline 25%)
  eval vs 3 heuristic: 75.0% (96 games, baseline 25%)
update 705 | step 17,326,080 | 45,616 sps | ent 1.06 | ev 0.80 | clip 0.06 | batch 24,576
update 706 | step 17,350,656 | 50,607 sps | ent 1.06 | ev 0.76 | clip 0.06 | batch 24,575
update 707 | step 17,375,232 | 46,839 sps | ent 1.08 | ev 0.76 | clip 0.06 | batch 24,577
update 708 | step 17,399,808 | 49,454 sps | ent 1.13 | ev 0.76 | clip 0.06 | batch 24,577
update 709 | step 17,424,384 | 46,496 sps | ent 0.99 | ev 0.77 | clip 0.06 | batch 24,577
update 710 | step 17,448,960 | 46,323 sps | ent 1.07 | ev 0.75 | clip 0.06 | batch 24,572
update 711 | step 17,473,536 | 50,116 sps | ent 1.11 | ev 0.74 | clip 0.06 | batch 24,577
update 712 | step 17,498,112 | 51,195 sps | ent 1.08 | ev 0.76 | clip 0.06 | batch 24,572
update 713 | step 17,522,688 | 49,105 sps | ent 1.06 | ev 0.73 | clip 0.07 | batch 24,579
update 714 | step 17,547,264 | 45,768 sps | ent 1.01 | ev 0.75 | clip 0.08 | batch 24,579
update 715 | step 17,571,840 | 51,760 sps | ent 1.06 | ev 0.74 | clip 0.06 | batch 24,572
update 716 | step 17,596,416 | 45,418 sps | ent 1.03 | ev 0.76 | clip 0.07 | batch 24,583
update 717 | step 17,620,992 | 47,895 sps | ent 1.06 | ev 0.77 | clip 0.07 | batch 24,568
update 718 | step 17,645,568 | 47,869 sps | ent 1.00 | ev 0.77 | clip 0.06 | batch 24,579
update 719 | step 17,670,144 | 51,492 sps | ent 1.04 | ev 0.79 | clip 0.06 | batch 24,574
update 720 | step 17,694,720 | 49,992 sps | ent 1.04 | ev 0.78 | clip 0.06 | batch 24,575
  eval vs 3 random: 100.0% (96 games, baseline 25%)
  eval vs 3 heuristic: 70.1% (97 games, baseline 25%)
update 721 | step 17,719,296 | 45,735 sps | ent 1.05 | ev 0.77 | clip 0.06 | batch 24,576
update 722 | step 17,743,872 | 47,731 sps | ent 1.05 | ev 0.77 | clip 0.06 | batch 24,575
update 723 | step 17,768,448 | 45,064 sps | ent 1.08 | ev 0.76 | clip 0.06 | batch 24,580
update 724 | step 17,793,024 | 49,738 sps | ent 1.09 | ev 0.76 | clip 0.10 | batch 24,578
update 725 | step 17,817,600 | 48,670 sps | ent 1.06 | ev 0.74 | clip 0.06 | batch 24,578
update 726 | step 17,842,176 | 51,151 sps | ent 1.05 | ev 0.76 | clip 0.06 | batch 24,576
update 727 | step 17,866,752 | 48,019 sps | ent 1.05 | ev 0.79 | clip 0.06 | batch 24,574
update 728 | step 17,891,328 | 50,826 sps | ent 1.04 | ev 0.75 | clip 0.06 | batch 24,574
update 729 | step 17,915,904 | 51,129 sps | ent 1.04 | ev 0.78 | clip 0.06 | batch 24,573
update 730 | step 17,940,480 | 49,558 sps | ent 1.05 | ev 0.79 | clip 0.06 | batch 24,576
update 731 | step 17,965,056 | 50,249 sps | ent 1.07 | ev 0.77 | clip 0.09 | batch 24,578
update 732 | step 17,989,632 | 49,583 sps | ent 0.98 | ev 0.78 | clip 0.06 | batch 24,578
update 733 | step 18,014,208 | 46,037 sps | ent 0.98 | ev 0.80 | clip 0.07 | batch 24,579
update 734 | step 18,038,784 | 51,669 sps | ent 1.03 | ev 0.78 | clip 0.07 | batch 24,572
update 735 | step 18,063,360 | 50,027 sps | ent 1.05 | ev 0.76 | clip 0.06 | batch 24,572
update 736 | step 18,087,936 | 46,145 sps | ent 1.08 | ev 0.75 | clip 0.07 | batch 24,582
  eval vs 3 random: 100.0% (96 games, baseline 25%)
  eval vs 3 heuristic: 80.2% (96 games, baseline 25%)
update 737 | step 18,112,512 | 49,143 sps | ent 1.05 | ev 0.76 | clip 0.06 | batch 24,573
update 738 | step 18,137,088 | 47,967 sps | ent 1.03 | ev 0.74 | clip 0.06 | batch 24,576
update 739 | step 18,161,664 | 49,012 sps | ent 1.07 | ev 0.75 | clip 0.07 | batch 24,581
update 740 | step 18,186,240 | 50,818 sps | ent 1.04 | ev 0.76 | clip 0.06 | batch 24,569
update 741 | step 18,210,816 | 47,625 sps | ent 1.05 | ev 0.78 | clip 0.06 | batch 24,575
update 742 | step 18,235,392 | 46,025 sps | ent 1.01 | ev 0.79 | clip 0.07 | batch 24,580
update 743 | step 18,259,968 | 47,344 sps | ent 1.04 | ev 0.76 | clip 0.07 | batch 24,573
update 744 | step 18,284,544 | 48,274 sps | ent 0.93 | ev 0.76 | clip 0.06 | batch 24,578
update 745 | step 18,309,120 | 48,952 sps | ent 1.04 | ev 0.77 | clip 0.06 | batch 24,574
update 746 | step 18,333,696 | 47,179 sps | ent 0.95 | ev 0.79 | clip 0.06 | batch 24,577
update 747 | step 18,358,272 | 49,743 sps | ent 1.04 | ev 0.77 | clip 0.07 | batch 24,574
update 748 | step 18,382,848 | 47,124 sps | ent 1.09 | ev 0.78 | clip 0.06 | batch 24,579
update 749 | step 18,407,424 | 50,004 sps | ent 1.03 | ev 0.75 | clip 0.06 | batch 24,576
update 750 | step 18,432,000 | 49,573 sps | ent 1.02 | ev 0.78 | clip 0.08 | batch 24,579
update 751 | step 18,456,576 | 45,135 sps | ent 1.01 | ev 0.76 | clip 0.06 | batch 24,577
update 752 | step 18,481,152 | 50,821 sps | ent 1.03 | ev 0.80 | clip 0.06 | batch 24,575
  eval vs 3 random: 100.0% (97 games, baseline 25%)
  eval vs 3 heuristic: 70.8% (96 games, baseline 25%)
update 753 | step 18,505,728 | 47,493 sps | ent 1.04 | ev 0.79 | clip 0.06 | batch 24,570
update 754 | step 18,530,304 | 48,296 sps | ent 1.07 | ev 0.76 | clip 0.08 | batch 24,582
update 755 | step 18,554,880 | 51,112 sps | ent 1.05 | ev 0.76 | clip 0.06 | batch 24,573
update 756 | step 18,579,456 | 49,976 sps | ent 1.12 | ev 0.77 | clip 0.09 | batch 24,577
update 757 | step 18,604,032 | 50,475 sps | ent 1.16 | ev 0.78 | clip 0.09 | batch 24,578
update 758 | step 18,628,608 | 49,304 sps | ent 1.15 | ev 0.78 | clip 0.06 | batch 24,577
update 759 | step 18,653,184 | 47,242 sps | ent 1.04 | ev 0.80 | clip 0.06 | batch 24,575
update 760 | step 18,677,760 | 47,806 sps | ent 1.04 | ev 0.77 | clip 0.06 | batch 24,575
update 761 | step 18,702,336 | 51,005 sps | ent 1.04 | ev 0.77 | clip 0.06 | batch 24,575
update 762 | step 18,726,912 | 48,236 sps | ent 1.05 | ev 0.77 | clip 0.06 | batch 24,574
update 763 | step 18,751,488 | 51,751 sps | ent 1.04 | ev 0.78 | clip 0.06 | batch 24,574
update 764 | step 18,776,064 | 46,450 sps | ent 0.99 | ev 0.77 | clip 0.07 | batch 24,579
update 765 | step 18,800,640 | 48,157 sps | ent 1.06 | ev 0.78 | clip 0.06 | batch 24,576
update 766 | step 18,825,216 | 51,575 sps | ent 1.04 | ev 0.75 | clip 0.06 | batch 24,575
update 767 | step 18,849,792 | 50,517 sps | ent 1.06 | ev 0.76 | clip 0.06 | batch 24,580
update 768 | step 18,874,368 | 44,260 sps | ent 1.07 | ev 0.75 | clip 0.06 | batch 24,580
  eval vs 3 random: 100.0% (96 games, baseline 25%)
  eval vs 3 heuristic: 63.5% (96 games, baseline 25%)
update 769 | step 18,898,944 | 51,315 sps | ent 1.05 | ev 0.70 | clip 0.07 | batch 24,566
update 770 | step 18,923,520 | 50,355 sps | ent 1.06 | ev 0.75 | clip 0.06 | batch 24,584
update 771 | step 18,948,096 | 44,957 sps | ent 1.03 | ev 0.72 | clip 0.07 | batch 24,569
update 772 | step 18,972,672 | 46,981 sps | ent 1.01 | ev 0.76 | clip 0.07 | batch 24,582
update 773 | step 18,997,248 | 50,918 sps | ent 1.02 | ev 0.78 | clip 0.07 | batch 24,572
update 774 | step 19,021,824 | 50,163 sps | ent 1.02 | ev 0.77 | clip 0.06 | batch 24,579
update 775 | step 19,046,400 | 50,624 sps | ent 1.02 | ev 0.76 | clip 0.06 | batch 24,573
update 776 | step 19,070,976 | 47,056 sps | ent 1.05 | ev 0.74 | clip 0.09 | batch 24,579
update 777 | step 19,095,552 | 51,455 sps | ent 1.03 | ev 0.77 | clip 0.06 | batch 24,573
update 778 | step 19,120,128 | 52,126 sps | ent 1.03 | ev 0.73 | clip 0.06 | batch 24,575
update 779 | step 19,144,704 | 50,103 sps | ent 1.01 | ev 0.77 | clip 0.07 | batch 24,586
update 780 | step 19,169,280 | 50,478 sps | ent 1.03 | ev 0.81 | clip 0.06 | batch 24,567
update 781 | step 19,193,856 | 47,525 sps | ent 1.02 | ev 0.77 | clip 0.06 | batch 24,574
update 782 | step 19,218,432 | 49,516 sps | ent 1.05 | ev 0.77 | clip 0.06 | batch 24,578
update 783 | step 19,243,008 | 51,887 sps | ent 1.03 | ev 0.74 | clip 0.06 | batch 24,574
update 784 | step 19,267,584 | 50,192 sps | ent 1.09 | ev 0.76 | clip 0.06 | batch 24,580
  eval vs 3 random: 99.0% (98 games, baseline 25%)
  eval vs 3 heuristic: 58.3% (96 games, baseline 25%)
update 785 | step 19,292,160 | 49,508 sps | ent 1.03 | ev 0.77 | clip 0.06 | batch 24,572
update 786 | step 19,316,736 | 50,797 sps | ent 0.98 | ev 0.75 | clip 0.07 | batch 24,582
update 787 | step 19,341,312 | 51,202 sps | ent 1.02 | ev 0.75 | clip 0.07 | batch 24,568
update 788 | step 19,365,888 | 46,364 sps | ent 1.02 | ev 0.76 | clip 0.06 | batch 24,581
update 789 | step 19,390,464 | 50,638 sps | ent 1.04 | ev 0.77 | clip 0.06 | batch 24,573
update 790 | step 19,415,040 | 47,931 sps | ent 1.05 | ev 0.76 | clip 0.06 | batch 24,578
update 791 | step 19,439,616 | 50,071 sps | ent 1.02 | ev 0.77 | clip 0.06 | batch 24,580
update 792 | step 19,464,192 | 51,788 sps | ent 1.04 | ev 0.77 | clip 0.06 | batch 24,574
update 793 | step 19,488,768 | 52,088 sps | ent 1.04 | ev 0.76 | clip 0.06 | batch 24,574
update 794 | step 19,513,344 | 49,188 sps | ent 1.04 | ev 0.73 | clip 0.08 | batch 24,583
update 795 | step 19,537,920 | 49,367 sps | ent 1.04 | ev 0.73 | clip 0.06 | batch 24,569
update 796 | step 19,562,496 | 52,337 sps | ent 1.04 | ev 0.74 | clip 0.06 | batch 24,574
update 797 | step 19,587,072 | 49,848 sps | ent 1.05 | ev 0.77 | clip 0.06 | batch 24,575
update 798 | step 19,611,648 | 46,727 sps | ent 1.07 | ev 0.77 | clip 0.07 | batch 24,578
update 799 | step 19,636,224 | 46,193 sps | ent 1.05 | ev 0.76 | clip 0.06 | batch 24,576
update 800 | step 19,660,800 | 48,168 sps | ent 1.00 | ev 0.71 | clip 0.07 | batch 24,583
  eval vs 3 random: 100.0% (96 games, baseline 25%)
  eval vs 3 heuristic: 69.8% (96 games, baseline 25%)
final eval vs 3 random: 99.0% | avg VP 7.2 | done at step 19,660,800
final eval vs 3 heuristic: 72.9% | avg VP 6.4 | done at step 19,660,800
