2026-10-05 20:23:58.194 xcodebuild[26965:17400729] [MT] IDEDistribution: -[IDEDistributionLogging _createLoggingBundleAtPath:]: Created bundle at path "/var/folders/_m/cfbn0s7j7zx3sx1lwv6w4mr80000gn/T/Settlers_2026-10-05_20-23-58.194.xcdistributionlogs".
2026-10-05 20:24:11.888 xcodebuild[26965:17400729] Starting upload
2026-10-05 20:24:12.873 xcodebuild[26965:17400753] Progress 0%: Making copy of ‘Settlers.ipa’…
2026-10-05 20:24:12.873 xcodebuild[26965:17400753] Progress 0%: Making copy of ‘Settlers.ipa’…
2026-10-05 20:24:12.874 xcodebuild[26965:17400753] Progress 0%: Preparing to upload ‘Settlers.ipa’…
2026-10-05 20:24:16.996 xcodebuild[26965:17400751] Progress 0%: Analyzing package…
2026-10-05 20:24:17.940 xcodebuild[26965:17400753] Progress 0%: Sending analysis to App Store Connect…
2026-10-05 20:24:19.022 xcodebuild[26965:17400753] Progress 0%: Waiting for App Store Connect analysis response…
2026-10-05 20:24:20.559 xcodebuild[26965:17400753] Progress 0%: Waiting for App Store Connect analysis response…
2026-10-05 20:24:47.012 xcodebuild[26965:17400784] Progress 0%: Sending SPI analysis to App Store Connect…
2026-10-05 20:24:47.887 xcodebuild[26965:17400784] Progress 0%: Waiting for App Store Connect SPI analysis response…
2026-10-05 20:24:49.429 xcodebuild[26965:17400784] Progress 0%: Waiting for App Store Connect SPI analysis response…
2026-10-05 20:25:09.937 xcodebuild[26965:17400784] Progress 0%: Requesting upload instructions from App Store Connect…
2026-10-05 20:25:10.741 xcodebuild[26965:17400784] Progress 0%: Preparing file for upload to App Store Connect…
2026-10-05 20:25:10.746 xcodebuild[26965:17400784] Progress 0%: Preparing file for upload to App Store Connect…
2026-10-05 20:25:10.746 xcodebuild[26965:17400784] Progress 0%: Uploading to App Store Connect…
2026-10-05 20:25:10.867 xcodebuild[26965:17400784] Progress 21%: Uploading to App Store Connect…
2026-10-05 20:25:10.868 xcodebuild[26965:17400784] Progress 21%: Uploading to App Store Connect…
2026-10-05 20:25:11.725 xcodebuild[26965:17400784] Progress 63%: Uploading to App Store Connect…
2026-10-05 20:25:11.725 xcodebuild[26965:17400784] Progress 63%: Uploading to App Store Connect…
2026-10-05 20:25:14.022 xcodebuild[26965:17400784] Progress 63%: Completing upload…
2026-10-05 20:25:15.164 xcodebuild[26965:17400784] Progress 63%: Waiting for package to begin processing…
2026-10-05 20:25:15.283 xcodebuild[26965:17400784] Progress 63%: Uploaded package is processing.
2026-10-05 20:25:15.397 xcodebuild[26965:17400784] Progress 63%: Upload succeeded.
Uploaded Settlers
** EXPORT SUCCEEDED **

