Linting Swift files in current working directory
Linting 'DiscardDraftTests.swift' (1/171)
Linting 'RobberDragRouterTests.swift' (2/171)
Linting 'MatchCheckpointStoreTests.swift' (3/171)
Linting 'MatchSetupGhostTests.swift' (4/171)
Linting 'CheckpointLifecycleTests.swift' (6/171)
Linting 'TradeReceiptTests.swift' (5/171)
Linting 'BoardFitTests.swift' (7/171)
Linting 'PersistenceTests.swift' (9/171)
Linting 'LeaderboardTests.swift' (8/171)
Linting 'LiveSyncRenameDetailTests.swift' (10/171)
Linting 'ReplayExportPresentationTests.swift' (11/171)
Linting 'ExpertArchiveRevisionTests.swift' (12/171)
Linting 'BoardLayeringTests.swift' (14/171)
Linting 'RobberConfirmationTests.swift' (13/171)
Linting 'BotDifficultyTests.swift' (15/171)
Linting 'BoardCameraTests.swift' (16/171)
Linting 'DevelopmentCardDisplayTests.swift' (17/171)
Linting 'GameplayFeedbackCommitTests.swift' (18/171)
Linting 'HumanTradeOfferIntegrationTests.swift' (19/171)
Linting 'AppSettingsTests.swift' (20/171)
Linting 'ReplayExportSequenceTests.swift' (21/171)
Linting 'HumanDecisionProvenanceTests.swift' (22/171)
Linting 'NavalMatchFlowTests.swift' (23/171)
Linting 'GhostTrainingQueueTests.swift' (24/171)
Linting 'GhostTrainerTests.swift' (25/171)
Linting 'OpponentProfileTests.swift' (26/171)
Linting 'NewGameSetupTests.swift' (27/171)
Linting 'CompleteMatchTests.swift' (28/171)
Linting 'GhostStoreTests.swift' (29/171)
Linting 'NavalHistoryIntegrityTests.swift' (31/171)
Linting 'TradeDraftFeedbackTests.swift' (30/171)
Linting 'BoardDecisionViewModelTests.swift' (32/171)
Linting 'GhostSeatTests.swift' (33/171)
Linting 'GameInteractionPriorityTests.swift' (34/171)
Linting 'CheckpointMigrationTests.swift' (35/171)
Linting 'NavalReleaseCompatibilityTests.swift' (36/171)
Linting 'GameLogStoreTests.swift' (37/171)
Linting 'EloTests.swift' (38/171)
Linting 'GameViewModelCheckpointTests.swift' (39/171)
Linting 'ArmyUITests.swift' (40/171)
Linting 'ReplayVideoExporterTests.swift' (41/171)
Linting 'IncomingOfferHoldTests.swift' (42/171)
Linting 'RatingStoreTests.swift' (43/171)
Linting 'PacingPreferencesTests.swift' (44/171)
Linting 'VictoryPointBreakdownTests.swift' (45/171)
Linting 'OpponentProfileIntegrationTests.swift' (46/171)
Linting 'ReplayExportFixtures.swift' (47/171)
Linting 'NavalBoardGeometryTests.swift' (48/171)
Linting 'PreMergeAuditRegressionTests.swift' (49/171)
Linting 'BotProgressTests.swift' (50/171)
Linting 'CivilizationMappingTests.swift' (51/171)
Linting 'HumanTradeOfferPolicyTests.swift' (52/171)
Linting 'GameplayFeedbackTests.swift' (53/171)
Linting 'BoardDecisionCoordinatorTests.swift' (54/171)
Linting 'RobberDragJourneyTests.swift' (55/171)
Linting 'CheckpointExportTests.swift' (56/171)
Linting 'LiveSyncTests.swift' (57/171)
Linting 'DevelopmentCardJourneyTests.swift' (58/171)
Linting 'ReplayExportModelTests.swift' (59/171)
Linting 'RobberTests.swift' (60/171)
Linting 'TradeOfferIDTests.swift' (61/171)
Linting 'RulebookContentTests.swift' (62/171)
Linting 'SaveRecoveryTests.swift' (63/171)
Linting 'DiceOddsTests.swift' (64/171)
Linting 'NavalTestSupport.swift' (65/171)
Linting 'LongestRoadTests.swift' (66/171)
Linting 'MatchConfigurationTests.swift' (67/171)
Linting 'GameSetupTests.swift' (68/171)
Linting 'DiceFairnessTests.swift' (69/171)
Linting 'BankTradeResourceRuleTests.swift' (70/171)
Linting 'NavalOpeningTests.swift' (71/171)
Linting 'LongestRoadEquivalenceTests.swift' (72/171)
Linting 'ExternalActionCheckpointTests.swift' (73/171)
Linting 'DevCardTests.swift' (74/171)
Linting 'GameReplayTimelineTests.swift' (75/171)
Linting 'NavalObservationTests.swift' (76/171)
Linting 'NavalTradeCheckpointTests.swift' (77/171)
Linting 'EngineFairnessTests.swift' (78/171)
Linting 'GameSessionTests.swift' (79/171)
Linting 'ResourceProductionFeedbackTests.swift' (80/171)
Linting 'RulesetRoutingTests.swift' (81/171)
Linting 'ConquestProductionTests.swift' (82/171)
Linting 'NavalSaveTests.swift' (83/171)
Linting 'TradeDraftConstraintTests.swift' (84/171)
Linting 'DeterminismTests.swift' (85/171)
Linting 'IncrementalCheckpointValidationTests.swift' (86/171)
Linting 'PublicLedgerCheckpointTests.swift' (87/171)
Linting 'BoardGenerationTests.swift' (88/171)
Linting 'SessionCheckpointTests.swift' (89/171)
Linting 'ComposedProposalTests.swift' (90/171)
Linting 'PieceSupplyTests.swift' (91/171)
Linting 'TerminalTradeBookkeepingTests.swift' (92/171)
Linting 'BankTradeValidationTests.swift' (93/171)
Linting 'NavalGameplayTests.swift' (94/171)
Linting 'SetupPhaseTests.swift' (95/171)
Linting 'NavalProductionValidationTests.swift' (96/171)
Linting 'ReplayShareControllerTests.swift' (97/171)
Linting 'BuildingTests.swift' (98/171)
Linting 'PublicLedgerTests.swift' (99/171)
Linting 'WinConditionTests.swift' (100/171)
Linting 'ResourceProductionTests.swift' (101/171)
Linting 'CatanEngineTests.swift' (102/171)
Linting 'GameplayFeedbackLayoutTests.swift' (103/171)
Linting 'GameOverActionsTests.swift' (104/171)
Linting 'SessionCheckpointValidationTests.swift' (105/171)
Linting 'SaveCompatibilityTests.swift' (106/171)
Linting 'RulesetTests.swift' (107/171)
Linting 'TradingTests.swift' (108/171)
Linting 'NavalMapTests.swift' (109/171)
Linting 'NewGameEndToEndTests.swift' (110/171)
Linting 'VastBoardTests.swift' (111/171)
Linting 'RulesVersionReplayTests.swift' (112/171)
Linting 'NavalDeterminismTests.swift' (113/171)
Linting 'FullGameSimulationTests.swift' (114/171)
Linting 'ConquestMoveTests.swift' (115/171)
Linting 'DevCardConservationTests.swift' (116/171)
Linting 'NavalProductionTests.swift' (117/171)
Linting 'DevCardHeuristicsTests.swift' (118/171)
Linting 'CloudKitBackendTests.swift' (119/171)
Linting 'ResourceCountAgnosticTests.swift' (120/171)
Linting 'GamePhaseTests.swift' (121/171)
Linting 'EvaluationBankTradeTests.swift' (122/171)
Linting 'PlannerTradeTests.swift' (123/171)
Linting 'HandDisciplineTests.swift' (124/171)
Linting 'NavalPolicyTests.swift' (125/171)
Linting 'GhostTrainingProvenanceTests.swift' (126/171)
Linting 'HumanReviewStrategyDiagnosticsTests.swift' (127/171)
Linting 'FullBotGameSimulationTests.swift' (128/171)
Linting 'CatanAITests.swift' (129/171)
Linting 'TradeAccountingBoundaryTests.swift' (130/171)
Linting 'EvaluationPolicyTests.swift' (131/171)
Linting 'TradeContributionTests.swift' (132/171)
Linting 'NavalMixedSessionTests.swift' (133/171)
Linting 'PolicyTests.swift' (134/171)
Linting 'GhostDecisionExtractorTests.swift' (135/171)
Linting 'BotLegalityTests.swift' (136/171)
Linting 'GhostCandidateScoringTests.swift' (137/171)
Linting 'EvaluationTradeRepeatTests.swift' (138/171)
Linting 'NavalNavigationDiagnosticsTests.swift' (139/171)
Linting 'GhostProfileTests.swift' (140/171)
Linting 'TradeMessagesTests.swift' (141/171)
Linting 'TradeCascadeTests.swift' (142/171)
Linting 'GameEventTests.swift' (143/171)
Linting 'TradeAssessmentTests.swift' (144/171)
Linting 'ConfigurationMatrixGameplayTests.swift' (145/171)
Linting 'TradeHeuristicsTests.swift' (146/171)
Linting 'TradeReviewContextTests.swift' (147/171)
Linting 'GhostPolicyTests.swift' (148/171)
Linting 'DiscardRaceRegressionTests.swift' (149/171)
Linting 'ThreatAssessmentTests.swift' (150/171)
Linting 'GhostSeatStatsTests.swift' (151/171)
Linting 'EvaluationTradeGainTests.swift' (152/171)
Linting 'EvaluationCounterpartyTests.swift' (153/171)
Linting 'ConquestExpertTests.swift' (154/171)
Linting 'JointTradeResponsePolicyTests.swift' (155/171)
Linting 'SeededGameFingerprintTests.swift' (156/171)
Linting 'PolicyBehaviorMetricsTests.swift' (157/171)
Linting 'TradeRefusingPolicyTests.swift' (158/171)
Linting 'GhostStyleFeaturesTests.swift' (159/171)
Linting 'PositionEvaluatorTests.swift' (160/171)
Linting 'BuildPlannerTests.swift' (161/171)
Linting 'OpeningPlacements.swift' (162/171)
Linting 'PlacementHeuristicsTests.swift' (163/171)
Linting 'ConquestBotTests.swift' (164/171)
Linting 'ThreeSeatGameTests.swift' (165/171)
Linting 'GhostPersonModelTests.swift' (166/171)
Linting 'RobberHeuristicsTests.swift' (167/171)
Linting 'SettlersTests/ConquestSetupTests.swift' (168/171)
Linting 'SettlersTests/ExpertRevisionTests.swift' (169/171)
Linting 'Packages/CatanEngine/Tests/CatanEngineTests/ConquestSetupTests.swift' (170/171)
Linting 'Packages/CatanAI/Tests/CatanAITests/ExpertRevisionTests.swift' (171/171)
Linting 'audit.swift' (1/284)
Linting 'seat-server.swift' (2/284)
Linting 'MainPhase.swift' (3/284)
Linting 'Building.swift' (4/284)
Linting 'SetupPhase.swift' (5/284)
Linting 'CatanEngine.swift' (6/284)
Linting 'BoardGeneration.swift' (7/284)
Linting 'WinCondition.swift' (8/284)
Linting 'Board.swift' (9/284)
Linting 'Packages/CatanEngine/Package.swift' (10/284)
Linting 'Ruleset.swift' (11/284)
Linting 'RulesEngine.swift' (12/284)
Linting 'Robber.swift' (13/284)
Linting 'Trading.swift' (15/284)
Linting 'BoardShape.swift' (14/284)
Linting 'LongestRoad.swift' (16/284)
Linting 'DiceOdds.swift' (17/284)
Linting 'Conquest.swift' (18/284)
Linting 'PublicLedger.swift' (19/284)
Linting 'GameSession.swift' (20/284)
Linting 'DevCards.swift' (21/284)
Linting 'PlayerID.swift' (22/284)
Linting 'GameVariant.swift' (23/284)
Linting 'Move.swift' (24/284)
Linting 'DevCardPlayStatus.swift' (25/284)
Linting 'DevCardType.swift' (26/284)
Linting 'GamePhase.swift' (27/284)
Linting 'Port.swift' (28/284)
Linting 'EdgeID.swift' (29/284)
Linting 'GameMode.swift' (30/284)
Linting 'HexCoordinate.swift' (31/284)
Linting 'VertexID.swift' (32/284)
Linting 'Resource.swift' (33/284)
Linting 'RandomSource.swift' (34/284)
Linting 'GameState.swift' (35/284)
Linting 'Player.swift' (36/284)
Linting 'Tile.swift' (37/284)
Linting 'GameEvent.swift' (38/284)
Linting 'NavalMapGenerator.swift' (39/284)
Linting 'NavalPorts.swift' (40/284)
Linting 'NavalStateValidation.swift' (41/284)
Linting 'NavalFallback.swift' (42/284)
Linting 'NavalTerrain.swift' (43/284)
Linting 'NavalModels.swift' (44/284)
Linting 'NavalProduction.swift' (45/284)
Linting 'NavalVisibility.swift' (46/284)
Linting 'NavalMapValidation.swift' (47/284)
Linting 'NavalMoves.swift' (48/284)
Linting 'Naval.swift' (49/284)
Linting 'Options.swift' (50/284)
Linting 'Packages/CatanAI/Sources/trade-bench/main.swift' (51/284)
Linting 'Packages/CatanAI/Package.swift' (52/284)
Linting 'EvaluationProtocol.swift' (53/284)
Linting 'Rendering.swift' (54/284)
Linting 'Audit.swift' (55/284)
Linting 'Diagnostics.swift' (56/284)
Linting 'LogFile.swift' (57/284)
Linting 'Strength.swift' (58/284)
Linting 'Selftest.swift' (59/284)
Linting 'BotWeights.swift' (60/284)
Linting 'Packages/CatanAI/Sources/naval-sim/main.swift' (61/284)
Linting 'TradeAssessment.swift' (62/284)
Linting 'HeuristicPolicy.swift' (63/284)
Linting 'CatanAI.swift' (64/284)
Linting 'JointTradeResponsePolicy.swift' (65/284)
Linting 'PlanningContext.swift' (66/284)
Linting 'PlacementHeuristics.swift' (67/284)
Linting 'Packages/CatanAI/Sources/ghost/main.swift' (68/284)
Linting 'TradeRefusingPolicy.swift' (69/284)
Linting 'TradeReviewContext.swift' (70/284)
Linting 'TradeHeuristics.swift' (71/284)
Linting 'PolicyBehaviorMetrics.swift' (72/284)
Linting 'TradeMessages.swift' (73/284)
Linting 'Bot.swift' (74/284)
Linting 'DevCardHeuristics.swift' (75/284)
Linting 'BuildPlanner.swift' (76/284)
Linting 'RobberHeuristics.swift' (77/284)
Linting 'ConquestHeuristics.swift' (78/284)
Linting 'ThreatAssessment.swift' (79/284)
Linting 'BotPersonality.swift' (80/284)
Linting 'GreedyPolicy.swift' (81/284)
Linting 'PlannerTradeEvaluator.swift' (82/284)
Linting 'ProductionModel.swift' (83/284)
Linting 'DecisionRecord.swift' (84/284)
Linting 'PersonModel.swift' (85/284)
Linting 'PersonFitter.swift' (86/284)
Linting 'SeatStats.swift' (87/284)
Linting 'GhostProfile.swift' (88/284)
Linting 'CandidateScoring.swift' (89/284)
Linting 'GhostPolicy.swift' (90/284)
Linting 'DecisionExtractor.swift' (91/284)
Linting 'StyleFeatures.swift' (92/284)
Linting 'NavalLandControl.swift' (93/284)
Linting 'NavalEconomy.swift' (94/284)
Linting 'NavalTrading.swift' (95/284)
Linting 'NavalDecisionContext.swift' (96/284)
Linting 'NavalNavigationDiagnostics.swift' (97/284)
Linting 'NavalCards.swift' (98/284)
Linting 'NavalNavigation.swift' (99/284)
Linting 'NavalPolicy.swift' (100/284)
Linting 'TradeCascade.swift' (101/284)
Linting 'HandDiscipline.swift' (102/284)
Linting 'EvaluationPolicy.swift' (103/284)
Linting 'PositionEvaluator.swift' (104/284)
Linting 'TradeValuation.swift' (105/284)
Linting 'EvaluationWeights.swift' (106/284)
Linting 'BoardIndex.swift' (107/284)
Linting 'ExpertRevision.swift' (108/284)
Linting 'EvaluationProjections.swift' (109/284)
Linting 'SettlersApp.swift' (110/284)
Linting 'QALaunchFlag.swift' (111/284)
Linting 'Packages/CatanAI/Sources/sim/main.swift' (113/284)
Linting 'ContentView.swift' (112/284)
Linting 'GameViewModel+OpponentProfiles.swift' (114/284)
Linting 'Packages/CatanAI/Sources/arena/main.swift' (115/284)
Linting 'GameViewModel+Checkpoints.swift' (116/284)
Linting 'ReplayExportModel.swift' (117/284)
Linting 'GameViewModel+BoardDecision.swift' (118/284)
Linting 'GameViewModel+Recovery.swift' (119/284)
Linting 'GameViewModel+Conquest.swift' (120/284)
Linting 'GameViewModel+Ghosts.swift' (121/284)
Linting 'GameViewModel+HumanTradeOffers.swift' (122/284)
Linting 'GameViewModel+BotPacing.swift' (123/284)
Linting 'BoardDecisionCoordinator.swift' (124/284)
Linting 'GameViewModel+Policies.swift' (125/284)
Linting 'GameViewModel+GameOver.swift' (126/284)
Linting 'TradePresentationState.swift' (127/284)
Linting 'DevelopmentCardPresentationState.swift' (128/284)
Linting 'MatchPersistenceTransaction.swift' (129/284)
Linting 'GhostTrainer.swift' (130/284)
Linting 'DiscardPresentationState.swift' (131/284)
Linting 'GameViewModel.swift' (132/284)
Linting 'GameViewModel+BotTurns.swift' (133/284)
Linting 'GameReplayNarrator.swift' (134/284)
Linting 'Leaderboard.swift' (135/284)
Linting 'OpponentProfile.swift' (136/284)
Linting 'GameReplayTimeline.swift' (137/284)
Linting 'Elo.swift' (138/284)
Linting 'BotTurnProgress.swift' (139/284)
Linting 'HumanTradeOfferPolicy.swift' (140/284)
Linting 'ReplayVideoExport.swift' (141/284)
Linting 'ReplayExportSequence.swift' (142/284)
Linting 'ReplayExportPresentation.swift' (143/284)
Linting 'ResourceProductionFeedback.swift' (144/284)
Linting 'BotDifficulty.swift' (145/284)
Linting 'GameplayFeedback.swift' (146/284)
Linting 'VictoryPointBreakdown.swift' (147/284)
Linting 'GameViewModel+QACompleteMatch.swift' (148/284)
Linting 'GameView+QA.swift' (149/284)
Linting 'UITestBootstrap.swift' (150/284)
Linting 'AccessibilityID.swift' (151/284)
Linting 'GameViewModel+QANaval.swift' (152/284)
Linting 'GameViewModel+QAConquest.swift' (153/284)
Linting 'GameViewModel+QADiscard.swift' (154/284)
Linting 'GameViewModel+QAFeedback.swift' (155/284)
Linting 'GameViewModel+QADevCards.swift' (156/284)
Linting 'CheckpointProcessProbe.swift' (157/284)
Linting 'NavalQAFixture.swift' (158/284)
Linting 'GameViewModel+QAProduction.swift' (159/284)
Linting 'GameViewModel+QAVast.swift' (160/284)
Linting 'QAGameHistoryFixture.swift' (161/284)
Linting 'GameViewModel+QABoardDecision.swift' (162/284)
Linting 'GameViewModel+QATrade.swift' (163/284)
Linting 'DevCardDisplay.swift' (164/284)
Linting 'Civilization.swift' (165/284)
Linting 'CatanTheme.swift' (166/284)
Linting 'DevCardStyle.swift' (167/284)
Linting 'PlayerIdentity.swift' (168/284)
Linting 'SavedGameAvailability.swift' (169/284)
Linting 'PlayerNameStore.swift' (170/284)
Linting 'CivilizationSettingsStore.swift' (171/284)
Linting 'PacingPreferences.swift' (172/284)
Linting 'SeatStatsStore.swift' (173/284)
Linting 'RatingStore.swift' (174/284)
Linting 'MatchSetup.swift' (175/284)
Linting 'MatchCheckpointMigration.swift' (176/284)
Linting 'GameStatsStore.swift' (177/284)
Linting 'MatchCheckpointStore.swift' (178/284)
Linting 'PlayerDirectory.swift' (179/284)
Linting 'GameStore.swift' (180/284)
Linting 'GameLogStore.swift' (181/284)
Linting 'CivilizationAssignmentStore.swift' (182/284)
Linting 'HumanSeatStore.swift' (183/284)
Linting 'GhostStore.swift' (184/284)
Linting 'SharedMatch.swift' (185/284)
Linting 'CloudBackend.swift' (186/284)
Linting 'LiveSync.swift' (187/284)
Linting 'CloudKitBackend.swift' (188/284)
Linting 'CivilizationPickerPopup.swift' (189/284)
Linting 'DevCardPopupView.swift' (190/284)
Linting 'GameView.swift' (191/284)
Linting 'BoardChips.swift' (192/284)
Linting 'MatchSettingHelpView.swift' (193/284)
Linting 'MainMenuView.swift' (194/284)
Linting 'PaintedChromeBackground.swift' (195/284)
Linting 'PlayerHUDView.swift' (196/284)
Linting 'DiscardPopupView.swift' (197/284)
Linting 'LadderNameEntry.swift' (198/284)
Linting 'TradePopupView.swift' (199/284)
Linting 'DevCardResourceChoice.swift' (200/284)
Linting 'ReplayExportSheet.swift' (201/284)
Linting 'CornerAccent.swift' (202/284)
Linting 'NavalSetupOptionsView.swift' (203/284)
Linting 'RadarChartView.swift' (204/284)
Linting 'BuildPopupView.swift' (205/284)
Linting 'GhostPickerPopup.swift' (206/284)
Linting 'LeaderboardView.swift' (207/284)
Linting 'NavalResourceChoiceView.swift' (208/284)
Linting 'TradeReceiptView.swift' (209/284)
Linting 'BottomSafeInsetKey.swift' (210/284)
Linting 'GameViewLayoutSupport.swift' (211/284)
Linting 'SettingsChrome.swift' (212/284)
Linting 'EndGameView.swift' (213/284)
Linting 'RatedEntityDetailView.swift' (214/284)
Linting 'ResourceProductionFeedbackView.swift' (215/284)
Linting 'GameActionPanels.swift' (216/284)
Linting 'ArmyHandViews.swift' (217/284)
Linting 'TradeTermsView.swift' (218/284)
Linting 'TradeDraftFeedback.swift' (219/284)
Linting 'TopChipHeightKey.swift' (220/284)
Linting 'DevCardArt.swift' (221/284)
Linting 'IncomingTradeCardView.swift' (222/284)
Linting 'SeatCardView.swift' (223/284)
Linting 'ResourceChip.swift' (224/284)
Linting 'ReplayVideoFrameView.swift' (225/284)
Linting 'HowToPlayIllustration.swift' (226/284)
Linting 'TradeResourceRow.swift' (227/284)
Linting 'BotTurnStatusView.swift' (228/284)
Linting 'NewGameSetupView.swift' (229/284)
Linting 'HowToPlayView.swift' (230/284)
Linting 'GameReplayView.swift' (231/284)
Linting 'GoldRowButton.swift' (232/284)
Linting 'DevCardInventoryView.swift' (233/284)
Linting 'SeatNumberPickerPopup.swift' (234/284)
Linting 'GameplayFeedbackView.swift' (235/284)
Linting 'InGameSettingsView.swift' (236/284)
Linting 'HowToPlayContent.swift' (237/284)
Linting 'ArmyPurchasePopupView.swift' (238/284)
Linting 'UniformActionButton.swift' (239/284)
Linting 'GameHistoryView.swift' (240/284)
Linting 'NavalArtwork.swift' (241/284)
Linting 'CivilizationPieceShapes.swift' (242/284)
Linting 'BoardView.swift' (243/284)
Linting 'BoardDecisionBoardChrome.swift' (244/284)
Linting 'BoardViewCamera.swift' (245/284)
Linting 'TileView.swift' (246/284)
Linting 'BoardGestureRouter.swift' (247/284)
Linting 'BoardDecisionInteractionLayer.swift' (248/284)
Linting 'BoardViewNaval.swift' (249/284)
Linting 'CivilizationBadge.swift' (250/284)
Linting 'BoardCamera.swift' (251/284)
Linting 'NavalBoardInteractions.swift' (252/284)
Linting 'HexGeometry.swift' (253/284)
Linting 'BoardInspectionSemantics.swift' (254/284)
Linting 'ReplayVideoExporter.swift' (255/284)
Linting 'ReplayMovieWriter.swift' (256/284)
Linting 'HowToPlayFlowTests.swift' (257/284)
Linting 'GameplayFeedbackFlowTests.swift' (258/284)
Linting 'BoardCameraFlowTests.swift' (259/284)
Linting 'TradeComposerClarityTests.swift' (260/284)
Linting 'DiscardFlowTests.swift' (261/284)
Linting 'InGameSettingsFlowTests.swift' (262/284)
Linting 'ReplayExportFlowTests.swift' (263/284)
Linting 'NavalReplayRenderingTests.swift' (264/284)
Linting 'MainMenuFlowTests.swift' (265/284)
Linting 'NewGameKeyboardInvarianceTests.swift' (266/284)
Linting 'NewGameModeFlowTests.swift' (267/284)
Linting 'NewGameMatchSettingsFlowTests.swift' (268/284)
Linting 'ConquestFlowTests.swift' (269/284)
Linting 'PlayerNameMemoryFlowTests.swift' (270/284)
Linting 'BankTradeFlowTests.swift' (271/284)
Linting 'DevelopmentCardAppearanceTests.swift' (272/284)
Linting 'GameHistoryFlowTests.swift' (273/284)
Linting 'OnBoardRobberDragFlowTests.swift' (274/284)
Linting 'BoardViewportInvarianceTests.swift' (275/284)
Linting 'DevelopmentCardFlowTests.swift' (276/284)
Linting 'SaveRecoveryFlowTests.swift' (277/284)
Linting 'ResourceProductionFlowTests.swift' (278/284)
Linting 'GhostOpponentFlowTests.swift' (279/284)
Linting 'NavalFlowTests.swift' (280/284)
Linting 'GameplayBoundaryFlowTests.swift' (281/284)
Linting 'BotProgressFlowTests.swift' (282/284)
Linting 'BelowBoardInvarianceTests.swift' (283/284)
Linting 'TradeRedesignFlowTests.swift' (284/284)
Done linting! Found 0 violations, 0 serious in 455 files.
