[0/1] Planning build
Building for debugging...
[0/4] Write sources
[1/4] Write swift-version--58304C5D6DBC2206.txt
[3/8] Compiling CatanEngineTests NavalProductionValidationTests.swift
[4/8] Compiling CatanEngineTests NavalProductionTests.swift
[5/8] Emitting module CatanEngineTests
[6/8] Compiling CatanEngineTests NavalPortVisibilityTests.swift
[7/10] Compiling CatanEnginePackageTests runner.swift
[8/10] Emitting module CatanEnginePackageTests
[8/10] Write Objects.LinkFileList
[9/10] Linking CatanEnginePackageTests
Build complete! (3.87s)
Test Suite 'Selected tests' started at 2026-10-06 22:56:46.337.
Test Suite 'CatanEnginePackageTests.xctest' started at 2026-10-06 22:56:46.340.
Test Suite 'CatanEnginePackageTests.xctest' passed at 2026-10-06 22:56:46.340.
	 Executed 0 tests, with 0 failures (0 unexpected) in 0.000 (0.000) seconds
Test Suite 'Selected tests' passed at 2026-10-06 22:56:46.340.
	 Executed 0 tests, with 0 failures (0 unexpected) in 0.000 (0.003) seconds
◇ Test run started.
↳ Testing Library Version: 1902
↳ Target Platform: arm64e-apple-macos14.0
◇ Suite NavalPortCheckpointTests started.
◇ Suite NavalPortVisibilityTests started.
◇ Test legacyProjectionDoesNotPermitOtherQueuedReplyCorruption(field:) started.
◇ Test legacyQueuedReplyResumesWithChartedHarborsWithoutResampling() started.
◇ Test discoveringAnOverseasCoastChartsItsHarborWhileOtherHexesStayFogged() started.
◇ Test concealedTerrainAndPortsCannotChangeChartedHarbors() started.
◇ Test chartedPortNeedsAnOwnedBuildingAndPreservesActualBankRates(kind:) started.
◇ Test openingChartsHomeHarborsWithoutDiscoveringTheirSea(family:) started.
◇ Test case passing 1 argument field → "devCardDeckCount" to legacyProjectionDoesNotPermitOtherQueuedReplyCorruption(field:) started.
◇ Test case passing 1 argument field → "handCounts" to legacyProjectionDoesNotPermitOtherQueuedReplyCorruption(field:) started.
◇ Test case passing 1 argument field → "legalMoves" to legacyProjectionDoesNotPermitOtherQueuedReplyCorruption(field:) started.
◇ Test case passing 1 argument field → "seat" to legacyProjectionDoesNotPermitOtherQueuedReplyCorruption(field:) started.
◇ Test case passing 1 argument field → "move" to legacyProjectionDoesNotPermitOtherQueuedReplyCorruption(field:) started.
◇ Test case passing 1 argument field → "evaluationIndex" to legacyProjectionDoesNotPermitOtherQueuedReplyCorruption(field:) started.
◇ Test case passing 1 argument field → "bank" to legacyProjectionDoesNotPermitOtherQueuedReplyCorruption(field:) started.
◇ Test case passing 1 argument field → "devCardCounts" to legacyProjectionDoesNotPermitOtherQueuedReplyCorruption(field:) started.
◇ Test case passing 1 argument field → "partialPorts" to legacyProjectionDoesNotPermitOtherQueuedReplyCorruption(field:) started.
◇ Test case passing 1 argument family → .peninsula to openingChartsHomeHarborsWithoutDiscoveringTheirSea(family:) started.
◇ Test case passing 1 argument family → .twinIslands to openingChartsHomeHarborsWithoutDiscoveringTheirSea(family:) started.
◇ Test case passing 1 argument family → .archipelago to openingChartsHomeHarborsWithoutDiscoveringTheirSea(family:) started.
◇ Test case passing 1 argument kind → .generic to chartedPortNeedsAnOwnedBuildingAndPreservesActualBankRates(kind:) started.
◇ Test case passing 1 argument kind → .resource(CatanEngine.Resource.wool) to chartedPortNeedsAnOwnedBuildingAndPreservesActualBankRates(kind:) started.
◇ Test case passing 1 argument kind → .resource(CatanEngine.Resource.grain) to chartedPortNeedsAnOwnedBuildingAndPreservesActualBankRates(kind:) started.
✘ Test openingChartsHomeHarborsWithoutDiscoveringTheirSea(family:) recorded an issue with 1 argument family → .archipelago at NavalPortVisibilityTests.swift:12:9: Expectation failed: (publicBoard.ports → []) == (home → [CatanEngine.Port(vertexA: CatanEngine.VertexID(touchingTiles: [CatanEngine.HexCoordinate(q: -1, r: -2), CatanEngine.HexCoordinate(q: 0, r: -3), CatanEngine.HexCoordinate(q: 0, r: -2)]), vertexB: CatanEngine.VertexID(touchingTiles: [CatanEngine.HexCoordinate(q: 0, r: -3), CatanEngine.HexCoordinate(q: 0, r: -2), CatanEngine.HexCoordinate(q: 1, r: -3)]), kind: CatanEngine.PortKind.generic), CatanEngine.Port(vertexA: CatanEngine.VertexID(touchingTiles: [CatanEngine.HexCoordinate(q: 0, r: 2), CatanEngine.HexCoordinate(q: 1, r: 1), CatanEngine.HexCoordinate(q: 1, r: 2)]), vertexB: CatanEngine.VertexID(touchingTiles: [CatanEngine.HexCoordinate(q: 1, r: 1), CatanEngine.HexCoordinate(q: 1, r: 2), CatanEngine.HexCoordinate(q: 2, r: 1)]), kind: CatanEngine.PortKind.generic), CatanEngine.Port(vertexA: CatanEngine.VertexID(touchingTiles: [CatanEngine.HexCoordinate(q: 2, r: -2), CatanEngine.HexCoordinate(q: 2, r: -1), CatanEngine.HexCoordinate(q: 3, r: -2)]), vertexB: CatanEngine.VertexID(touchingTiles: [CatanEngine.HexCoordinate(q: 2, r: -2), CatanEngine.HexCoordinate(q: 3, r: -3), CatanEngine.HexCoordinate(q: 3, r: -2)]), kind: CatanEngine.PortKind.resource(CatanEngine.Resource.grain)), CatanEngine.Port(vertexA: CatanEngine.VertexID(touchingTiles: [CatanEngine.HexCoordinate(q: 2, r: 0), CatanEngine.HexCoordinate(q: 2, r: 1), CatanEngine.HexCoordinate(q: 3, r: 0)]), vertexB: CatanEngine.VertexID(touchingTiles: [CatanEngine.HexCoordinate(q: 2, r: 0), CatanEngine.HexCoordinate(q: 3, r: -1), CatanEngine.HexCoordinate(q: 3, r: 0)]), kind: CatanEngine.PortKind.resource(CatanEngine.Resource.wool))])
± removed [CatanEngine.Port(vertexA: CatanEngine.VertexID(touchingTiles: [CatanEngine.HexCoordinate(q: -1, r: -2), CatanEngine.HexCoordinate(q: 0, r: -3), CatanEngine.HexCoordinate(q: 0, r: -2)]), vertexB: CatanEngine.VertexID(touchingTiles: [CatanEngine.HexCoordinate(q: 0, r: -3), CatanEngine.HexCoordinate(q: 0, r: -2), CatanEngine.HexCoordinate(q: 1, r: -3)]), kind: CatanEngine.PortKind.generic), CatanEngine.Port(vertexA: CatanEngine.VertexID(touchingTiles: [CatanEngine.HexCoordinate(q: 0, r: 2), CatanEngine.HexCoordinate(q: 1, r: 1), CatanEngine.HexCoordinate(q: 1, r: 2)]), vertexB: CatanEngine.VertexID(touchingTiles: [CatanEngine.HexCoordinate(q: 1, r: 1), CatanEngine.HexCoordinate(q: 1, r: 2), CatanEngine.HexCoordinate(q: 2, r: 1)]), kind: CatanEngine.PortKind.generic), CatanEngine.Port(vertexA: CatanEngine.VertexID(touchingTiles: [CatanEngine.HexCoordinate(q: 2, r: -2), CatanEngine.HexCoordinate(q: 2, r: -1), CatanEngine.HexCoordinate(q: 3, r: -2)]), vertexB: CatanEngine.VertexID(touchingTiles: [CatanEngine.HexCoordinate(q: 2, r: -2), CatanEngine.HexCoordinate(q: 3, r: -3), CatanEngine.HexCoordinate(q: 3, r: -2)]), kind: CatanEngine.PortKind.resource(CatanEngine.Resource.grain)), CatanEngine.Port(vertexA: CatanEngine.VertexID(touchingTiles: [CatanEngine.HexCoordinate(q: 2, r: 0), CatanEngine.HexCoordinate(q: 2, r: 1), CatanEngine.HexCoordinate(q: 3, r: 0)]), vertexB: CatanEngine.VertexID(touchingTiles: [CatanEngine.HexCoordinate(q: 2, r: 0), CatanEngine.HexCoordinate(q: 3, r: -1), CatanEngine.HexCoordinate(q: 3, r: 0)]), kind: CatanEngine.PortKind.resource(CatanEngine.Resource.wool))]
✘ Test openingChartsHomeHarborsWithoutDiscoveringTheirSea(family:) recorded an issue with 1 argument family → .peninsula at NavalPortVisibilityTests.swift:12:9: Expectation failed: (publicBoard.ports → []) == (home → [CatanEngine.Port(vertexA: CatanEngine.VertexID(touchingTiles: [CatanEngine.HexCoordinate(q: -2, r: -1), CatanEngine.HexCoordinate(q: -1, r: -2), CatanEngine.HexCoordinate(q: -1, r: -1)]), vertexB: CatanEngine.VertexID(touchingTiles: [CatanEngine.HexCoordinate(q: -1, r: -2), CatanEngine.HexCoordinate(q: -1, r: -1), CatanEngine.HexCoordinate(q: 0, r: -2)]), kind: CatanEngine.PortKind.generic), CatanEngine.Port(vertexA: CatanEngine.VertexID(touchingTiles: [CatanEngine.HexCoordinate(q: -3, r: 1), CatanEngine.HexCoordinate(q: -3, r: 2), CatanEngine.HexCoordinate(q: -2, r: 1)]), vertexB: CatanEngine.VertexID(touchingTiles: [CatanEngine.HexCoordinate(q: -3, r: 2), CatanEngine.HexCoordinate(q: -2, r: 1), CatanEngine.HexCoordinate(q: -2, r: 2)]), kind: CatanEngine.PortKind.generic), CatanEngine.Port(vertexA: CatanEngine.VertexID(touchingTiles: [CatanEngine.HexCoordinate(q: -1, r: 2), CatanEngine.HexCoordinate(q: -1, r: 3), CatanEngine.HexCoordinate(q: 0, r: 2)]), vertexB: CatanEngine.VertexID(touchingTiles: [CatanEngine.HexCoordinate(q: -1, r: 3), CatanEngine.HexCoordinate(q: 0, r: 2), CatanEngine.HexCoordinate(q: 0, r: 3)]), kind: CatanEngine.PortKind.resource(CatanEngine.Resource.grain)), CatanEngine.Port(vertexA: CatanEngine.VertexID(touchingTiles: [CatanEngine.HexCoordinate(q: -3, r: 0), CatanEngine.HexCoordinate(q: -3, r: 1), CatanEngine.HexCoordinate(q: -2, r: 0)]), vertexB: CatanEngine.VertexID(touchingTiles: [CatanEngine.HexCoordinate(q: -3, r: 1), CatanEngine.HexCoordinate(q: -2, r: 0), CatanEngine.HexCoordinate(q: -2, r: 1)]), kind: CatanEngine.PortKind.resource(CatanEngine.Resource.wool))])
± removed [CatanEngine.Port(vertexA: CatanEngine.VertexID(touchingTiles: [CatanEngine.HexCoordinate(q: -2, r: -1), CatanEngine.HexCoordinate(q: -1, r: -2), CatanEngine.HexCoordinate(q: -1, r: -1)]), vertexB: CatanEngine.VertexID(touchingTiles: [CatanEngine.HexCoordinate(q: -1, r: -2), CatanEngine.HexCoordinate(q: -1, r: -1), CatanEngine.HexCoordinate(q: 0, r: -2)]), kind: CatanEngine.PortKind.generic), CatanEngine.Port(vertexA: CatanEngine.VertexID(touchingTiles: [CatanEngine.HexCoordinate(q: -3, r: 1), CatanEngine.HexCoordinate(q: -3, r: 2), CatanEngine.HexCoordinate(q: -2, r: 1)]), vertexB: CatanEngine.VertexID(touchingTiles: [CatanEngine.HexCoordinate(q: -3, r: 2), CatanEngine.HexCoordinate(q: -2, r: 1), CatanEngine.HexCoordinate(q: -2, r: 2)]), kind: CatanEngine.PortKind.generic), CatanEngine.Port(vertexA: CatanEngine.VertexID(touchingTiles: [CatanEngine.HexCoordinate(q: -1, r: 2), CatanEngine.HexCoordinate(q: -1, r: 3), CatanEngine.HexCoordinate(q: 0, r: 2)]), vertexB: CatanEngine.VertexID(touchingTiles: [CatanEngine.HexCoordinate(q: -1, r: 3), CatanEngine.HexCoordinate(q: 0, r: 2), CatanEngine.HexCoordinate(q: 0, r: 3)]), kind: CatanEngine.PortKind.resource(CatanEngine.Resource.grain)), CatanEngine.Port(vertexA: CatanEngine.VertexID(touchingTiles: [CatanEngine.HexCoordinate(q: -3, r: 0), CatanEngine.HexCoordinate(q: -3, r: 1), CatanEngine.HexCoordinate(q: -2, r: 0)]), vertexB: CatanEngine.VertexID(touchingTiles: [CatanEngine.HexCoordinate(q: -3, r: 1), CatanEngine.HexCoordinate(q: -2, r: 0), CatanEngine.HexCoordinate(q: -2, r: 1)]), kind: CatanEngine.PortKind.resource(CatanEngine.Resource.wool))]
✔ Test concealedTerrainAndPortsCannotChangeChartedHarbors() passed after 0.161 seconds.
✘ Test chartedPortNeedsAnOwnedBuildingAndPreservesActualBankRates(kind:) recorded an issue with 1 argument kind → .generic at NavalPortVisibilityTests.swift:87:13: Expectation failed: (Trading.bestRate(for: resource, player: owner, state: observation.state) → 4) == (rate → 3)
✘ Test chartedPortNeedsAnOwnedBuildingAndPreservesActualBankRates(kind:) recorded an issue with 1 argument kind → .generic at NavalPortVisibilityTests.swift:87:13: Expectation failed: (Trading.bestRate(for: resource, player: owner, state: observation.state) → 4) == (rate → 3)
✘ Test chartedPortNeedsAnOwnedBuildingAndPreservesActualBankRates(kind:) recorded an issue with 1 argument kind → .generic at NavalPortVisibilityTests.swift:87:13: Expectation failed: (Trading.bestRate(for: resource, player: owner, state: observation.state) → 4) == (rate → 3)
✘ Test chartedPortNeedsAnOwnedBuildingAndPreservesActualBankRates(kind:) recorded an issue with 1 argument kind → .generic at NavalPortVisibilityTests.swift:87:13: Expectation failed: (Trading.bestRate(for: resource, player: owner, state: observation.state) → 4) == (rate → 3)
✘ Test chartedPortNeedsAnOwnedBuildingAndPreservesActualBankRates(kind:) recorded an issue with 1 argument kind → .generic at NavalPortVisibilityTests.swift:87:13: Expectation failed: (Trading.bestRate(for: resource, player: owner, state: observation.state) → 4) == (rate → 3)
✘ Test chartedPortNeedsAnOwnedBuildingAndPreservesActualBankRates(kind:) recorded an issue with 1 argument kind → .resource(CatanEngine.Resource.wool) at NavalPortVisibilityTests.swift:87:13: Expectation failed: (Trading.bestRate(for: resource, player: owner, state: observation.state) → 4) == (rate → 2)
✘ Test chartedPortNeedsAnOwnedBuildingAndPreservesActualBankRates(kind:) recorded an issue with 1 argument kind → .generic at NavalPortVisibilityTests.swift:87:13: Expectation failed: (Trading.bestRate(for: resource, player: owner, state: observation.state) → 4) == (rate → 3)
✘ Test chartedPortNeedsAnOwnedBuildingAndPreservesActualBankRates(kind:) recorded an issue with 1 argument kind → .generic at NavalPortVisibilityTests.swift:87:13: Expectation failed: (Trading.bestRate(for: resource, player: owner, state: observation.state) → 4) == (rate → 3)
✘ Test chartedPortNeedsAnOwnedBuildingAndPreservesActualBankRates(kind:) recorded an issue with 1 argument kind → .generic at NavalPortVisibilityTests.swift:87:13: Expectation failed: (Trading.bestRate(for: resource, player: owner, state: observation.state) → 4) == (rate → 3)
✘ Test chartedPortNeedsAnOwnedBuildingAndPreservesActualBankRates(kind:) recorded an issue with 1 argument kind → .generic at NavalPortVisibilityTests.swift:87:13: Expectation failed: (Trading.bestRate(for: resource, player: owner, state: observation.state) → 4) == (rate → 3)
✘ Test chartedPortNeedsAnOwnedBuildingAndPreservesActualBankRates(kind:) recorded an issue with 1 argument kind → .generic at NavalPortVisibilityTests.swift:87:13: Expectation failed: (Trading.bestRate(for: resource, player: owner, state: observation.state) → 4) == (rate → 3)
✘ Test chartedPortNeedsAnOwnedBuildingAndPreservesActualBankRates(kind:) recorded an issue with 1 argument kind → .resource(CatanEngine.Resource.wool) at NavalPortVisibilityTests.swift:87:13: Expectation failed: (Trading.bestRate(for: resource, player: owner, state: observation.state) → 4) == (rate → 2)
✘ Test discoveringAnOverseasCoastChartsItsHarborWhileOtherHexesStayFogged() recorded an issue at NavalPortVisibilityTests.swift:38:9: Expectation failed: (publicBoard.ports → []).contains(port → Port(vertexA: CatanEngine.VertexID(touchingTiles: [CatanEngine.HexCoordinate(q: -2, r: -5), CatanEngine.HexCoordinate(q: -1, r: -6), CatanEngine.HexCoordinate(q: -1, r: -5)]), vertexB: CatanEngine.VertexID(touchingTiles: [CatanEngine.HexCoordinate(q: -1, r: -6), CatanEngine.HexCoordinate(q: -1, r: -5), CatanEngine.HexCoordinate(q: 0, r: -6)]), kind: CatanEngine.PortKind.generic))
✘ Test chartedPortNeedsAnOwnedBuildingAndPreservesActualBankRates(kind:) recorded an issue with 1 argument kind → .resource(CatanEngine.Resource.grain) at NavalPortVisibilityTests.swift:87:13: Expectation failed: (Trading.bestRate(for: resource, player: owner, state: observation.state) → 4) == (rate → 2)
✘ Test discoveringAnOverseasCoastChartsItsHarborWhileOtherHexesStayFogged() failed after 0.190 seconds with 1 issue.
✘ Test chartedPortNeedsAnOwnedBuildingAndPreservesActualBankRates(kind:) recorded an issue with 1 argument kind → .resource(CatanEngine.Resource.grain) at NavalPortVisibilityTests.swift:87:13: Expectation failed: (Trading.bestRate(for: resource, player: owner, state: observation.state) → 4) == (rate → 2)
✘ Test chartedPortNeedsAnOwnedBuildingAndPreservesActualBankRates(kind:) with 3 test cases failed after 0.191 seconds with 14 issues.
✘ Test openingChartsHomeHarborsWithoutDiscoveringTheirSea(family:) recorded an issue with 1 argument family → .twinIslands at NavalPortVisibilityTests.swift:12:9: Expectation failed: (publicBoard.ports → []) == (home → [CatanEngine.Port(vertexA: CatanEngine.VertexID(touchingTiles: [CatanEngine.HexCoordinate(q: -1, r: -2), CatanEngine.HexCoordinate(q: -1, r: -1), CatanEngine.HexCoordinate(q: 0, r: -2)]), vertexB: CatanEngine.VertexID(touchingTiles: [CatanEngine.HexCoordinate(q: -1, r: -2), CatanEngine.HexCoordinate(q: 0, r: -3), CatanEngine.HexCoordinate(q: 0, r: -2)]), kind: CatanEngine.PortKind.generic), CatanEngine.Port(vertexA: CatanEngine.VertexID(touchingTiles: [CatanEngine.HexCoordinate(q: 2, r: -1), CatanEngine.HexCoordinate(q: 2, r: 0), CatanEngine.HexCoordinate(q: 3, r: -1)]), vertexB: CatanEngine.VertexID(touchingTiles: [CatanEngine.HexCoordinate(q: 2, r: -1), CatanEngine.HexCoordinate(q: 3, r: -2), CatanEngine.HexCoordinate(q: 3, r: -1)]), kind: CatanEngine.PortKind.generic), CatanEngine.Port(vertexA: CatanEngine.VertexID(touchingTiles: [CatanEngine.HexCoordinate(q: -3, r: 2), CatanEngine.HexCoordinate(q: -3, r: 3), CatanEngine.HexCoordinate(q: -2, r: 2)]), vertexB: CatanEngine.VertexID(touchingTiles: [CatanEngine.HexCoordinate(q: -3, r: 3), CatanEngine.HexCoordinate(q: -2, r: 2), CatanEngine.HexCoordinate(q: -2, r: 3)]), kind: CatanEngine.PortKind.resource(CatanEngine.Resource.grain)), CatanEngine.Port(vertexA: CatanEngine.VertexID(touchingTiles: [CatanEngine.HexCoordinate(q: -3, r: 0), CatanEngine.HexCoordinate(q: -3, r: 1), CatanEngine.HexCoordinate(q: -2, r: 0)]), vertexB: CatanEngine.VertexID(touchingTiles: [CatanEngine.HexCoordinate(q: -3, r: 0), CatanEngine.HexCoordinate(q: -2, r: -1), CatanEngine.HexCoordinate(q: -2, r: 0)]), kind: CatanEngine.PortKind.resource(CatanEngine.Resource.wool))])
± removed [CatanEngine.Port(vertexA: CatanEngine.VertexID(touchingTiles: [CatanEngine.HexCoordinate(q: -1, r: -2), CatanEngine.HexCoordinate(q: -1, r: -1), CatanEngine.HexCoordinate(q: 0, r: -2)]), vertexB: CatanEngine.VertexID(touchingTiles: [CatanEngine.HexCoordinate(q: -1, r: -2), CatanEngine.HexCoordinate(q: 0, r: -3), CatanEngine.HexCoordinate(q: 0, r: -2)]), kind: CatanEngine.PortKind.generic), CatanEngine.Port(vertexA: CatanEngine.VertexID(touchingTiles: [CatanEngine.HexCoordinate(q: 2, r: -1), CatanEngine.HexCoordinate(q: 2, r: 0), CatanEngine.HexCoordinate(q: 3, r: -1)]), vertexB: CatanEngine.VertexID(touchingTiles: [CatanEngine.HexCoordinate(q: 2, r: -1), CatanEngine.HexCoordinate(q: 3, r: -2), CatanEngine.HexCoordinate(q: 3, r: -1)]), kind: CatanEngine.PortKind.generic), CatanEngine.Port(vertexA: CatanEngine.VertexID(touchingTiles: [CatanEngine.HexCoordinate(q: -3, r: 2), CatanEngine.HexCoordinate(q: -3, r: 3), CatanEngine.HexCoordinate(q: -2, r: 2)]), vertexB: CatanEngine.VertexID(touchingTiles: [CatanEngine.HexCoordinate(q: -3, r: 3), CatanEngine.HexCoordinate(q: -2, r: 2), CatanEngine.HexCoordinate(q: -2, r: 3)]), kind: CatanEngine.PortKind.resource(CatanEngine.Resource.grain)), CatanEngine.Port(vertexA: CatanEngine.VertexID(touchingTiles: [CatanEngine.HexCoordinate(q: -3, r: 0), CatanEngine.HexCoordinate(q: -3, r: 1), CatanEngine.HexCoordinate(q: -2, r: 0)]), vertexB: CatanEngine.VertexID(touchingTiles: [CatanEngine.HexCoordinate(q: -3, r: 0), CatanEngine.HexCoordinate(q: -2, r: -1), CatanEngine.HexCoordinate(q: -2, r: 0)]), kind: CatanEngine.PortKind.resource(CatanEngine.Resource.wool))]
✘ Test openingChartsHomeHarborsWithoutDiscoveringTheirSea(family:) with 3 test cases failed after 0.209 seconds with 3 issues.
✘ Suite NavalPortVisibilityTests failed after 0.209 seconds with 18 issues.
✘ Test legacyProjectionDoesNotPermitOtherQueuedReplyCorruption(field:) recorded an issue with 1 argument field → "partialPorts" at NavalPortCheckpointTests.swift:43:9: Expectation failed: an error was expected but none was thrown
✘ Test legacyQueuedReplyResumesWithChartedHarborsWithoutResampling() recorded an issue at NavalPortCheckpointTests.swift:19:9: Expectation failed: (migrated.observation.state.board.ports.count → 0) == 4
✘ Test legacyQueuedReplyResumesWithChartedHarborsWithoutResampling() failed after 0.314 seconds with 1 issue.
✘ Test legacyProjectionDoesNotPermitOtherQueuedReplyCorruption(field:) recorded an issue with 1 argument field → "partialPorts" at NavalPortCheckpointTests.swift:44:9: Expectation failed: an error was expected but none was thrown
✘ Test legacyProjectionDoesNotPermitOtherQueuedReplyCorruption(field:) with 9 test cases failed after 0.316 seconds with 2 issues.
✘ Suite NavalPortCheckpointTests failed after 0.316 seconds with 3 issues.
✘ Test run with 6 tests in 2 suites failed after 0.316 seconds with 21 issues.
