2026-10-05 15:31:02.429 xcodebuild[62616:16325795] [MT] IDEDistribution: -[IDEDistributionLogging _createLoggingBundleAtPath:]: Created bundle at path "/var/folders/_m/cfbn0s7j7zx3sx1lwv6w4mr80000gn/T/Settlers_2026-10-05_15-31-02.428.xcdistributionlogs".
2026-10-05 15:31:14.043 xcodebuild[62616:16325795] Starting upload
2026-10-05 15:31:15.201 xcodebuild[62616:16325854] Progress 0%: Making copy of ‘Settlers.ipa’…
2026-10-05 15:31:15.201 xcodebuild[62616:16325854] Progress 0%: Making copy of ‘Settlers.ipa’…
2026-10-05 15:31:15.203 xcodebuild[62616:16325854] Progress 0%: Preparing to upload ‘Settlers.ipa’…
2026-10-05 15:31:19.965 xcodebuild[62616:16325847] Progress 0%: Analyzing package…
2026-10-05 15:31:20.998 xcodebuild[62616:16325854] Progress 0%: Sending analysis to App Store Connect…
2026-10-05 15:31:22.034 xcodebuild[62616:16325854] Progress 0%: Waiting for App Store Connect analysis response…
2026-10-05 15:31:23.502 xcodebuild[62616:16325854] Progress 0%: Waiting for App Store Connect analysis response…
2026-10-05 15:31:44.973 xcodebuild[62616:16325854] Progress 0%: Sending SPI analysis to App Store Connect…
2026-10-05 15:31:45.997 xcodebuild[62616:16325854] Progress 0%: Waiting for App Store Connect SPI analysis response…
2026-10-05 15:31:47.592 xcodebuild[62616:16325854] Progress 0%: Waiting for App Store Connect SPI analysis response…
2026-10-05 15:32:08.438 xcodebuild[62616:16325820] Progress 0%: Requesting upload instructions from App Store Connect…
2026-10-05 15:32:11.095 xcodebuild[62616:16325820] Progress 0%: Preparing file for upload to App Store Connect…
2026-10-05 15:32:11.101 xcodebuild[62616:16325820] Progress 0%: Preparing file for upload to App Store Connect…
2026-10-05 15:32:11.101 xcodebuild[62616:16325820] Progress 0%: Uploading to App Store Connect…
2026-10-05 15:32:11.162 xcodebuild[62616:16325820] Progress 21%: Uploading to App Store Connect…
2026-10-05 15:32:11.162 xcodebuild[62616:16325820] Progress 21%: Uploading to App Store Connect…
2026-10-05 15:32:11.890 xcodebuild[62616:16325820] Progress 30%: Uploading to App Store Connect…
2026-10-05 15:32:11.890 xcodebuild[62616:16325820] Progress 30%: Uploading to App Store Connect…
2026-10-05 15:32:12.442 xcodebuild[62616:16325820] Progress 92%: Uploading to App Store Connect…
2026-10-05 15:32:12.443 xcodebuild[62616:16325820] Progress 92%: Uploading to App Store Connect…
2026-10-05 15:32:14.379 xcodebuild[62616:16325820] Progress 92%: Completing upload…
2026-10-05 15:32:15.568 xcodebuild[62616:16325820] Progress 92%: Waiting for package to begin processing…
2026-10-05 15:32:15.691 xcodebuild[62616:16325820] Progress 92%: Uploaded package is processing.
2026-10-05 15:32:15.693 xcodebuild[62616:16325820] Progress 92%: Upload succeeded.
Uploaded Settlers
** EXPORT SUCCEEDED **

