2026-10-07 04:11:45.703 xcodebuild[56301:2694323] [MT] IDEDistribution: -[IDEDistributionLogging _createLoggingBundleAtPath:]: Created bundle at path "/var/folders/_m/cfbn0s7j7zx3sx1lwv6w4mr80000gn/T/Settlers_2026-10-07_04-11-45.703.xcdistributionlogs".
2026-10-07 04:11:56.426 xcodebuild[56301:2694323] Starting upload
2026-10-07 04:12:00.629 xcodebuild[56301:2694372] Progress 0%: Making copy of ‘Settlers.ipa’…
2026-10-07 04:12:00.629 xcodebuild[56301:2694372] Progress 0%: Making copy of ‘Settlers.ipa’…
2026-10-07 04:12:00.630 xcodebuild[56301:2694324] Progress 0%: Preparing to upload ‘Settlers.ipa’…
2026-10-07 04:12:05.303 xcodebuild[56301:2694375] Progress 0%: Analyzing package…
2026-10-07 04:12:06.611 xcodebuild[56301:2694375] Progress 0%: Sending analysis to App Store Connect…
2026-10-07 04:12:07.894 xcodebuild[56301:2694375] Progress 0%: Waiting for App Store Connect analysis response…
2026-10-07 04:12:09.993 xcodebuild[56301:2694375] Progress 0%: Waiting for App Store Connect analysis response…
2026-10-07 04:12:43.108 xcodebuild[56301:2694375] Progress 0%: Sending SPI analysis to App Store Connect…
2026-10-07 04:12:48.369 xcodebuild[56301:2694375] Progress 0%: Waiting for App Store Connect SPI analysis response…
2026-10-07 04:12:50.355 xcodebuild[56301:2694375] Progress 0%: Waiting for App Store Connect SPI analysis response…
2026-10-07 04:13:17.445 xcodebuild[56301:2694375] Progress 0%: Requesting upload instructions from App Store Connect…
2026-10-07 04:13:18.653 xcodebuild[56301:2694375] Progress 0%: Preparing file for upload to App Store Connect…
2026-10-07 04:13:18.657 xcodebuild[56301:2694375] Progress 0%: Preparing file for upload to App Store Connect…
2026-10-07 04:13:18.658 xcodebuild[56301:2694375] Progress 0%: Uploading to App Store Connect…
2026-10-07 04:13:19.613 xcodebuild[56301:2694375] Progress 6%: Uploading to App Store Connect…
2026-10-07 04:13:19.613 xcodebuild[56301:2694375] Progress 6%: Uploading to App Store Connect…
2026-10-07 04:13:22.881 xcodebuild[56301:2694375] Progress 40%: Uploading to App Store Connect…
2026-10-07 04:13:22.882 xcodebuild[56301:2694375] Progress 40%: Uploading to App Store Connect…
2026-10-07 04:13:23.382 xcodebuild[56301:2694375] Progress 56%: Uploading to App Store Connect…
2026-10-07 04:13:23.382 xcodebuild[56301:2694375] Progress 56%: Uploading to App Store Connect…
2026-10-07 04:13:23.920 xcodebuild[56301:2694375] Progress 75%: Uploading to App Store Connect…
2026-10-07 04:13:23.920 xcodebuild[56301:2694375] Progress 75%: Uploading to App Store Connect…
2026-10-07 04:13:24.678 xcodebuild[56301:2694375] Progress 81%: Uploading to App Store Connect…
2026-10-07 04:13:24.678 xcodebuild[56301:2694375] Progress 81%: Uploading to App Store Connect…
2026-10-07 04:13:25.479 xcodebuild[56301:2694375] Progress 84%: Uploading to App Store Connect…
2026-10-07 04:13:25.481 xcodebuild[56301:2694375] Progress 84%: Uploading to App Store Connect… (About one second remaining. 5.05MB/s)
2026-10-07 04:13:29.939 xcodebuild[56301:2694375] Progress 100%: Uploading to App Store Connect… (About one second remaining. 5.05MB/s)
2026-10-07 04:13:29.939 xcodebuild[56301:2694375] Progress 100%: Uploading to App Store Connect… (About one second remaining. 3.13MB/s)
2026-10-07 04:13:32.824 xcodebuild[56301:2694375] Progress 100%: Completing upload…
2026-10-07 04:13:34.343 xcodebuild[56301:2694375] Progress 100%: Waiting for package to begin processing…
2026-10-07 04:13:34.583 xcodebuild[56301:2694375] Progress 100%: Uploaded package is processing.
2026-10-07 04:13:34.588 xcodebuild[56301:2694375] Progress 100%: Upload succeeded.
Uploaded Settlers
** EXPORT SUCCEEDED **

