[0/1] Planning build
Building for debugging...
[0/4] Write sources
[1/4] Write swift-version--58304C5D6DBC2206.txt
[3/29] Compiling CatanEngine Board.swift
[4/29] Compiling CatanEngine BoardGeneration.swift
[5/29] Compiling CatanEngine BoardShape.swift
[6/29] Compiling CatanEngine Building.swift
[7/29] Compiling CatanEngine CatanEngine.swift
[8/29] Compiling CatanEngine Conquest.swift
[9/29] Compiling CatanEngine DevCards.swift
[10/29] Compiling CatanEngine DiceOdds.swift
[11/29] Compiling CatanEngine GameSession.swift
[12/29] Compiling CatanEngine LongestRoad.swift
[13/29] Compiling CatanEngine MainPhase.swift
[14/29] Compiling CatanEngine DevCardPlayStatus.swift
[15/29] Compiling CatanEngine DevCardType.swift
[16/29] Compiling CatanEngine EdgeID.swift
[17/29] Compiling CatanEngine GameEvent.swift
[18/29] Compiling CatanEngine GameMode.swift
[19/29] Compiling CatanEngine GamePhase.swift
[20/29] Compiling CatanEngine GameState.swift
[21/29] Compiling CatanEngine GameVariant.swift
[22/29] Compiling CatanEngine HexCoordinate.swift
[23/29] Compiling CatanEngine Move.swift
[24/29] Compiling CatanEngine Player.swift
[25/29] Compiling CatanEngine PlayerID.swift
[26/29] Compiling CatanEngine Port.swift
[27/29] Emitting module CatanEngine
[28/52] Compiling CatanEngine RandomSource.swift
[29/52] Compiling CatanEngine Resource.swift
[30/52] Compiling CatanEngine Tile.swift
[31/52] Compiling CatanEngine VertexID.swift
[32/52] Compiling CatanEngine Naval.swift
[33/52] Compiling CatanEngine NavalFallback.swift
[34/52] Compiling CatanEngine NavalMapGenerator.swift
[35/52] Compiling CatanEngine NavalMapValidation.swift
[36/52] Compiling CatanEngine NavalModels.swift
[37/52] Compiling CatanEngine NavalMoves.swift
[38/52] Compiling CatanEngine NavalPorts.swift
[39/52] Compiling CatanEngine NavalProduction.swift
[40/52] Compiling CatanEngine NavalSightGeometry.swift
[41/52] Compiling CatanEngine NavalStateValidation.swift
[42/52] Compiling CatanEngine NavalTerrain.swift
[43/52] Compiling CatanEngine NavalVisibility.swift
[44/52] Compiling CatanEngine PublicLedger.swift
[45/52] Compiling CatanEngine Robber.swift
[46/52] Compiling CatanEngine RulesEngine.swift
[47/52] Compiling CatanEngine Ruleset.swift
[48/52] Compiling CatanEngine SetupPhase.swift
[49/52] Compiling CatanEngine Trading.swift
[50/52] Compiling CatanEngine WinCondition.swift
[51/72] Emitting module CatanEngineTests
[52/72] Compiling CatanEngineTests BankTradeResourceRuleTests.swift
[53/72] Compiling CatanEngineTests BankTradeValidationTests.swift
[54/72] Compiling CatanEngineTests BoardGenerationTests.swift
[55/72] Compiling CatanEngineTests BuildingTests.swift
[56/72] Compiling CatanEngineTests CatanEngineTests.swift
[57/72] Compiling CatanEngineTests ComposedProposalTests.swift
[58/72] Compiling CatanEngineTests ConquestMoveTests.swift
[59/72] Compiling CatanEngineTests ConquestProductionTests.swift
[60/72] Compiling CatanEngineTests ConquestSetupTests.swift
[61/72] Compiling CatanEngineTests DeterminismTests.swift
[62/72] Compiling CatanEngineTests DevCardConservationTests.swift
[63/72] Compiling CatanEngineTests DevCardTests.swift
[64/72] Compiling CatanEngineTests DiceFairnessTests.swift
[65/72] Compiling CatanEngineTests DiceOddsTests.swift
[66/72] Compiling CatanEngineTests EngineFairnessTests.swift
[67/72] Compiling CatanEngineTests ExternalActionCheckpointTests.swift
[68/72] Compiling CatanEngineTests FullGameSimulationTests.swift
[69/72] Compiling CatanEngineTests GameEventTests.swift
[70/72] Compiling CatanEngineTests GamePhaseTests.swift
[71/109] Compiling CatanEngineTests PublicLedgerCheckpointTests.swift
[72/109] Compiling CatanEngineTests PublicLedgerTests.swift
[73/109] Compiling CatanEngineTests ResourceCountAgnosticTests.swift
[74/109] Compiling CatanEngineTests ResourceProductionTests.swift
[75/109] Compiling CatanEngineTests RobberTests.swift
[76/109] Compiling CatanEngineTests RulesVersionReplayTests.swift
[77/109] Compiling CatanEngineTests RulesetRoutingTests.swift
[78/109] Compiling CatanEngineTests RulesetTests.swift
[79/109] Compiling CatanEngineTests SaveCompatibilityTests.swift
[80/109] Compiling CatanEngineTests SessionCheckpointTests.swift
[81/109] Compiling CatanEngineTests SessionCheckpointValidationTests.swift
[82/109] Compiling CatanEngineTests SetupPhaseTests.swift
[83/109] Compiling CatanEngineTests TerminalTradeBookkeepingTests.swift
[84/109] Compiling CatanEngineTests TradeDraftConstraintTests.swift
[85/109] Compiling CatanEngineTests TradeOfferIDTests.swift
[86/109] Compiling CatanEngineTests TradingTests.swift
[87/109] Compiling CatanEngineTests VastBoardTests.swift
[88/109] Compiling CatanEngineTests WinConditionTests.swift
[89/109] Compiling CatanEngineTests GameSessionTests.swift
[90/109] Compiling CatanEngineTests GameSetupTests.swift
[91/109] Compiling CatanEngineTests LongestRoadEquivalenceTests.swift
[92/109] Compiling CatanEngineTests LongestRoadTests.swift
[93/109] Compiling CatanEngineTests MatchConfigurationTests.swift
[94/109] Compiling CatanEngineTests NavalCornerVisibilityTests.swift
[95/109] Compiling CatanEngineTests NavalDeterminismTests.swift
[96/109] Compiling CatanEngineTests NavalGameplayTests.swift
[97/109] Compiling CatanEngineTests NavalMapTests.swift
[98/109] Compiling CatanEngineTests NavalObservationTests.swift
[99/109] Compiling CatanEngineTests NavalOpeningTests.swift
[100/109] Compiling CatanEngineTests NavalProductionTests.swift
[101/109] Compiling CatanEngineTests NavalProductionValidationTests.swift
[102/109] Compiling CatanEngineTests NavalSaveTests.swift
[103/109] Compiling CatanEngineTests NavalSettlementScopeTests.swift
[104/109] Compiling CatanEngineTests NavalTestSupport.swift
[105/109] Compiling CatanEngineTests NavalTradeCheckpointTests.swift
[106/109] Compiling CatanEngineTests NavalVisibilityVersionTests.swift
[107/109] Compiling CatanEngineTests PieceSupplyTests.swift
[108/111] Compiling CatanEnginePackageTests runner.swift
[109/111] Emitting module CatanEnginePackageTests
[109/111] Write Objects.LinkFileList
[110/111] Linking CatanEnginePackageTests
Build complete! (36.09s)
Test Suite 'Selected tests' started at 2026-10-05 20:57:26.839.
Test Suite 'CatanEnginePackageTests.xctest' started at 2026-10-05 20:57:26.840.
Test Suite 'CatanEnginePackageTests.xctest' passed at 2026-10-05 20:57:26.840.
	 Executed 0 tests, with 0 failures (0 unexpected) in 0.000 (0.000) seconds
Test Suite 'Selected tests' passed at 2026-10-05 20:57:26.840.
	 Executed 0 tests, with 0 failures (0 unexpected) in 0.000 (0.001) seconds
◇ Test run started.
↳ Testing Library Version: 1902
↳ Target Platform: arm64e-apple-macos14.0
◇ Suite NavalSettlementScopeTests started.
◇ Test resumedSetupOffersInlandSitesWithoutChangingSavedVision(version:) started.
◇ Test foundingNeedsAnOwnedShipAtThatExactCoastalCorner() started.
◇ Test inlandPaidSettlementRequiresOwnRoadAndShipDoesNotSubstitute() started.
◇ Test setupStillCannotSkipToAnOverseasIslandOrIgnoreDistance() started.
◇ Test case passing 1 argument version → 1 to resumedSetupOffersInlandSitesWithoutChangingSavedVision(version:) started.
◇ Test case passing 1 argument version → 2 to resumedSetupOffersInlandSitesWithoutChangingSavedVision(version:) started.
◇ Test inlandOpeningIsLegalWithEitherFogSetting(family:fog:) started.
◇ Test case passing 2 arguments family → .peninsula, fog → true to inlandOpeningIsLegalWithEitherFogSetting(family:fog:) started.
◇ Test case passing 2 arguments family → .archipelago, fog → true to inlandOpeningIsLegalWithEitherFogSetting(family:fog:) started.
◇ Test case passing 2 arguments family → .twinIslands, fog → false to inlandOpeningIsLegalWithEitherFogSetting(family:fog:) started.
◇ Test case passing 2 arguments family → .archipelago, fog → false to inlandOpeningIsLegalWithEitherFogSetting(family:fog:) started.
◇ Test case passing 2 arguments family → .twinIslands, fog → true to inlandOpeningIsLegalWithEitherFogSetting(family:fog:) started.
◇ Test case passing 2 arguments family → .peninsula, fog → false to inlandOpeningIsLegalWithEitherFogSetting(family:fog:) started.
✘ Test inlandOpeningIsLegalWithEitherFogSetting(family:fog:) recorded an issue with 2 arguments family → .twinIslands, fog → false at NavalSettlementScopeTests.swift:17:13: Expectation failed: (RulesEngine.legalMoves(for: state) → [CatanEngine.GameMove.placeInitialSettlement(CatanEngine.VertexID(touchingTiles: [CatanEngine.HexCoordinate(q: -3, r: 0), CatanEngine.HexCoordinate(q: -3, r: 1), CatanEngine.HexCoordinate(q: -2, r: 0)])), CatanEngine.GameMove.placeInitialSettlement(CatanEngine.VertexID(touchingTiles: [CatanEngine.HexCoordinate(q: -3, r: 0), CatanEngine.HexCoordinate(q: -2, r: -1), CatanEngine.HexCoordinate(q: -2, r: 0)])), CatanEngine.GameMove.placeInitialSettlement(CatanEngine.VertexID(touchingTiles: [CatanEngine.HexCoordinate(q: -3, r: 1), CatanEngine.HexCoordinate(q: -3, r: 2), CatanEngine.HexCoordinate(q: -2, r: 1)])), CatanEngine.GameMove.placeInitialSettlement(CatanEngine.VertexID(touchingTiles: [CatanEngine.HexCoordinate(q: -3, r: 1), CatanEngine.HexCoordinate(q: -2, r: 0), CatanEngine.HexCoordinate(q: -2, r: 1)])), CatanEngine.GameMove.placeInitialSettlement(CatanEngine.VertexID(touchingTiles: [CatanEngine.HexCoordinate(q: -3, r: 2), CatanEngine.HexCoordinate(q: -3, r: 3), CatanEngine.HexCoordinate(q: -2, r: 2)])), CatanEngine.GameMove.placeInitialSettlement(CatanEngine.VertexID(touchingTiles: [CatanEngine.HexCoordinate(q: -3, r: 2), CatanEngine.HexCoordinate(q: -2, r: 1), CatanEngine.HexCoordinate(q: -2, r: 2)])), CatanEngine.GameMove.placeInitialSettlement(CatanEngine.VertexID(touchingTiles: [CatanEngine.HexCoordinate(q: -3, r: 3), CatanEngine.HexCoordinate(q: -2, r: 2), CatanEngine.HexCoordinate(q: -2, r: 3)])), CatanEngine.GameMove.placeInitialSettlement(CatanEngine.VertexID(touchingTiles: [CatanEngine.HexCoordinate(q: -2, r: -1), CatanEngine.HexCoordinate(q: -2, r: 0), CatanEngine.HexCoordinate(q: -1, r: -1)])), CatanEngine.GameMove.placeInitialSettlement(CatanEngine.VertexID(touchingTiles: [CatanEngine.HexCoordinate(q: -2, r: -1), CatanEngine.HexCoordinate(q: -1, r: -2), CatanEngine.HexCoordinate(q: -1, r: -1)])), CatanEngine.GameMove.placeInitialSettlement(CatanEngine.VertexID(touchingTiles: [CatanEngine.HexCoordinate(q: -2, r: 2), CatanEngine.HexCoordinate(q: -2, r: 3), CatanEngine.HexCoordinate(q: -1, r: 2)])), CatanEngine.GameMove.placeInitialSettlement(CatanEngine.VertexID(touchingTiles: [CatanEngine.HexCoordinate(q: -2, r: 3), CatanEngine.HexCoordinate(q: -1, r: 2), CatanEngine.HexCoordinate(q: -1, r: 3)])), CatanEngine.GameMove.placeInitialSettlement(CatanEngine.VertexID(touchingTiles: [CatanEngine.HexCoordinate(q: -1, r: -2), CatanEngine.HexCoordinate(q: -1, r: -1), CatanEngine.HexCoordinate(q: 0, r: -2)])), CatanEngine.GameMove.placeInitialSettlement(CatanEngine.VertexID(touchingTiles: [CatanEngine.HexCoordinate(q: -1, r: -2), CatanEngine.HexCoordinate(q: 0, r: -3), CatanEngine.HexCoordinate(q: 0, r: -2)])), CatanEngine.GameMove.placeInitialSettlement(CatanEngine.VertexID(touchingTiles: [CatanEngine.HexCoordinate(q: -1, r: 2), CatanEngine.HexCoordinate(q: -1, r: 3), CatanEngine.HexCoordinate(q: 0, r: 2)])), CatanEngine.GameMove.placeInitialSettlement(CatanEngine.VertexID(touchingTiles: [CatanEngine.HexCoordinate(q: -1, r: 3), CatanEngine.HexCoordinate(q: 0, r: 2), CatanEngine.HexCoordinate(q: 0, r: 3)])), CatanEngine.GameMove.placeInitialSettlement(CatanEngine.VertexID(touchingTiles: [CatanEngine.HexCoordinate(q: 0, r: -3), CatanEngine.HexCoordinate(q: 0, r: -2), CatanEngine.HexCoordinate(q: 1, r: -3)])), CatanEngine.GameMove.placeInitialSettlement(CatanEngine.VertexID(touchingTiles: [CatanEngine.HexCoordinate(q: 0, r: -2), CatanEngine.HexCoordinate(q: 1, r: -3), CatanEngine.HexCoordinate(q: 1, r: -2)])), CatanEngine.GameMove.placeInitialSettlement(CatanEngine.VertexID(touchingTiles: [CatanEngine.HexCoordinate(q: 0, r: 2), CatanEngine.HexCoordinate(q: 0, r: 3), CatanEngine.HexCoordinate(q: 1, r: 2)])), CatanEngine.GameMove.placeInitialSettlement(CatanEngine.VertexID(touchingTiles: [CatanEngine.HexCoordinate(q: 0, r: 2), CatanEngine.HexCoordinate(q: 1, r: 1), CatanEngine.HexCoordinate(q: 1, r: 2)])), CatanEngine.GameMove.placeInitialSettlement(CatanEngine.VertexID(touchingTiles: [CatanEngine.HexCoordinate(q: 1, r: -3), CatanEngine.HexCoordinate(q: 1, r: -2), CatanEngine.HexCoordinate(q: 2, r: -3)])), CatanEngine.GameMove.placeInitialSettlement(CatanEngine.VertexID(touchingTiles: [CatanEngine.HexCoordinate(q: 1, r: -2), CatanEngine.HexCoordinate(q: 2, r: -3), CatanEngine.HexCoordinate(q: 2, r: -2)])), CatanEngine.GameMove.placeInitialSettlement(CatanEngine.VertexID(touchingTiles: [CatanEngine.HexCoordinate(q: 1, r: 1), CatanEngine.HexCoordinate(q: 1, r: 2), CatanEngine.HexCoordinate(q: 2, r: 1)])), CatanEngine.GameMove.placeInitialSettlement(CatanEngine.VertexID(touchingTiles: [CatanEngine.HexCoordinate(q: 1, r: 1), CatanEngine.HexCoordinate(q: 2, r: 0), CatanEngine.HexCoordinate(q: 2, r: 1)])), CatanEngine.GameMove.placeInitialSettlement(CatanEngine.VertexID(touchingTiles: [CatanEngine.HexCoordinate(q: 2, r: -3), CatanEngine.HexCoordinate(q: 2, r: -2), CatanEngine.HexCoordinate(q: 3, r: -3)])), CatanEngine.GameMove.placeInitialSettlement(CatanEngine.VertexID(touchingTiles: [CatanEngine.HexCoordinate(q: 2, r: -2), CatanEngine.HexCoordinate(q: 2, r: -1), CatanEngine.HexCoordinate(q: 3, r: -2)])), CatanEngine.GameMove.placeInitialSettlement(CatanEngine.VertexID(touchingTiles: [CatanEngine.HexCoordinate(q: 2, r: -2), CatanEngine.HexCoordinate(q: 3, r: -3), CatanEngine.HexCoordinate(q: 3, r: -2)])), CatanEngine.GameMove.placeInitialSettlement(CatanEngine.VertexID(touchingTiles: [CatanEngine.HexCoordinate(q: 2, r: -1), CatanEngine.HexCoordinate(q: 2, r: 0), CatanEngine.HexCoordinate(q: 3, r: -1)])), CatanEngine.GameMove.placeInitialSettlement(CatanEngine.VertexID(touchingTiles: [CatanEngine.HexCoordinate(q: 2, r: -1), CatanEngine.HexCoordinate(q: 3, r: -2), CatanEngine.HexCoordinate(q: 3, r: -1)])), CatanEngine.GameMove.placeInitialSettlement(CatanEngine.VertexID(touchingTiles: [CatanEngine.HexCoordinate(q: 2, r: 0), CatanEngine.HexCoordinate(q: 2, r: 1), CatanEngine.HexCoordinate(q: 3, r: 0)])), CatanEngine.GameMove.placeInitialSettlement(CatanEngine.VertexID(touchingTiles: [CatanEngine.HexCoordinate(q: 2, r: 0), CatanEngine.HexCoordinate(q: 3, r: -1), CatanEngine.HexCoordinate(q: 3, r: 0)]))]).contains(.placeInitialSettlement(inland) → .placeInitialSettlement(CatanEngine.VertexID(touchingTiles: [CatanEngine.HexCoordinate(q: -2, r: 0), CatanEngine.HexCoordinate(q: -2, r: 1), CatanEngine.HexCoordinate(q: -1, r: 0)])))
✘ Test inlandOpeningIsLegalWithEitherFogSetting(family:fog:) recorded an issue with 2 arguments family → .archipelago, fog → true at NavalSettlementScopeTests.swift:17:13: Expectation failed: (RulesEngine.legalMoves(for: state) → [CatanEngine.GameMove.placeInitialSettlement(CatanEngine.VertexID(touchingTiles: [CatanEngine.HexCoordinate(q: -3, r: 0), CatanEngine.HexCoordinate(q: -3, r: 1), CatanEngine.HexCoordinate(q: -2, r: 0)])), CatanEngine.GameMove.placeInitialSettlement(CatanEngine.VertexID(touchingTiles: [CatanEngine.HexCoordinate(q: -3, r: 0), CatanEngine.HexCoordinate(q: -2, r: -1), CatanEngine.HexCoordinate(q: -2, r: 0)])), CatanEngine.GameMove.placeInitialSettlement(CatanEngine.VertexID(touchingTiles: [CatanEngine.HexCoordinate(q: -3, r: 1), CatanEngine.HexCoordinate(q: -3, r: 2), CatanEngine.HexCoordinate(q: -2, r: 1)])), CatanEngine.GameMove.placeInitialSettlement(CatanEngine.VertexID(touchingTiles: [CatanEngine.HexCoordinate(q: -3, r: 1), CatanEngine.HexCoordinate(q: -2, r: 0), CatanEngine.HexCoordinate(q: -2, r: 1)])), CatanEngine.GameMove.placeInitialSettlement(CatanEngine.VertexID(touchingTiles: [CatanEngine.HexCoordinate(q: -3, r: 2), CatanEngine.HexCoordinate(q: -3, r: 3), CatanEngine.HexCoordinate(q: -2, r: 2)])), CatanEngine.GameMove.placeInitialSettlement(CatanEngine.VertexID(touchingTiles: [CatanEngine.HexCoordinate(q: -3, r: 2), CatanEngine.HexCoordinate(q: -2, r: 1), CatanEngine.HexCoordinate(q: -2, r: 2)])), CatanEngine.GameMove.placeInitialSettlement(CatanEngine.VertexID(touchingTiles: [CatanEngine.HexCoordinate(q: -3, r: 3), CatanEngine.HexCoordinate(q: -2, r: 2), CatanEngine.HexCoordinate(q: -2, r: 3)])), CatanEngine.GameMove.placeInitialSettlement(CatanEngine.VertexID(touchingTiles: [CatanEngine.HexCoordinate(q: -2, r: -1), CatanEngine.HexCoordinate(q: -2, r: 0), CatanEngine.HexCoordinate(q: -1, r: -1)])), CatanEngine.GameMove.placeInitialSettlement(CatanEngine.VertexID(touchingTiles: [CatanEngine.HexCoordinate(q: -2, r: -1), CatanEngine.HexCoordinate(q: -1, r: -2), CatanEngine.HexCoordinate(q: -1, r: -1)])), CatanEngine.GameMove.placeInitialSettlement(CatanEngine.VertexID(touchingTiles: [CatanEngine.HexCoordinate(q: -2, r: 2), CatanEngine.HexCoordinate(q: -2, r: 3), CatanEngine.HexCoordinate(q: -1, r: 2)])), CatanEngine.GameMove.placeInitialSettlement(CatanEngine.VertexID(touchingTiles: [CatanEngine.HexCoordinate(q: -2, r: 3), CatanEngine.HexCoordinate(q: -1, r: 2), CatanEngine.HexCoordinate(q: -1, r: 3)])), CatanEngine.GameMove.placeInitialSettlement(CatanEngine.VertexID(touchingTiles: [CatanEngine.HexCoordinate(q: -1, r: -2), CatanEngine.HexCoordinate(q: -1, r: -1), CatanEngine.HexCoordinate(q: 0, r: -2)])), CatanEngine.GameMove.placeInitialSettlement(CatanEngine.VertexID(touchingTiles: [CatanEngine.HexCoordinate(q: -1, r: -2), CatanEngine.HexCoordinate(q: 0, r: -3), CatanEngine.HexCoordinate(q: 0, r: -2)])), CatanEngine.GameMove.placeInitialSettlement(CatanEngine.VertexID(touchingTiles: [CatanEngine.HexCoordinate(q: -1, r: 2), CatanEngine.HexCoordinate(q: -1, r: 3), CatanEngine.HexCoordinate(q: 0, r: 2)])), CatanEngine.GameMove.placeInitialSettlement(CatanEngine.VertexID(touchingTiles: [CatanEngine.HexCoordinate(q: -1, r: 3), CatanEngine.HexCoordinate(q: 0, r: 2), CatanEngine.HexCoordinate(q: 0, r: 3)])), CatanEngine.GameMove.placeInitialSettlement(CatanEngine.VertexID(touchingTiles: [CatanEngine.HexCoordinate(q: 0, r: -3), CatanEngine.HexCoordinate(q: 0, r: -2), CatanEngine.HexCoordinate(q: 1, r: -3)])), CatanEngine.GameMove.placeInitialSettlement(CatanEngine.VertexID(touchingTiles: [CatanEngine.HexCoordinate(q: 0, r: -2), CatanEngine.HexCoordinate(q: 1, r: -3), CatanEngine.HexCoordinate(q: 1, r: -2)])), CatanEngine.GameMove.placeInitialSettlement(CatanEngine.VertexID(touchingTiles: [CatanEngine.HexCoordinate(q: 0, r: 2), CatanEngine.HexCoordinate(q: 0, r: 3), CatanEngine.HexCoordinate(q: 1, r: 2)])), CatanEngine.GameMove.placeInitialSettlement(CatanEngine.VertexID(touchingTiles: [CatanEngine.HexCoordinate(q: 0, r: 2), CatanEngine.HexCoordinate(q: 1, r: 1), CatanEngine.HexCoordinate(q: 1, r: 2)])), CatanEngine.GameMove.placeInitialSettlement(CatanEngine.VertexID(touchingTiles: [CatanEngine.HexCoordinate(q: 1, r: -3), CatanEngine.HexCoordinate(q: 1, r: -2), CatanEngine.HexCoordinate(q: 2, r: -3)])), CatanEngine.GameMove.placeInitialSettlement(CatanEngine.VertexID(touchingTiles: [CatanEngine.HexCoordinate(q: 1, r: -2), CatanEngine.HexCoordinate(q: 2, r: -3), CatanEngine.HexCoordinate(q: 2, r: -2)])), CatanEngine.GameMove.placeInitialSettlement(CatanEngine.VertexID(touchingTiles: [CatanEngine.HexCoordinate(q: 1, r: 1), CatanEngine.HexCoordinate(q: 1, r: 2), CatanEngine.HexCoordinate(q: 2, r: 1)])), CatanEngine.GameMove.placeInitialSettlement(CatanEngine.VertexID(touchingTiles: [CatanEngine.HexCoordinate(q: 1, r: 1), CatanEngine.HexCoordinate(q: 2, r: 0), CatanEngine.HexCoordinate(q: 2, r: 1)])), CatanEngine.GameMove.placeInitialSettlement(CatanEngine.VertexID(touchingTiles: [CatanEngine.HexCoordinate(q: 2, r: -3), CatanEngine.HexCoordinate(q: 2, r: -2), CatanEngine.HexCoordinate(q: 3, r: -3)])), CatanEngine.GameMove.placeInitialSettlement(CatanEngine.VertexID(touchingTiles: [CatanEngine.HexCoordinate(q: 2, r: -2), CatanEngine.HexCoordinate(q: 2, r: -1), CatanEngine.HexCoordinate(q: 3, r: -2)])), CatanEngine.GameMove.placeInitialSettlement(CatanEngine.VertexID(touchingTiles: [CatanEngine.HexCoordinate(q: 2, r: -2), CatanEngine.HexCoordinate(q: 3, r: -3), CatanEngine.HexCoordinate(q: 3, r: -2)])), CatanEngine.GameMove.placeInitialSettlement(CatanEngine.VertexID(touchingTiles: [CatanEngine.HexCoordinate(q: 2, r: -1), CatanEngine.HexCoordinate(q: 2, r: 0), CatanEngine.HexCoordinate(q: 3, r: -1)])), CatanEngine.GameMove.placeInitialSettlement(CatanEngine.VertexID(touchingTiles: [CatanEngine.HexCoordinate(q: 2, r: -1), CatanEngine.HexCoordinate(q: 3, r: -2), CatanEngine.HexCoordinate(q: 3, r: -1)])), CatanEngine.GameMove.placeInitialSettlement(CatanEngine.VertexID(touchingTiles: [CatanEngine.HexCoordinate(q: 2, r: 0), CatanEngine.HexCoordinate(q: 2, r: 1), CatanEngine.HexCoordinate(q: 3, r: 0)])), CatanEngine.GameMove.placeInitialSettlement(CatanEngine.VertexID(touchingTiles: [CatanEngine.HexCoordinate(q: 2, r: 0), CatanEngine.HexCoordinate(q: 3, r: -1), CatanEngine.HexCoordinate(q: 3, r: 0)]))]).contains(.placeInitialSettlement(inland) → .placeInitialSettlement(CatanEngine.VertexID(touchingTiles: [CatanEngine.HexCoordinate(q: -2, r: 0), CatanEngine.HexCoordinate(q: -2, r: 1), CatanEngine.HexCoordinate(q: -1, r: 0)])))
✘ Test inlandOpeningIsLegalWithEitherFogSetting(family:fog:) recorded an issue with 2 arguments family → .twinIslands, fog → true at NavalSettlementScopeTests.swift:17:13: Expectation failed: (RulesEngine.legalMoves(for: state) → [CatanEngine.GameMove.placeInitialSettlement(CatanEngine.VertexID(touchingTiles: [CatanEngine.HexCoordinate(q: -3, r: 0), CatanEngine.HexCoordinate(q: -3, r: 1), CatanEngine.HexCoordinate(q: -2, r: 0)])), CatanEngine.GameMove.placeInitialSettlement(CatanEngine.VertexID(touchingTiles: [CatanEngine.HexCoordinate(q: -3, r: 0), CatanEngine.HexCoordinate(q: -2, r: -1), CatanEngine.HexCoordinate(q: -2, r: 0)])), CatanEngine.GameMove.placeInitialSettlement(CatanEngine.VertexID(touchingTiles: [CatanEngine.HexCoordinate(q: -3, r: 1), CatanEngine.HexCoordinate(q: -3, r: 2), CatanEngine.HexCoordinate(q: -2, r: 1)])), CatanEngine.GameMove.placeInitialSettlement(CatanEngine.VertexID(touchingTiles: [CatanEngine.HexCoordinate(q: -3, r: 1), CatanEngine.HexCoordinate(q: -2, r: 0), CatanEngine.HexCoordinate(q: -2, r: 1)])), CatanEngine.GameMove.placeInitialSettlement(CatanEngine.VertexID(touchingTiles: [CatanEngine.HexCoordinate(q: -3, r: 2), CatanEngine.HexCoordinate(q: -3, r: 3), CatanEngine.HexCoordinate(q: -2, r: 2)])), CatanEngine.GameMove.placeInitialSettlement(CatanEngine.VertexID(touchingTiles: [CatanEngine.HexCoordinate(q: -3, r: 2), CatanEngine.HexCoordinate(q: -2, r: 1), CatanEngine.HexCoordinate(q: -2, r: 2)])), CatanEngine.GameMove.placeInitialSettlement(CatanEngine.VertexID(touchingTiles: [CatanEngine.HexCoordinate(q: -3, r: 3), CatanEngine.HexCoordinate(q: -2, r: 2), CatanEngine.HexCoordinate(q: -2, r: 3)])), CatanEngine.GameMove.placeInitialSettlement(CatanEngine.VertexID(touchingTiles: [CatanEngine.HexCoordinate(q: -2, r: -1), CatanEngine.HexCoordinate(q: -2, r: 0), CatanEngine.HexCoordinate(q: -1, r: -1)])), CatanEngine.GameMove.placeInitialSettlement(CatanEngine.VertexID(touchingTiles: [CatanEngine.HexCoordinate(q: -2, r: -1), CatanEngine.HexCoordinate(q: -1, r: -2), CatanEngine.HexCoordinate(q: -1, r: -1)])), CatanEngine.GameMove.placeInitialSettlement(CatanEngine.VertexID(touchingTiles: [CatanEngine.HexCoordinate(q: -2, r: 2), CatanEngine.HexCoordinate(q: -2, r: 3), CatanEngine.HexCoordinate(q: -1, r: 2)])), CatanEngine.GameMove.placeInitialSettlement(CatanEngine.VertexID(touchingTiles: [CatanEngine.HexCoordinate(q: -2, r: 3), CatanEngine.HexCoordinate(q: -1, r: 2), CatanEngine.HexCoordinate(q: -1, r: 3)])), CatanEngine.GameMove.placeInitialSettlement(CatanEngine.VertexID(touchingTiles: [CatanEngine.HexCoordinate(q: -1, r: -2), CatanEngine.HexCoordinate(q: -1, r: -1), CatanEngine.HexCoordinate(q: 0, r: -2)])), CatanEngine.GameMove.placeInitialSettlement(CatanEngine.VertexID(touchingTiles: [CatanEngine.HexCoordinate(q: -1, r: -2), CatanEngine.HexCoordinate(q: 0, r: -3), CatanEngine.HexCoordinate(q: 0, r: -2)])), CatanEngine.GameMove.placeInitialSettlement(CatanEngine.VertexID(touchingTiles: [CatanEngine.HexCoordinate(q: -1, r: 2), CatanEngine.HexCoordinate(q: -1, r: 3), CatanEngine.HexCoordinate(q: 0, r: 2)])), CatanEngine.GameMove.placeInitialSettlement(CatanEngine.VertexID(touchingTiles: [CatanEngine.HexCoordinate(q: -1, r: 3), CatanEngine.HexCoordinate(q: 0, r: 2), CatanEngine.HexCoordinate(q: 0, r: 3)])), CatanEngine.GameMove.placeInitialSettlement(CatanEngine.VertexID(touchingTiles: [CatanEngine.HexCoordinate(q: 0, r: -3), CatanEngine.HexCoordinate(q: 0, r: -2), CatanEngine.HexCoordinate(q: 1, r: -3)])), CatanEngine.GameMove.placeInitialSettlement(CatanEngine.VertexID(touchingTiles: [CatanEngine.HexCoordinate(q: 0, r: -2), CatanEngine.HexCoordinate(q: 1, r: -3), CatanEngine.HexCoordinate(q: 1, r: -2)])), CatanEngine.GameMove.placeInitialSettlement(CatanEngine.VertexID(touchingTiles: [CatanEngine.HexCoordinate(q: 0, r: 2), CatanEngine.HexCoordinate(q: 0, r: 3), CatanEngine.HexCoordinate(q: 1, r: 2)])), CatanEngine.GameMove.placeInitialSettlement(CatanEngine.VertexID(touchingTiles: [CatanEngine.HexCoordinate(q: 0, r: 2), CatanEngine.HexCoordinate(q: 1, r: 1), CatanEngine.HexCoordinate(q: 1, r: 2)])), CatanEngine.GameMove.placeInitialSettlement(CatanEngine.VertexID(touchingTiles: [CatanEngine.HexCoordinate(q: 1, r: -3), CatanEngine.HexCoordinate(q: 1, r: -2), CatanEngine.HexCoordinate(q: 2, r: -3)])), CatanEngine.GameMove.placeInitialSettlement(CatanEngine.VertexID(touchingTiles: [CatanEngine.HexCoordinate(q: 1, r: -2), CatanEngine.HexCoordinate(q: 2, r: -3), CatanEngine.HexCoordinate(q: 2, r: -2)])), CatanEngine.GameMove.placeInitialSettlement(CatanEngine.VertexID(touchingTiles: [CatanEngine.HexCoordinate(q: 1, r: 1), CatanEngine.HexCoordinate(q: 1, r: 2), CatanEngine.HexCoordinate(q: 2, r: 1)])), CatanEngine.GameMove.placeInitialSettlement(CatanEngine.VertexID(touchingTiles: [CatanEngine.HexCoordinate(q: 1, r: 1), CatanEngine.HexCoordinate(q: 2, r: 0), CatanEngine.HexCoordinate(q: 2, r: 1)])), CatanEngine.GameMove.placeInitialSettlement(CatanEngine.VertexID(touchingTiles: [CatanEngine.HexCoordinate(q: 2, r: -3), CatanEngine.HexCoordinate(q: 2, r: -2), CatanEngine.HexCoordinate(q: 3, r: -3)])), CatanEngine.GameMove.placeInitialSettlement(CatanEngine.VertexID(touchingTiles: [CatanEngine.HexCoordinate(q: 2, r: -2), CatanEngine.HexCoordinate(q: 2, r: -1), CatanEngine.HexCoordinate(q: 3, r: -2)])), CatanEngine.GameMove.placeInitialSettlement(CatanEngine.VertexID(touchingTiles: [CatanEngine.HexCoordinate(q: 2, r: -2), CatanEngine.HexCoordinate(q: 3, r: -3), CatanEngine.HexCoordinate(q: 3, r: -2)])), CatanEngine.GameMove.placeInitialSettlement(CatanEngine.VertexID(touchingTiles: [CatanEngine.HexCoordinate(q: 2, r: -1), CatanEngine.HexCoordinate(q: 2, r: 0), CatanEngine.HexCoordinate(q: 3, r: -1)])), CatanEngine.GameMove.placeInitialSettlement(CatanEngine.VertexID(touchingTiles: [CatanEngine.HexCoordinate(q: 2, r: -1), CatanEngine.HexCoordinate(q: 3, r: -2), CatanEngine.HexCoordinate(q: 3, r: -1)])), CatanEngine.GameMove.placeInitialSettlement(CatanEngine.VertexID(touchingTiles: [CatanEngine.HexCoordinate(q: 2, r: 0), CatanEngine.HexCoordinate(q: 2, r: 1), CatanEngine.HexCoordinate(q: 3, r: 0)])), CatanEngine.GameMove.placeInitialSettlement(CatanEngine.VertexID(touchingTiles: [CatanEngine.HexCoordinate(q: 2, r: 0), CatanEngine.HexCoordinate(q: 3, r: -1), CatanEngine.HexCoordinate(q: 3, r: 0)]))]).contains(.placeInitialSettlement(inland) → .placeInitialSettlement(CatanEngine.VertexID(touchingTiles: [CatanEngine.HexCoordinate(q: -2, r: 0), CatanEngine.HexCoordinate(q: -2, r: 1), CatanEngine.HexCoordinate(q: -1, r: 0)])))
✘ Test inlandOpeningIsLegalWithEitherFogSetting(family:fog:) recorded an issue with 2 arguments family → .archipelago, fog → false at NavalSettlementScopeTests.swift:17:13: Expectation failed: (RulesEngine.legalMoves(for: state) → [CatanEngine.GameMove.placeInitialSettlement(CatanEngine.VertexID(touchingTiles: [CatanEngine.HexCoordinate(q: -3, r: 0), CatanEngine.HexCoordinate(q: -3, r: 1), CatanEngine.HexCoordinate(q: -2, r: 0)])), CatanEngine.GameMove.placeInitialSettlement(CatanEngine.VertexID(touchingTiles: [CatanEngine.HexCoordinate(q: -3, r: 0), CatanEngine.HexCoordinate(q: -2, r: -1), CatanEngine.HexCoordinate(q: -2, r: 0)])), CatanEngine.GameMove.placeInitialSettlement(CatanEngine.VertexID(touchingTiles: [CatanEngine.HexCoordinate(q: -3, r: 1), CatanEngine.HexCoordinate(q: -3, r: 2), CatanEngine.HexCoordinate(q: -2, r: 1)])), CatanEngine.GameMove.placeInitialSettlement(CatanEngine.VertexID(touchingTiles: [CatanEngine.HexCoordinate(q: -3, r: 1), CatanEngine.HexCoordinate(q: -2, r: 0), CatanEngine.HexCoordinate(q: -2, r: 1)])), CatanEngine.GameMove.placeInitialSettlement(CatanEngine.VertexID(touchingTiles: [CatanEngine.HexCoordinate(q: -3, r: 2), CatanEngine.HexCoordinate(q: -3, r: 3), CatanEngine.HexCoordinate(q: -2, r: 2)])), CatanEngine.GameMove.placeInitialSettlement(CatanEngine.VertexID(touchingTiles: [CatanEngine.HexCoordinate(q: -3, r: 2), CatanEngine.HexCoordinate(q: -2, r: 1), CatanEngine.HexCoordinate(q: -2, r: 2)])), CatanEngine.GameMove.placeInitialSettlement(CatanEngine.VertexID(touchingTiles: [CatanEngine.HexCoordinate(q: -3, r: 3), CatanEngine.HexCoordinate(q: -2, r: 2), CatanEngine.HexCoordinate(q: -2, r: 3)])), CatanEngine.GameMove.placeInitialSettlement(CatanEngine.VertexID(touchingTiles: [CatanEngine.HexCoordinate(q: -2, r: -1), CatanEngine.HexCoordinate(q: -2, r: 0), CatanEngine.HexCoordinate(q: -1, r: -1)])), CatanEngine.GameMove.placeInitialSettlement(CatanEngine.VertexID(touchingTiles: [CatanEngine.HexCoordinate(q: -2, r: -1), CatanEngine.HexCoordinate(q: -1, r: -2), CatanEngine.HexCoordinate(q: -1, r: -1)])), CatanEngine.GameMove.placeInitialSettlement(CatanEngine.VertexID(touchingTiles: [CatanEngine.HexCoordinate(q: -2, r: 2), CatanEngine.HexCoordinate(q: -2, r: 3), CatanEngine.HexCoordinate(q: -1, r: 2)])), CatanEngine.GameMove.placeInitialSettlement(CatanEngine.VertexID(touchingTiles: [CatanEngine.HexCoordinate(q: -2, r: 3), CatanEngine.HexCoordinate(q: -1, r: 2), CatanEngine.HexCoordinate(q: -1, r: 3)])), CatanEngine.GameMove.placeInitialSettlement(CatanEngine.VertexID(touchingTiles: [CatanEngine.HexCoordinate(q: -1, r: -2), CatanEngine.HexCoordinate(q: -1, r: -1), CatanEngine.HexCoordinate(q: 0, r: -2)])), CatanEngine.GameMove.placeInitialSettlement(CatanEngine.VertexID(touchingTiles: [CatanEngine.HexCoordinate(q: -1, r: -2), CatanEngine.HexCoordinate(q: 0, r: -3), CatanEngine.HexCoordinate(q: 0, r: -2)])), CatanEngine.GameMove.placeInitialSettlement(CatanEngine.VertexID(touchingTiles: [CatanEngine.HexCoordinate(q: -1, r: 2), CatanEngine.HexCoordinate(q: -1, r: 3), CatanEngine.HexCoordinate(q: 0, r: 2)])), CatanEngine.GameMove.placeInitialSettlement(CatanEngine.VertexID(touchingTiles: [CatanEngine.HexCoordinate(q: -1, r: 3), CatanEngine.HexCoordinate(q: 0, r: 2), CatanEngine.HexCoordinate(q: 0, r: 3)])), CatanEngine.GameMove.placeInitialSettlement(CatanEngine.VertexID(touchingTiles: [CatanEngine.HexCoordinate(q: 0, r: -3), CatanEngine.HexCoordinate(q: 0, r: -2), CatanEngine.HexCoordinate(q: 1, r: -3)])), CatanEngine.GameMove.placeInitialSettlement(CatanEngine.VertexID(touchingTiles: [CatanEngine.HexCoordinate(q: 0, r: -2), CatanEngine.HexCoordinate(q: 1, r: -3), CatanEngine.HexCoordinate(q: 1, r: -2)])), CatanEngine.GameMove.placeInitialSettlement(CatanEngine.VertexID(touchingTiles: [CatanEngine.HexCoordinate(q: 0, r: 2), CatanEngine.HexCoordinate(q: 0, r: 3), CatanEngine.HexCoordinate(q: 1, r: 2)])), CatanEngine.GameMove.placeInitialSettlement(CatanEngine.VertexID(touchingTiles: [CatanEngine.HexCoordinate(q: 0, r: 2), CatanEngine.HexCoordinate(q: 1, r: 1), CatanEngine.HexCoordinate(q: 1, r: 2)])), CatanEngine.GameMove.placeInitialSettlement(CatanEngine.VertexID(touchingTiles: [CatanEngine.HexCoordinate(q: 1, r: -3), CatanEngine.HexCoordinate(q: 1, r: -2), CatanEngine.HexCoordinate(q: 2, r: -3)])), CatanEngine.GameMove.placeInitialSettlement(CatanEngine.VertexID(touchingTiles: [CatanEngine.HexCoordinate(q: 1, r: -2), CatanEngine.HexCoordinate(q: 2, r: -3), CatanEngine.HexCoordinate(q: 2, r: -2)])), CatanEngine.GameMove.placeInitialSettlement(CatanEngine.VertexID(touchingTiles: [CatanEngine.HexCoordinate(q: 1, r: 1), CatanEngine.HexCoordinate(q: 1, r: 2), CatanEngine.HexCoordinate(q: 2, r: 1)])), CatanEngine.GameMove.placeInitialSettlement(CatanEngine.VertexID(touchingTiles: [CatanEngine.HexCoordinate(q: 1, r: 1), CatanEngine.HexCoordinate(q: 2, r: 0), CatanEngine.HexCoordinate(q: 2, r: 1)])), CatanEngine.GameMove.placeInitialSettlement(CatanEngine.VertexID(touchingTiles: [CatanEngine.HexCoordinate(q: 2, r: -3), CatanEngine.HexCoordinate(q: 2, r: -2), CatanEngine.HexCoordinate(q: 3, r: -3)])), CatanEngine.GameMove.placeInitialSettlement(CatanEngine.VertexID(touchingTiles: [CatanEngine.HexCoordinate(q: 2, r: -2), CatanEngine.HexCoordinate(q: 2, r: -1), CatanEngine.HexCoordinate(q: 3, r: -2)])), CatanEngine.GameMove.placeInitialSettlement(CatanEngine.VertexID(touchingTiles: [CatanEngine.HexCoordinate(q: 2, r: -2), CatanEngine.HexCoordinate(q: 3, r: -3), CatanEngine.HexCoordinate(q: 3, r: -2)])), CatanEngine.GameMove.placeInitialSettlement(CatanEngine.VertexID(touchingTiles: [CatanEngine.HexCoordinate(q: 2, r: -1), CatanEngine.HexCoordinate(q: 2, r: 0), CatanEngine.HexCoordinate(q: 3, r: -1)])), CatanEngine.GameMove.placeInitialSettlement(CatanEngine.VertexID(touchingTiles: [CatanEngine.HexCoordinate(q: 2, r: -1), CatanEngine.HexCoordinate(q: 3, r: -2), CatanEngine.HexCoordinate(q: 3, r: -1)])), CatanEngine.GameMove.placeInitialSettlement(CatanEngine.VertexID(touchingTiles: [CatanEngine.HexCoordinate(q: 2, r: 0), CatanEngine.HexCoordinate(q: 2, r: 1), CatanEngine.HexCoordinate(q: 3, r: 0)])), CatanEngine.GameMove.placeInitialSettlement(CatanEngine.VertexID(touchingTiles: [CatanEngine.HexCoordinate(q: 2, r: 0), CatanEngine.HexCoordinate(q: 3, r: -1), CatanEngine.HexCoordinate(q: 3, r: 0)]))]).contains(.placeInitialSettlement(inland) → .placeInitialSettlement(CatanEngine.VertexID(touchingTiles: [CatanEngine.HexCoordinate(q: -2, r: 0), CatanEngine.HexCoordinate(q: -2, r: 1), CatanEngine.HexCoordinate(q: -1, r: 0)])))
✘ Test inlandOpeningIsLegalWithEitherFogSetting(family:fog:) recorded an issue with 2 arguments family → .twinIslands, fog → true at NavalSettlementScopeTests.swift:7:6: Caught error: .illegalPlacement
✘ Test inlandOpeningIsLegalWithEitherFogSetting(family:fog:) recorded an issue with 2 arguments family → .archipelago, fog → true at NavalSettlementScopeTests.swift:7:6: Caught error: .illegalPlacement
✘ Test inlandOpeningIsLegalWithEitherFogSetting(family:fog:) recorded an issue with 2 arguments family → .twinIslands, fog → false at NavalSettlementScopeTests.swift:7:6: Caught error: .illegalPlacement
✘ Test inlandOpeningIsLegalWithEitherFogSetting(family:fog:) recorded an issue with 2 arguments family → .archipelago, fog → false at NavalSettlementScopeTests.swift:7:6: Caught error: .illegalPlacement
✔ Test inlandPaidSettlementRequiresOwnRoadAndShipDoesNotSubstitute() passed after 0.293 seconds.
✘ Test inlandOpeningIsLegalWithEitherFogSetting(family:fog:) recorded an issue with 2 arguments family → .peninsula, fog → true at NavalSettlementScopeTests.swift:17:13: Expectation failed: (RulesEngine.legalMoves(for: state) → [CatanEngine.GameMove.placeInitialSettlement(CatanEngine.VertexID(touchingTiles: [CatanEngine.HexCoordinate(q: -3, r: 0), CatanEngine.HexCoordinate(q: -3, r: 1), CatanEngine.HexCoordinate(q: -2, r: 0)])), CatanEngine.GameMove.placeInitialSettlement(CatanEngine.VertexID(touchingTiles: [CatanEngine.HexCoordinate(q: -3, r: 0), CatanEngine.HexCoordinate(q: -2, r: -1), CatanEngine.HexCoordinate(q: -2, r: 0)])), CatanEngine.GameMove.placeInitialSettlement(CatanEngine.VertexID(touchingTiles: [CatanEngine.HexCoordinate(q: -3, r: 1), CatanEngine.HexCoordinate(q: -3, r: 2), CatanEngine.HexCoordinate(q: -2, r: 1)])), CatanEngine.GameMove.placeInitialSettlement(CatanEngine.VertexID(touchingTiles: [CatanEngine.HexCoordinate(q: -3, r: 1), CatanEngine.HexCoordinate(q: -2, r: 0), CatanEngine.HexCoordinate(q: -2, r: 1)])), CatanEngine.GameMove.placeInitialSettlement(CatanEngine.VertexID(touchingTiles: [CatanEngine.HexCoordinate(q: -3, r: 2), CatanEngine.HexCoordinate(q: -3, r: 3), CatanEngine.HexCoordinate(q: -2, r: 2)])), CatanEngine.GameMove.placeInitialSettlement(CatanEngine.VertexID(touchingTiles: [CatanEngine.HexCoordinate(q: -3, r: 2), CatanEngine.HexCoordinate(q: -2, r: 1), CatanEngine.HexCoordinate(q: -2, r: 2)])), CatanEngine.GameMove.placeInitialSettlement(CatanEngine.VertexID(touchingTiles: [CatanEngine.HexCoordinate(q: -3, r: 3), CatanEngine.HexCoordinate(q: -2, r: 2), CatanEngine.HexCoordinate(q: -2, r: 3)])), CatanEngine.GameMove.placeInitialSettlement(CatanEngine.VertexID(touchingTiles: [CatanEngine.HexCoordinate(q: -2, r: -1), CatanEngine.HexCoordinate(q: -2, r: 0), CatanEngine.HexCoordinate(q: -1, r: -1)])), CatanEngine.GameMove.placeInitialSettlement(CatanEngine.VertexID(touchingTiles: [CatanEngine.HexCoordinate(q: -2, r: -1), CatanEngine.HexCoordinate(q: -1, r: -2), CatanEngine.HexCoordinate(q: -1, r: -1)])), CatanEngine.GameMove.placeInitialSettlement(CatanEngine.VertexID(touchingTiles: [CatanEngine.HexCoordinate(q: -2, r: 2), CatanEngine.HexCoordinate(q: -2, r: 3), CatanEngine.HexCoordinate(q: -1, r: 2)])), CatanEngine.GameMove.placeInitialSettlement(CatanEngine.VertexID(touchingTiles: [CatanEngine.HexCoordinate(q: -2, r: 3), CatanEngine.HexCoordinate(q: -1, r: 2), CatanEngine.HexCoordinate(q: -1, r: 3)])), CatanEngine.GameMove.placeInitialSettlement(CatanEngine.VertexID(touchingTiles: [CatanEngine.HexCoordinate(q: -1, r: -2), CatanEngine.HexCoordinate(q: -1, r: -1), CatanEngine.HexCoordinate(q: 0, r: -2)])), CatanEngine.GameMove.placeInitialSettlement(CatanEngine.VertexID(touchingTiles: [CatanEngine.HexCoordinate(q: -1, r: -2), CatanEngine.HexCoordinate(q: 0, r: -3), CatanEngine.HexCoordinate(q: 0, r: -2)])), CatanEngine.GameMove.placeInitialSettlement(CatanEngine.VertexID(touchingTiles: [CatanEngine.HexCoordinate(q: -1, r: 2), CatanEngine.HexCoordinate(q: -1, r: 3), CatanEngine.HexCoordinate(q: 0, r: 2)])), CatanEngine.GameMove.placeInitialSettlement(CatanEngine.VertexID(touchingTiles: [CatanEngine.HexCoordinate(q: -1, r: 3), CatanEngine.HexCoordinate(q: 0, r: 2), CatanEngine.HexCoordinate(q: 0, r: 3)])), CatanEngine.GameMove.placeInitialSettlement(CatanEngine.VertexID(touchingTiles: [CatanEngine.HexCoordinate(q: 0, r: -3), CatanEngine.HexCoordinate(q: 0, r: -2), CatanEngine.HexCoordinate(q: 1, r: -3)])), CatanEngine.GameMove.placeInitialSettlement(CatanEngine.VertexID(touchingTiles: [CatanEngine.HexCoordinate(q: 0, r: -2), CatanEngine.HexCoordinate(q: 1, r: -3), CatanEngine.HexCoordinate(q: 1, r: -2)])), CatanEngine.GameMove.placeInitialSettlement(CatanEngine.VertexID(touchingTiles: [CatanEngine.HexCoordinate(q: 0, r: 2), CatanEngine.HexCoordinate(q: 0, r: 3), CatanEngine.HexCoordinate(q: 1, r: 2)])), CatanEngine.GameMove.placeInitialSettlement(CatanEngine.VertexID(touchingTiles: [CatanEngine.HexCoordinate(q: 0, r: 2), CatanEngine.HexCoordinate(q: 1, r: 1), CatanEngine.HexCoordinate(q: 1, r: 2)])), CatanEngine.GameMove.placeInitialSettlement(CatanEngine.VertexID(touchingTiles: [CatanEngine.HexCoordinate(q: 1, r: -3), CatanEngine.HexCoordinate(q: 1, r: -2), CatanEngine.HexCoordinate(q: 2, r: -3)])), CatanEngine.GameMove.placeInitialSettlement(CatanEngine.VertexID(touchingTiles: [CatanEngine.HexCoordinate(q: 1, r: -2), CatanEngine.HexCoordinate(q: 2, r: -3), CatanEngine.HexCoordinate(q: 2, r: -2)])), CatanEngine.GameMove.placeInitialSettlement(CatanEngine.VertexID(touchingTiles: [CatanEngine.HexCoordinate(q: 1, r: 1), CatanEngine.HexCoordinate(q: 1, r: 2), CatanEngine.HexCoordinate(q: 2, r: 1)])), CatanEngine.GameMove.placeInitialSettlement(CatanEngine.VertexID(touchingTiles: [CatanEngine.HexCoordinate(q: 1, r: 1), CatanEngine.HexCoordinate(q: 2, r: 0), CatanEngine.HexCoordinate(q: 2, r: 1)])), CatanEngine.GameMove.placeInitialSettlement(CatanEngine.VertexID(touchingTiles: [CatanEngine.HexCoordinate(q: 2, r: -3), CatanEngine.HexCoordinate(q: 2, r: -2), CatanEngine.HexCoordinate(q: 3, r: -3)])), CatanEngine.GameMove.placeInitialSettlement(CatanEngine.VertexID(touchingTiles: [CatanEngine.HexCoordinate(q: 2, r: -2), CatanEngine.HexCoordinate(q: 2, r: -1), CatanEngine.HexCoordinate(q: 3, r: -2)])), CatanEngine.GameMove.placeInitialSettlement(CatanEngine.VertexID(touchingTiles: [CatanEngine.HexCoordinate(q: 2, r: -2), CatanEngine.HexCoordinate(q: 3, r: -3), CatanEngine.HexCoordinate(q: 3, r: -2)])), CatanEngine.GameMove.placeInitialSettlement(CatanEngine.VertexID(touchingTiles: [CatanEngine.HexCoordinate(q: 2, r: -1), CatanEngine.HexCoordinate(q: 2, r: 0), CatanEngine.HexCoordinate(q: 3, r: -1)])), CatanEngine.GameMove.placeInitialSettlement(CatanEngine.VertexID(touchingTiles: [CatanEngine.HexCoordinate(q: 2, r: -1), CatanEngine.HexCoordinate(q: 3, r: -2), CatanEngine.HexCoordinate(q: 3, r: -1)])), CatanEngine.GameMove.placeInitialSettlement(CatanEngine.VertexID(touchingTiles: [CatanEngine.HexCoordinate(q: 2, r: 0), CatanEngine.HexCoordinate(q: 2, r: 1), CatanEngine.HexCoordinate(q: 3, r: 0)])), CatanEngine.GameMove.placeInitialSettlement(CatanEngine.VertexID(touchingTiles: [CatanEngine.HexCoordinate(q: 2, r: 0), CatanEngine.HexCoordinate(q: 3, r: -1), CatanEngine.HexCoordinate(q: 3, r: 0)]))]).contains(.placeInitialSettlement(inland) → .placeInitialSettlement(CatanEngine.VertexID(touchingTiles: [CatanEngine.HexCoordinate(q: -2, r: 0), CatanEngine.HexCoordinate(q: -2, r: 1), CatanEngine.HexCoordinate(q: -1, r: 0)])))
✘ Test inlandOpeningIsLegalWithEitherFogSetting(family:fog:) recorded an issue with 2 arguments family → .peninsula, fog → false at NavalSettlementScopeTests.swift:17:13: Expectation failed: (RulesEngine.legalMoves(for: state) → [CatanEngine.GameMove.placeInitialSettlement(CatanEngine.VertexID(touchingTiles: [CatanEngine.HexCoordinate(q: -3, r: 0), CatanEngine.HexCoordinate(q: -3, r: 1), CatanEngine.HexCoordinate(q: -2, r: 0)])), CatanEngine.GameMove.placeInitialSettlement(CatanEngine.VertexID(touchingTiles: [CatanEngine.HexCoordinate(q: -3, r: 0), CatanEngine.HexCoordinate(q: -2, r: -1), CatanEngine.HexCoordinate(q: -2, r: 0)])), CatanEngine.GameMove.placeInitialSettlement(CatanEngine.VertexID(touchingTiles: [CatanEngine.HexCoordinate(q: -3, r: 1), CatanEngine.HexCoordinate(q: -3, r: 2), CatanEngine.HexCoordinate(q: -2, r: 1)])), CatanEngine.GameMove.placeInitialSettlement(CatanEngine.VertexID(touchingTiles: [CatanEngine.HexCoordinate(q: -3, r: 1), CatanEngine.HexCoordinate(q: -2, r: 0), CatanEngine.HexCoordinate(q: -2, r: 1)])), CatanEngine.GameMove.placeInitialSettlement(CatanEngine.VertexID(touchingTiles: [CatanEngine.HexCoordinate(q: -3, r: 2), CatanEngine.HexCoordinate(q: -3, r: 3), CatanEngine.HexCoordinate(q: -2, r: 2)])), CatanEngine.GameMove.placeInitialSettlement(CatanEngine.VertexID(touchingTiles: [CatanEngine.HexCoordinate(q: -3, r: 2), CatanEngine.HexCoordinate(q: -2, r: 1), CatanEngine.HexCoordinate(q: -2, r: 2)])), CatanEngine.GameMove.placeInitialSettlement(CatanEngine.VertexID(touchingTiles: [CatanEngine.HexCoordinate(q: -3, r: 3), CatanEngine.HexCoordinate(q: -2, r: 2), CatanEngine.HexCoordinate(q: -2, r: 3)])), CatanEngine.GameMove.placeInitialSettlement(CatanEngine.VertexID(touchingTiles: [CatanEngine.HexCoordinate(q: -2, r: -1), CatanEngine.HexCoordinate(q: -2, r: 0), CatanEngine.HexCoordinate(q: -1, r: -1)])), CatanEngine.GameMove.placeInitialSettlement(CatanEngine.VertexID(touchingTiles: [CatanEngine.HexCoordinate(q: -2, r: -1), CatanEngine.HexCoordinate(q: -1, r: -2), CatanEngine.HexCoordinate(q: -1, r: -1)])), CatanEngine.GameMove.placeInitialSettlement(CatanEngine.VertexID(touchingTiles: [CatanEngine.HexCoordinate(q: -2, r: 2), CatanEngine.HexCoordinate(q: -2, r: 3), CatanEngine.HexCoordinate(q: -1, r: 2)])), CatanEngine.GameMove.placeInitialSettlement(CatanEngine.VertexID(touchingTiles: [CatanEngine.HexCoordinate(q: -2, r: 3), CatanEngine.HexCoordinate(q: -1, r: 2), CatanEngine.HexCoordinate(q: -1, r: 3)])), CatanEngine.GameMove.placeInitialSettlement(CatanEngine.VertexID(touchingTiles: [CatanEngine.HexCoordinate(q: -1, r: -2), CatanEngine.HexCoordinate(q: -1, r: -1), CatanEngine.HexCoordinate(q: 0, r: -2)])), CatanEngine.GameMove.placeInitialSettlement(CatanEngine.VertexID(touchingTiles: [CatanEngine.HexCoordinate(q: -1, r: -2), CatanEngine.HexCoordinate(q: 0, r: -3), CatanEngine.HexCoordinate(q: 0, r: -2)])), CatanEngine.GameMove.placeInitialSettlement(CatanEngine.VertexID(touchingTiles: [CatanEngine.HexCoordinate(q: -1, r: 2), CatanEngine.HexCoordinate(q: -1, r: 3), CatanEngine.HexCoordinate(q: 0, r: 2)])), CatanEngine.GameMove.placeInitialSettlement(CatanEngine.VertexID(touchingTiles: [CatanEngine.HexCoordinate(q: -1, r: 3), CatanEngine.HexCoordinate(q: 0, r: 2), CatanEngine.HexCoordinate(q: 0, r: 3)])), CatanEngine.GameMove.placeInitialSettlement(CatanEngine.VertexID(touchingTiles: [CatanEngine.HexCoordinate(q: 0, r: -3), CatanEngine.HexCoordinate(q: 0, r: -2), CatanEngine.HexCoordinate(q: 1, r: -3)])), CatanEngine.GameMove.placeInitialSettlement(CatanEngine.VertexID(touchingTiles: [CatanEngine.HexCoordinate(q: 0, r: -2), CatanEngine.HexCoordinate(q: 1, r: -3), CatanEngine.HexCoordinate(q: 1, r: -2)])), CatanEngine.GameMove.placeInitialSettlement(CatanEngine.VertexID(touchingTiles: [CatanEngine.HexCoordinate(q: 0, r: 2), CatanEngine.HexCoordinate(q: 0, r: 3), CatanEngine.HexCoordinate(q: 1, r: 2)])), CatanEngine.GameMove.placeInitialSettlement(CatanEngine.VertexID(touchingTiles: [CatanEngine.HexCoordinate(q: 0, r: 2), CatanEngine.HexCoordinate(q: 1, r: 1), CatanEngine.HexCoordinate(q: 1, r: 2)])), CatanEngine.GameMove.placeInitialSettlement(CatanEngine.VertexID(touchingTiles: [CatanEngine.HexCoordinate(q: 1, r: -3), CatanEngine.HexCoordinate(q: 1, r: -2), CatanEngine.HexCoordinate(q: 2, r: -3)])), CatanEngine.GameMove.placeInitialSettlement(CatanEngine.VertexID(touchingTiles: [CatanEngine.HexCoordinate(q: 1, r: -2), CatanEngine.HexCoordinate(q: 2, r: -3), CatanEngine.HexCoordinate(q: 2, r: -2)])), CatanEngine.GameMove.placeInitialSettlement(CatanEngine.VertexID(touchingTiles: [CatanEngine.HexCoordinate(q: 1, r: 1), CatanEngine.HexCoordinate(q: 1, r: 2), CatanEngine.HexCoordinate(q: 2, r: 1)])), CatanEngine.GameMove.placeInitialSettlement(CatanEngine.VertexID(touchingTiles: [CatanEngine.HexCoordinate(q: 1, r: 1), CatanEngine.HexCoordinate(q: 2, r: 0), CatanEngine.HexCoordinate(q: 2, r: 1)])), CatanEngine.GameMove.placeInitialSettlement(CatanEngine.VertexID(touchingTiles: [CatanEngine.HexCoordinate(q: 2, r: -3), CatanEngine.HexCoordinate(q: 2, r: -2), CatanEngine.HexCoordinate(q: 3, r: -3)])), CatanEngine.GameMove.placeInitialSettlement(CatanEngine.VertexID(touchingTiles: [CatanEngine.HexCoordinate(q: 2, r: -2), CatanEngine.HexCoordinate(q: 2, r: -1), CatanEngine.HexCoordinate(q: 3, r: -2)])), CatanEngine.GameMove.placeInitialSettlement(CatanEngine.VertexID(touchingTiles: [CatanEngine.HexCoordinate(q: 2, r: -2), CatanEngine.HexCoordinate(q: 3, r: -3), CatanEngine.HexCoordinate(q: 3, r: -2)])), CatanEngine.GameMove.placeInitialSettlement(CatanEngine.VertexID(touchingTiles: [CatanEngine.HexCoordinate(q: 2, r: -1), CatanEngine.HexCoordinate(q: 2, r: 0), CatanEngine.HexCoordinate(q: 3, r: -1)])), CatanEngine.GameMove.placeInitialSettlement(CatanEngine.VertexID(touchingTiles: [CatanEngine.HexCoordinate(q: 2, r: -1), CatanEngine.HexCoordinate(q: 3, r: -2), CatanEngine.HexCoordinate(q: 3, r: -1)])), CatanEngine.GameMove.placeInitialSettlement(CatanEngine.VertexID(touchingTiles: [CatanEngine.HexCoordinate(q: 2, r: 0), CatanEngine.HexCoordinate(q: 2, r: 1), CatanEngine.HexCoordinate(q: 3, r: 0)])), CatanEngine.GameMove.placeInitialSettlement(CatanEngine.VertexID(touchingTiles: [CatanEngine.HexCoordinate(q: 2, r: 0), CatanEngine.HexCoordinate(q: 3, r: -1), CatanEngine.HexCoordinate(q: 3, r: 0)]))]).contains(.placeInitialSettlement(inland) → .placeInitialSettlement(CatanEngine.VertexID(touchingTiles: [CatanEngine.HexCoordinate(q: -2, r: 0), CatanEngine.HexCoordinate(q: -2, r: 1), CatanEngine.HexCoordinate(q: -1, r: 0)])))
✘ Test inlandOpeningIsLegalWithEitherFogSetting(family:fog:) recorded an issue with 2 arguments family → .peninsula, fog → true at NavalSettlementScopeTests.swift:7:6: Caught error: .illegalPlacement
✔ Test foundingNeedsAnOwnedShipAtThatExactCoastalCorner() passed after 0.341 seconds.
✘ Test inlandOpeningIsLegalWithEitherFogSetting(family:fog:) recorded an issue with 2 arguments family → .peninsula, fog → false at NavalSettlementScopeTests.swift:7:6: Caught error: .illegalPlacement
✘ Test inlandOpeningIsLegalWithEitherFogSetting(family:fog:) with 6 test cases failed after 0.347 seconds with 12 issues.
✘ Test resumedSetupOffersInlandSitesWithoutChangingSavedVision(version:) recorded an issue with 1 argument version → 2 at NavalSettlementScopeTests.swift:28:6: Caught error: .illegalPlacement
✘ Test resumedSetupOffersInlandSitesWithoutChangingSavedVision(version:) recorded an issue with 1 argument version → 1 at NavalSettlementScopeTests.swift:28:6: Caught error: .illegalPlacement
✘ Test resumedSetupOffersInlandSitesWithoutChangingSavedVision(version:) with 2 test cases failed after 0.382 seconds with 2 issues.
✔ Test setupStillCannotSkipToAnOverseasIslandOrIgnoreDistance() passed after 0.421 seconds.
✘ Suite NavalSettlementScopeTests failed after 0.421 seconds with 14 issues.
✘ Test run with 5 tests in 1 suite failed after 0.421 seconds with 14 issues.
