2026-10-06 20:31:35.498 xcodebuild[70988:1286005] [MT] IDEDistribution: -[IDEDistributionLogging _createLoggingBundleAtPath:]: Created bundle at path "/var/folders/_m/cfbn0s7j7zx3sx1lwv6w4mr80000gn/T/Settlers_2026-10-06_20-31-35.497.xcdistributionlogs".
2026-10-06 20:31:47.226 xcodebuild[70988:1286005] Starting upload
2026-10-06 20:31:48.795 xcodebuild[70988:1286054] Progress 0%: Making copy of ‘Settlers.ipa’…
2026-10-06 20:31:48.795 xcodebuild[70988:1286054] Progress 0%: Making copy of ‘Settlers.ipa’…
2026-10-06 20:31:48.796 xcodebuild[70988:1286054] Progress 0%: Preparing to upload ‘Settlers.ipa’…
2026-10-06 20:31:56.149 xcodebuild[70988:1286007] Progress 0%: Analyzing package…
2026-10-06 20:31:57.481 xcodebuild[70988:1286054] Progress 0%: Sending analysis to App Store Connect…
2026-10-06 20:31:58.919 xcodebuild[70988:1286054] Progress 0%: Waiting for App Store Connect analysis response…
2026-10-06 20:32:00.851 xcodebuild[70988:1286054] Progress 0%: Waiting for App Store Connect analysis response…
2026-10-06 20:32:23.457 xcodebuild[70988:1286007] Progress 0%: Sending SPI analysis to App Store Connect…
2026-10-06 20:32:24.497 xcodebuild[70988:1286007] Progress 0%: Waiting for App Store Connect SPI analysis response…
2026-10-06 20:32:26.323 xcodebuild[70988:1286007] Progress 0%: Waiting for App Store Connect SPI analysis response…
2026-10-06 20:32:47.821 xcodebuild[70988:1286007] Progress 0%: Requesting upload instructions from App Store Connect…
2026-10-06 20:32:49.925 xcodebuild[70988:1286007] Progress 0%: Preparing file for upload to App Store Connect…
2026-10-06 20:32:49.928 xcodebuild[70988:1286007] Progress 0%: Preparing file for upload to App Store Connect…
2026-10-06 20:32:49.928 xcodebuild[70988:1286007] Progress 0%: Uploading to App Store Connect…
2026-10-06 20:32:50.042 xcodebuild[70988:1286007] Progress 21%: Uploading to App Store Connect…
2026-10-06 20:32:50.043 xcodebuild[70988:1286007] Progress 21%: Uploading to App Store Connect…
2026-10-06 20:32:51.219 xcodebuild[70988:1286007] Progress 29%: Uploading to App Store Connect…
2026-10-06 20:32:51.220 xcodebuild[70988:1286007] Progress 29%: Uploading to App Store Connect…
2026-10-06 20:32:51.812 xcodebuild[70988:1286007] Progress 62%: Uploading to App Store Connect…
2026-10-06 20:32:51.812 xcodebuild[70988:1286007] Progress 62%: Uploading to App Store Connect…
2026-10-06 20:32:52.362 xcodebuild[70988:1286007] Progress 96%: Uploading to App Store Connect…
2026-10-06 20:32:52.363 xcodebuild[70988:1286007] Progress 96%: Uploading to App Store Connect…
2026-10-06 20:32:54.137 xcodebuild[70988:1286007] Progress 96%: Completing upload…
2026-10-06 20:32:55.651 xcodebuild[70988:1286007] Progress 96%: Waiting for package to begin processing…
2026-10-06 20:32:56.377 xcodebuild[70988:1286007] Progress 96%: Uploaded package is processing.
2026-10-06 20:32:56.381 xcodebuild[70988:1286007] Progress 96%: Upload succeeded.
Uploaded Settlers
** EXPORT SUCCEEDED **

