2026-10-07 08:59:43.867 xcodebuild[96114:3683608] [MT] IDEDistribution: -[IDEDistributionLogging _createLoggingBundleAtPath:]: Created bundle at path "/var/folders/_m/cfbn0s7j7zx3sx1lwv6w4mr80000gn/T/Settlers_2026-10-07_08-59-43.867.xcdistributionlogs".
2026-10-07 08:59:54.741 xcodebuild[96114:3683608] Starting upload
2026-10-07 08:59:56.262 xcodebuild[96114:3683653] Progress 0%: Making copy of ‘Settlers.ipa’…
2026-10-07 08:59:56.262 xcodebuild[96114:3683653] Progress 0%: Making copy of ‘Settlers.ipa’…
2026-10-07 08:59:56.263 xcodebuild[96114:3683653] Progress 0%: Preparing to upload ‘Settlers.ipa’…
2026-10-07 09:00:00.532 xcodebuild[96114:3683609] Progress 0%: Analyzing package…
2026-10-07 09:00:03.037 xcodebuild[96114:3683609] Progress 0%: Sending analysis to App Store Connect…
2026-10-07 09:00:11.561 xcodebuild[96114:3683653] Progress 0%: Waiting for App Store Connect analysis response…
2026-10-07 09:00:13.494 xcodebuild[96114:3683653] Progress 0%: Waiting for App Store Connect analysis response…
2026-10-07 09:01:25.134 xcodebuild[96114:3683642] Progress 0%: Sending SPI analysis to App Store Connect…
2026-10-07 09:01:26.584 xcodebuild[96114:3687644] Progress 0%: Waiting for App Store Connect SPI analysis response…
2026-10-07 09:01:28.457 xcodebuild[96114:3687644] Progress 0%: Waiting for App Store Connect SPI analysis response…
2026-10-07 09:01:44.691 xcodebuild[96114:3687644] Progress 0%: Requesting upload instructions from App Store Connect…
2026-10-07 09:01:45.802 xcodebuild[96114:3687644] Progress 0%: Preparing file for upload to App Store Connect…
2026-10-07 09:01:45.807 xcodebuild[96114:3687644] Progress 0%: Preparing file for upload to App Store Connect…
2026-10-07 09:01:45.808 xcodebuild[96114:3687644] Progress 0%: Uploading to App Store Connect…
2026-10-07 09:01:45.877 xcodebuild[96114:3687644] Progress 14%: Uploading to App Store Connect…
2026-10-07 09:01:45.877 xcodebuild[96114:3687644] Progress 14%: Uploading to App Store Connect…
2026-10-07 09:01:46.590 xcodebuild[96114:3687644] Progress 20%: Uploading to App Store Connect…
2026-10-07 09:01:46.591 xcodebuild[96114:3687644] Progress 20%: Uploading to App Store Connect…
2026-10-07 09:01:47.383 xcodebuild[96114:3687644] Progress 60%: Uploading to App Store Connect…
2026-10-07 09:01:47.383 xcodebuild[96114:3687644] Progress 60%: Uploading to App Store Connect…
2026-10-07 09:01:47.905 xcodebuild[96114:3687644] Progress 94%: Uploading to App Store Connect…
2026-10-07 09:01:47.906 xcodebuild[96114:3687644] Progress 94%: Uploading to App Store Connect…
2026-10-07 09:01:53.203 xcodebuild[96114:3687644] Progress 94%: Completing upload…
2026-10-07 09:01:54.798 xcodebuild[96114:3687644] Progress 94%: Waiting for package to begin processing…
2026-10-07 09:01:55.123 xcodebuild[96114:3687644] Progress 94%: Uploaded package is processing.
2026-10-07 09:01:55.129 xcodebuild[96114:3687644] Progress 94%: Upload succeeded.
Uploaded Settlers
** EXPORT SUCCEEDED **

