2026-10-07 00:54:52.717 xcodebuild[47457:1873982] [MT] IDEDistribution: -[IDEDistributionLogging _createLoggingBundleAtPath:]: Created bundle at path "/var/folders/_m/cfbn0s7j7zx3sx1lwv6w4mr80000gn/T/Settlers_2026-10-07_00-54-52.717.xcdistributionlogs".
2026-10-07 00:55:05.098 xcodebuild[47457:1873982] Starting upload
2026-10-07 00:55:07.409 xcodebuild[47457:1873995] Progress 0%: Making copy of ‘Settlers.ipa’…
2026-10-07 00:55:07.409 xcodebuild[47457:1873995] Progress 0%: Making copy of ‘Settlers.ipa’…
2026-10-07 00:55:07.409 xcodebuild[47457:1873995] Progress 0%: Preparing to upload ‘Settlers.ipa’…
2026-10-07 00:55:12.281 xcodebuild[47457:1874038] Progress 0%: Analyzing package…
2026-10-07 00:55:14.973 xcodebuild[47457:1873995] Progress 0%: Sending analysis to App Store Connect…
2026-10-07 00:55:17.544 xcodebuild[47457:1873995] Progress 0%: Waiting for App Store Connect analysis response…
2026-10-07 00:55:19.425 xcodebuild[47457:1873995] Progress 0%: Waiting for App Store Connect analysis response…
2026-10-07 00:55:41.501 xcodebuild[47457:1873995] Progress 0%: Sending SPI analysis to App Store Connect…
2026-10-07 00:55:45.143 xcodebuild[47457:1873995] Progress 0%: Waiting for App Store Connect SPI analysis response…
2026-10-07 00:55:47.107 xcodebuild[47457:1873995] Progress 0%: Waiting for App Store Connect SPI analysis response…
2026-10-07 00:56:08.822 xcodebuild[47457:1874001] Progress 0%: Requesting upload instructions from App Store Connect…
2026-10-07 00:56:09.996 xcodebuild[47457:1874001] Progress 0%: Preparing file for upload to App Store Connect…
2026-10-07 00:56:10.001 xcodebuild[47457:1874001] Progress 0%: Preparing file for upload to App Store Connect…
2026-10-07 00:56:10.001 xcodebuild[47457:1874001] Progress 0%: Uploading to App Store Connect…
2026-10-07 00:56:10.115 xcodebuild[47457:1874001] Progress 8%: Uploading to App Store Connect…
2026-10-07 00:56:10.116 xcodebuild[47457:1874001] Progress 8%: Uploading to App Store Connect…
2026-10-07 00:56:10.780 xcodebuild[47457:1874001] Progress 55%: Uploading to App Store Connect…
2026-10-07 00:56:10.780 xcodebuild[47457:1874001] Progress 55%: Uploading to App Store Connect…
2026-10-07 00:56:11.597 xcodebuild[47457:1874001] Progress 67%: Uploading to App Store Connect…
2026-10-07 00:56:11.597 xcodebuild[47457:1874001] Progress 67%: Uploading to App Store Connect…
2026-10-07 00:56:12.436 xcodebuild[47457:1874001] Progress 72%: Uploading to App Store Connect…
2026-10-07 00:56:12.437 xcodebuild[47457:1874001] Progress 72%: Uploading to App Store Connect…
2026-10-07 00:56:14.129 xcodebuild[47457:1874001] Progress 76%: Uploading to App Store Connect…
2026-10-07 00:56:14.131 xcodebuild[47457:1874001] Progress 76%: Uploading to App Store Connect… (About 6 seconds remaining. 940.83KB/s)
2026-10-07 00:56:15.065 xcodebuild[47457:1874001] Progress 84%: Uploading to App Store Connect… (About 6 seconds remaining. 940.83KB/s)
2026-10-07 00:56:15.065 xcodebuild[47457:1874001] Progress 84%: Uploading to App Store Connect… (About 6 seconds remaining. 940.83KB/s)
2026-10-07 00:56:15.983 xcodebuild[47457:1874001] Progress 88%: Uploading to App Store Connect… (About 6 seconds remaining. 940.83KB/s)
2026-10-07 00:56:15.983 xcodebuild[47457:1874001] Progress 88%: Uploading to App Store Connect… (About 6 seconds remaining. 1.32MB/s)
2026-10-07 00:56:16.778 xcodebuild[47457:1874001] Progress 93%: Uploading to App Store Connect… (About 6 seconds remaining. 1.32MB/s)
2026-10-07 00:56:16.779 xcodebuild[47457:1874001] Progress 93%: Uploading to App Store Connect… (About 6 seconds remaining. 1.32MB/s)
2026-10-07 00:56:18.910 xcodebuild[47457:1874001] Progress 96%: Uploading to App Store Connect… (About 6 seconds remaining. 1.32MB/s)
2026-10-07 00:56:18.910 xcodebuild[47457:1874001] Progress 96%: Uploading to App Store Connect… (About 6 seconds remaining. 1.04MB/s)
2026-10-07 00:56:20.628 xcodebuild[47457:1874001] Progress 100%: Uploading to App Store Connect… (About 6 seconds remaining. 1.04MB/s)
2026-10-07 00:56:20.628 xcodebuild[47457:1874001] Progress 100%: Uploading to App Store Connect…
2026-10-07 00:56:30.392 xcodebuild[47457:1874001] Progress 100%: Completing upload…
2026-10-07 00:56:31.970 xcodebuild[47457:1874001] Progress 100%: Waiting for package to begin processing…
2026-10-07 00:56:32.250 xcodebuild[47457:1874001] Progress 100%: Uploaded package is processing.
2026-10-07 00:56:32.253 xcodebuild[47457:1874001] Progress 100%: Upload succeeded.
Uploaded Settlers
** EXPORT SUCCEEDED **

