Linting Swift files in current working directory
Linting 'Conquest.swift' (2/255)
Linting 'Board.swift' (1/255)
Linting 'CatanEngine.swift' (3/255)
Linting 'LongestRoad.swift' (5/255)
Linting 'Building.swift' (6/255)
Linting 'BoardShape.swift' (4/255)
Linting 'seat-server.swift' (7/255)
Linting 'MainPhase.swift' (8/255)
Linting 'DiceOdds.swift' (10/255)
Linting 'Robber.swift' (9/255)
Linting 'Trading.swift' (11/255)
Linting 'DevCards.swift' (12/255)
Linting 'GameSession.swift' (13/255)
Linting 'PublicLedger.swift' (14/255)
Linting 'GameVariant.swift' (15/255)
Linting 'PlayerID.swift' (16/255)
Linting 'Move.swift' (17/255)
Linting 'DevCardType.swift' (18/255)
Linting 'DevCardPlayStatus.swift' (19/255)
Linting 'Port.swift' (20/255)
Linting 'EdgeID.swift' (21/255)
Linting 'GamePhase.swift' (22/255)
Linting 'GameMode.swift' (23/255)
Linting 'VertexID.swift' (24/255)
Linting 'Resource.swift' (25/255)
Linting 'HexCoordinate.swift' (26/255)
Linting 'RandomSource.swift' (27/255)
Linting 'GameState.swift' (28/255)
Linting 'Player.swift' (29/255)
Linting 'Tile.swift' (30/255)
Linting 'GameEvent.swift' (31/255)
Linting 'NavalMapGenerator.swift' (32/255)
Linting 'NavalPorts.swift' (33/255)
Linting 'NavalStateValidation.swift' (34/255)
Linting 'NavalFallback.swift' (35/255)
Linting 'NavalTerrain.swift' (36/255)
Linting 'NavalModels.swift' (37/255)
Linting 'NavalProduction.swift' (38/255)
Linting 'NavalVisibility.swift' (39/255)
Linting 'NavalMapValidation.swift' (40/255)
Linting 'NavalMoves.swift' (41/255)
Linting 'Naval.swift' (42/255)
Linting 'EvaluationProtocol.swift' (44/255)
Linting 'Options.swift' (43/255)
Linting 'Rendering.swift' (45/255)
Linting 'Audit.swift' (46/255)
Linting 'BoardGeneration.swift' (47/255)
Linting 'SetupPhase.swift' (48/255)
Linting 'WinCondition.swift' (49/255)
Linting 'Ruleset.swift' (50/255)
Linting 'RulesEngine.swift' (51/255)
Linting 'Diagnostics.swift' (52/255)
Linting 'audit.swift' (53/255)
Linting 'LogFile.swift' (54/255)
Linting 'Strength.swift' (55/255)
Linting 'BotWeights.swift' (56/255)
Linting 'Selftest.swift' (57/255)
Linting 'CatanAI.swift' (58/255)
Linting 'HeuristicPolicy.swift' (59/255)
Linting 'PlanningContext.swift' (60/255)
Linting 'TradeAssessment.swift' (61/255)
Linting 'JointTradeResponsePolicy.swift' (62/255)
Linting 'PlacementHeuristics.swift' (63/255)
Linting 'TradeRefusingPolicy.swift' (64/255)
Linting 'PolicyBehaviorMetrics.swift' (65/255)
Linting 'TradeReviewContext.swift' (66/255)
Linting 'TradeHeuristics.swift' (67/255)
Linting 'TradeMessages.swift' (68/255)
Linting 'Bot.swift' (69/255)
Linting 'DevCardHeuristics.swift' (70/255)
Linting 'ConquestHeuristics.swift' (71/255)
Linting 'BuildPlanner.swift' (72/255)
Linting 'ThreatAssessment.swift' (73/255)
Linting 'RobberHeuristics.swift' (74/255)
Linting 'GreedyPolicy.swift' (75/255)
Linting 'BotPersonality.swift' (76/255)
Linting 'ProductionModel.swift' (77/255)
Linting 'PlannerTradeEvaluator.swift' (78/255)
Linting 'DecisionRecord.swift' (79/255)
Linting 'PersonModel.swift' (80/255)
Linting 'PersonFitter.swift' (81/255)
Linting 'GhostProfile.swift' (82/255)
Linting 'SeatStats.swift' (83/255)
Linting 'CandidateScoring.swift' (84/255)
Linting 'GhostPolicy.swift' (85/255)
Linting 'StyleFeatures.swift' (86/255)
Linting 'DecisionExtractor.swift' (87/255)
Linting 'NavalLandControl.swift' (88/255)
Linting 'NavalEconomy.swift' (89/255)
Linting 'NavalTrading.swift' (90/255)
Linting 'NavalCards.swift' (91/255)
Linting 'NavalDecisionContext.swift' (92/255)
Linting 'NavalNavigation.swift' (93/255)
Linting 'NavalNavigationDiagnostics.swift' (94/255)
Linting 'NavalPolicy.swift' (95/255)
Linting 'TradeCascade.swift' (96/255)
Linting 'HandDiscipline.swift' (97/255)
Linting 'EvaluationPolicy.swift' (98/255)
Linting 'PositionEvaluator.swift' (99/255)
Linting 'TradeValuation.swift' (100/255)
Linting 'EvaluationWeights.swift' (101/255)
Linting 'ExpertRevision.swift' (102/255)
Linting 'BoardIndex.swift' (103/255)
Linting 'EvaluationProjections.swift' (104/255)
Linting 'SettlersApp.swift' (105/255)
Linting 'QALaunchFlag.swift' (106/255)
Linting 'ContentView.swift' (107/255)
Linting 'GameViewModel+OpponentProfiles.swift' (108/255)
Linting 'GameViewModel+Checkpoints.swift' (109/255)
Linting 'GameViewModel+BoardDecision.swift' (110/255)
Linting 'GameViewModel+Recovery.swift' (111/255)
Linting 'GameViewModel+Conquest.swift' (112/255)
Linting 'GameViewModel+Ghosts.swift' (113/255)
Linting 'GameViewModel+BotPacing.swift' (114/255)
Linting 'BoardDecisionCoordinator.swift' (115/255)
Linting 'GameViewModel+Policies.swift' (116/255)
Linting 'TradePresentationState.swift' (117/255)
Linting 'GameViewModel+GameOver.swift' (118/255)
Linting 'DevelopmentCardPresentationState.swift' (119/255)
Linting 'MatchPersistenceTransaction.swift' (120/255)
Linting 'GhostTrainer.swift' (121/255)
Linting 'DiscardPresentationState.swift' (122/255)
Linting 'GameViewModel.swift' (123/255)
Linting 'GameReplayNarrator.swift' (124/255)
Linting 'OpponentProfile.swift' (126/255)
Linting 'Leaderboard.swift' (125/255)
Linting 'GameReplayTimeline.swift' (127/255)
Linting 'Elo.swift' (128/255)
Linting 'BotDifficulty.swift' (129/255)
Linting 'ResourceProductionFeedback.swift' (130/255)
Linting 'GameplayFeedback.swift' (131/255)
Linting 'VictoryPointBreakdown.swift' (132/255)
Linting 'GameView+QA.swift' (133/255)
Linting 'GameViewModel+QACompleteMatch.swift' (134/255)
Linting 'UITestBootstrap.swift' (135/255)
Linting 'AccessibilityID.swift' (136/255)
Linting 'GameViewModel+QANaval.swift' (137/255)
Linting 'GameViewModel+QAConquest.swift' (138/255)
Linting 'GameViewModel+QAFeedback.swift' (139/255)
Linting 'GameViewModel+QADiscard.swift' (140/255)
Linting 'GameViewModel+QADevCards.swift' (141/255)
Linting 'NavalQAFixture.swift' (142/255)
Linting 'CheckpointProcessProbe.swift' (143/255)
Linting 'GameViewModel+QAVast.swift' (144/255)
Linting 'GameViewModel+QAProduction.swift' (145/255)
Linting 'QAGameHistoryFixture.swift' (146/255)
Linting 'Civilization.swift' (147/255)
Linting 'GameViewModel+QABoardDecision.swift' (148/255)
Linting 'GameViewModel+QATrade.swift' (149/255)
Linting 'CatanTheme.swift' (150/255)
Linting 'PlayerIdentity.swift' (151/255)
Linting 'DevCardStyle.swift' (152/255)
Linting 'PlayerNameStore.swift' (153/255)
Linting 'SavedGameAvailability.swift' (154/255)
Linting 'CivilizationSettingsStore.swift' (155/255)
Linting 'PacingPreferences.swift' (156/255)
Linting 'RatingStore.swift' (157/255)
Linting 'SeatStatsStore.swift' (158/255)
Linting 'GameStatsStore.swift' (159/255)
Linting 'MatchSetup.swift' (160/255)
Linting 'MatchCheckpointMigration.swift' (161/255)
Linting 'PlayerDirectory.swift' (162/255)
Linting 'MatchCheckpointStore.swift' (163/255)
Linting 'GameStore.swift' (164/255)
Linting 'GameLogStore.swift' (165/255)
Linting 'CivilizationAssignmentStore.swift' (166/255)
Linting 'HumanSeatStore.swift' (167/255)
Linting 'GhostStore.swift' (168/255)
Linting 'SharedMatch.swift' (169/255)
Linting 'CloudBackend.swift' (170/255)
Linting 'LiveSync.swift' (171/255)
Linting 'CloudKitBackend.swift' (172/255)
Linting 'CivilizationPickerPopup.swift' (173/255)
Linting 'DevCardPopupView.swift' (174/255)
Linting 'GameView.swift' (175/255)
Linting 'BoardChips.swift' (176/255)
Linting 'MainMenuView.swift' (177/255)
Linting 'PaintedChromeBackground.swift' (178/255)
Linting 'PlayerHUDView.swift' (179/255)
Linting 'DiscardPopupView.swift' (180/255)
Linting 'LadderNameEntry.swift' (181/255)
Linting 'TradePopupView.swift' (182/255)
Linting 'CornerAccent.swift' (183/255)
Linting 'NavalSetupOptionsView.swift' (184/255)
Linting 'RadarChartView.swift' (185/255)
Linting 'BuildPopupView.swift' (186/255)
Linting 'GhostPickerPopup.swift' (187/255)
Linting 'LeaderboardView.swift' (188/255)
Linting 'NavalResourceChoiceView.swift' (189/255)
Linting 'TradeReceiptView.swift' (190/255)
Linting 'BottomSafeInsetKey.swift' (191/255)
Linting 'GameViewLayoutSupport.swift' (192/255)
Linting 'SettingsChrome.swift' (193/255)
Linting 'EndGameView.swift' (194/255)
Linting 'RatedEntityDetailView.swift' (195/255)
Linting 'ResourceProductionFeedbackView.swift' (196/255)
Linting 'GameActionPanels.swift' (197/255)
Linting 'ArmyHandViews.swift' (198/255)
Linting 'TopChipHeightKey.swift' (199/255)
Linting 'IncomingTradeCardView.swift' (200/255)
Linting 'SeatCardView.swift' (201/255)
Linting 'ResourceChip.swift' (202/255)
Linting 'HowToPlayIllustration.swift' (203/255)
Linting 'NewGameSetupView.swift' (204/255)
Linting 'HowToPlayView.swift' (205/255)
Linting 'GameReplayView.swift' (206/255)
Linting 'GoldRowButton.swift' (207/255)
Linting 'SeatNumberPickerPopup.swift' (208/255)
Linting 'GameplayFeedbackView.swift' (209/255)
Linting 'InGameSettingsView.swift' (210/255)
Linting 'HowToPlayContent.swift' (211/255)
Linting 'ArmyPurchasePopupView.swift' (212/255)
Linting 'GameHistoryView.swift' (213/255)
Linting 'UniformActionButton.swift' (214/255)
Linting 'NavalArtwork.swift' (215/255)
Linting 'BoardView.swift' (216/255)
Linting 'CivilizationPieceShapes.swift' (217/255)
Linting 'BoardDecisionBoardChrome.swift' (218/255)
Linting 'BoardViewCamera.swift' (219/255)
Linting 'BoardViewNaval.swift' (221/255)
Linting 'TileView.swift' (220/255)
Linting 'BoardDecisionInteractionLayer.swift' (222/255)
Linting 'CivilizationBadge.swift' (223/255)
Linting 'BoardCamera.swift' (224/255)
Linting 'HexGeometry.swift' (225/255)
Linting 'NavalBoardInteractions.swift' (226/255)
Linting 'BoardInspectionSemantics.swift' (227/255)
Linting 'HowToPlayFlowTests.swift' (228/255)
Linting 'GameplayFeedbackFlowTests.swift' (229/255)
Linting 'BoardCameraFlowTests.swift' (230/255)
Linting 'DiscardFlowTests.swift' (231/255)
Linting 'InGameSettingsFlowTests.swift' (232/255)
Linting 'NavalReplayRenderingTests.swift' (233/255)
Linting 'MainMenuFlowTests.swift' (234/255)
Linting 'NewGameKeyboardInvarianceTests.swift' (235/255)
Linting 'NewGameModeFlowTests.swift' (236/255)
Linting 'ConquestFlowTests.swift' (237/255)
Linting 'PlayerNameMemoryFlowTests.swift' (238/255)
Linting 'BankTradeFlowTests.swift' (239/255)
Linting 'GameHistoryFlowTests.swift' (240/255)
Linting 'Packages/CatanEngine/Package.swift' (241/255)
Linting 'Packages/CatanAI/Package.swift' (242/255)
Linting 'Packages/CatanAI/Sources/trade-bench/main.swift' (243/255)
Linting 'BoardViewportInvarianceTests.swift' (244/255)
Linting 'DevelopmentCardFlowTests.swift' (245/255)
Linting 'SaveRecoveryFlowTests.swift' (246/255)
Linting 'NavalFlowTests.swift' (247/255)
Linting 'ResourceProductionFlowTests.swift' (248/255)
Linting 'GhostOpponentFlowTests.swift' (249/255)
Linting 'BelowBoardInvarianceTests.swift' (250/255)
Linting 'GameplayBoundaryFlowTests.swift' (251/255)
Linting 'Packages/CatanAI/Sources/arena/main.swift' (252/255)
Linting 'Packages/CatanAI/Sources/sim/main.swift' (253/255)
Linting 'Packages/CatanAI/Sources/ghost/main.swift' (254/255)
Linting 'Packages/CatanAI/Sources/naval-sim/main.swift' (255/255)
Linting 'GameReplayTimelineTests.swift' (1/149)
Linting 'NewGameEndToEndTests.swift' (2/149)
Linting 'GhostSeatTests.swift' (3/149)
Linting 'CloudKitBackendTests.swift' (5/149)
Linting 'MatchCheckpointStoreTests.swift' (4/149)
Linting 'DiscardDraftTests.swift' (6/149)
Linting 'GameplayFeedbackLayoutTests.swift' (7/149)
Linting 'GameOverActionsTests.swift' (8/149)
Linting 'VictoryPointBreakdownTests.swift' (9/149)
Linting 'MatchSetupGhostTests.swift' (10/149)
Linting 'CivilizationMappingTests.swift' (11/149)
Linting 'ResourceProductionFeedbackTests.swift' (12/149)
Linting 'TradeReceiptTests.swift' (13/149)
Linting 'BoardDecisionCoordinatorTests.swift' (14/149)
Linting 'BoardFitTests.swift' (15/149)
Linting 'LeaderboardTests.swift' (17/149)
Linting 'IncrementalCheckpointValidationTests.swift' (16/149)
Linting 'CheckpointLifecycleTests.swift' (18/149)
Linting 'ExpertArchiveRevisionTests.swift' (19/149)
Linting 'PersistenceTests.swift' (20/149)
Linting 'LiveSyncRenameDetailTests.swift' (21/149)
Linting 'RobberConfirmationTests.swift' (22/149)
Linting 'BoardLayeringTests.swift' (23/149)
Linting 'BotDifficultyTests.swift' (24/149)
Linting 'GameplayFeedbackCommitTests.swift' (25/149)
Linting 'BoardCameraTests.swift' (26/149)
Linting 'AppSettingsTests.swift' (27/149)
Linting 'NavalMatchFlowTests.swift' (28/149)
Linting 'GhostTrainingQueueTests.swift' (29/149)
Linting 'GhostTrainerTests.swift' (30/149)
Linting 'OpponentProfileTests.swift' (31/149)
Linting 'NewGameSetupTests.swift' (32/149)
Linting 'CompleteMatchTests.swift' (33/149)
Linting 'GhostStoreTests.swift' (34/149)
Linting 'BoardDecisionViewModelTests.swift' (35/149)
Linting 'NavalHistoryIntegrityTests.swift' (36/149)
Linting 'GameInteractionPriorityTests.swift' (37/149)
Linting 'CheckpointMigrationTests.swift' (38/149)
Linting 'GameLogStoreTests.swift' (39/149)
Linting 'EloTests.swift' (40/149)
Linting 'GameViewModelCheckpointTests.swift' (41/149)
Linting 'ArmyUITests.swift' (42/149)
Linting 'IncomingOfferHoldTests.swift' (43/149)
Linting 'RatingStoreTests.swift' (44/149)
Linting 'PacingPreferencesTests.swift' (45/149)
Linting 'OpponentProfileIntegrationTests.swift' (46/149)
Linting 'NavalBoardGeometryTests.swift' (47/149)
Linting 'PreMergeAuditRegressionTests.swift' (48/149)
Linting 'LiveSyncTests.swift' (49/149)
Linting 'GameplayFeedbackTests.swift' (50/149)
Linting 'DevelopmentCardJourneyTests.swift' (51/149)
Linting 'CheckpointExportTests.swift' (52/149)
Linting 'SaveRecoveryTests.swift' (53/149)
Linting 'RobberTests.swift' (55/149)
Linting 'TradeOfferIDTests.swift' (54/149)
Linting 'LongestRoadTests.swift' (56/149)
Linting 'MatchConfigurationTests.swift' (57/149)
Linting 'NavalTestSupport.swift' (58/149)
Linting 'DiceOddsTests.swift' (59/149)
Linting 'BankTradeResourceRuleTests.swift' (60/149)
Linting 'GameSetupTests.swift' (61/149)
Linting 'NavalOpeningTests.swift' (62/149)
Linting 'LongestRoadEquivalenceTests.swift' (63/149)
Linting 'DevCardTests.swift' (64/149)
Linting 'ExternalActionCheckpointTests.swift' (65/149)
Linting 'NavalTradeCheckpointTests.swift' (66/149)
Linting 'NavalObservationTests.swift' (67/149)
Linting 'RulesetRoutingTests.swift' (69/149)
Linting 'GameSessionTests.swift' (68/149)
Linting 'ConquestProductionTests.swift' (70/149)
Linting 'NavalSaveTests.swift' (71/149)
Linting 'SettlersTests/ConquestSetupTests.swift' (72/149)
Linting 'TradeDraftConstraintTests.swift' (73/149)
Linting 'DeterminismTests.swift' (74/149)
Linting 'BoardGenerationTests.swift' (75/149)
Linting 'NavalMapTests.swift' (76/149)
Linting 'PublicLedgerCheckpointTests.swift' (77/149)
Linting 'SessionCheckpointTests.swift' (78/149)
Linting 'TradingTests.swift' (79/149)
Linting 'ComposedProposalTests.swift' (80/149)
Linting 'PieceSupplyTests.swift' (81/149)
Linting 'BankTradeValidationTests.swift' (82/149)
Linting 'SettlersTests/ExpertRevisionTests.swift' (83/149)
Linting 'RulesetTests.swift' (84/149)
Linting 'NavalGameplayTests.swift' (85/149)
Linting 'NavalProductionValidationTests.swift' (86/149)
Linting 'SetupPhaseTests.swift' (87/149)
Linting 'BuildingTests.swift' (88/149)
Linting 'PublicLedgerTests.swift' (89/149)
Linting 'ResourceProductionTests.swift' (90/149)
Linting 'CatanEngineTests.swift' (91/149)
Linting 'SessionCheckpointValidationTests.swift' (92/149)
Linting 'WinConditionTests.swift' (93/149)
Linting 'SaveCompatibilityTests.swift' (94/149)
Linting 'VastBoardTests.swift' (95/149)
Linting 'RulesVersionReplayTests.swift' (96/149)
Linting 'ConquestMoveTests.swift' (97/149)
Linting 'NavalDeterminismTests.swift' (98/149)
Linting 'FullGameSimulationTests.swift' (99/149)
Linting 'GameEventTests.swift' (100/149)
Linting 'NavalProductionTests.swift' (101/149)
Linting 'GamePhaseTests.swift' (102/149)
Linting 'ResourceCountAgnosticTests.swift' (103/149)
Linting 'DevCardHeuristicsTests.swift' (104/149)
Linting 'PlannerTradeTests.swift' (105/149)
Linting 'EvaluationBankTradeTests.swift' (106/149)
Linting 'HandDisciplineTests.swift' (107/149)
Linting 'NavalPolicyTests.swift' (108/149)
Linting 'FullBotGameSimulationTests.swift' (109/149)
Linting 'CatanAITests.swift' (110/149)
Linting 'EvaluationPolicyTests.swift' (111/149)
Linting 'TradeContributionTests.swift' (112/149)
Linting 'NavalMixedSessionTests.swift' (113/149)
Linting 'TradeAccountingBoundaryTests.swift' (114/149)
Linting 'BotLegalityTests.swift' (115/149)
Linting 'GhostDecisionExtractorTests.swift' (116/149)
Linting 'GhostCandidateScoringTests.swift' (117/149)
Linting 'NavalNavigationDiagnosticsTests.swift' (118/149)
Linting 'GhostSeatStatsTests.swift' (119/149)
Linting 'EvaluationTradeRepeatTests.swift' (120/149)
Linting 'GhostProfileTests.swift' (121/149)
Linting 'TradeMessagesTests.swift' (122/149)
Linting 'PolicyTests.swift' (123/149)
Linting 'TradeCascadeTests.swift' (124/149)
Linting 'TradeAssessmentTests.swift' (125/149)
Linting 'ConfigurationMatrixGameplayTests.swift' (126/149)
Linting 'ThreatAssessmentTests.swift' (127/149)
Linting 'TradeHeuristicsTests.swift' (128/149)
Linting 'PositionEvaluatorTests.swift' (129/149)
Linting 'TradeReviewContextTests.swift' (130/149)
Linting 'DiscardRaceRegressionTests.swift' (131/149)
Linting 'EvaluationTradeGainTests.swift' (132/149)
Linting 'EvaluationCounterpartyTests.swift' (133/149)
Linting 'GhostPolicyTests.swift' (134/149)
Linting 'JointTradeResponsePolicyTests.swift' (135/149)
Linting 'SeededGameFingerprintTests.swift' (136/149)
Linting 'ConquestExpertTests.swift' (137/149)
Linting 'TradeRefusingPolicyTests.swift' (138/149)
Linting 'PolicyBehaviorMetricsTests.swift' (139/149)
Linting 'GhostStyleFeaturesTests.swift' (140/149)
Linting 'BuildPlannerTests.swift' (141/149)
Linting 'RobberHeuristicsTests.swift' (142/149)
Linting 'OpeningPlacements.swift' (143/149)
Linting 'ThreeSeatGameTests.swift' (144/149)
Linting 'PlacementHeuristicsTests.swift' (145/149)
Linting 'ConquestBotTests.swift' (146/149)
Linting 'GhostPersonModelTests.swift' (147/149)
Linting 'Packages/CatanEngine/Tests/CatanEngineTests/ConquestSetupTests.swift' (148/149)
Linting 'Packages/CatanAI/Tests/CatanAITests/ExpertRevisionTests.swift' (149/149)
Done linting! Found 0 violations, 0 serious in 404 files.
